Archive member included because of file (symbol)

/home/chandra/msp430/lib/gcc/msp430/4.7.0/mmpy-16/libgcc.a(_mulsi3.o)
                              build/sky/obj/cfs-coffee.o (__mulsi3)
/home/chandra/msp430/lib/gcc/msp430/4.7.0/mmpy-16/libgcc.a(_udivmod16.o)
                              build/sky/obj/cfs-coffee.o (__udivhi3)
/home/chandra/msp430/lib/gcc/msp430/4.7.0/mmpy-16/libgcc.a(_divmod16.o)
                              build/sky/obj/link-stats.o (__divhi3)
/home/chandra/msp430/lib/gcc/msp430/4.7.0/mmpy-16/libgcc.a(_udivmod32.o)
                              build/sky/obj/ifft.o (__udivsi3)
/home/chandra/msp430/lib/gcc/msp430/4.7.0/mmpy-16/libgcc.a(_divmod32.o)
                              build/sky/obj/cfs-coffee.o (__divsi3)
/home/chandra/msp430/lib/gcc/msp430/4.7.0/../../../../msp430/lib/mmpy-16/libc.a(printf.o)
                              build/sky/obj/assert.o (printf)
/home/chandra/msp430/lib/gcc/msp430/4.7.0/../../../../msp430/lib/mmpy-16/libc.a(sprintf.o)
                              build/sky/obj/log.o (snprintf)
/home/chandra/msp430/lib/gcc/msp430/4.7.0/../../../../msp430/lib/mmpy-16/libc.a(vuprintf.o)
                              /home/chandra/msp430/lib/gcc/msp430/4.7.0/../../../../msp430/lib/mmpy-16/libc.a(printf.o) (vuprintf)
/home/chandra/msp430/lib/gcc/msp430/4.7.0/../../../../msp430/lib/mmpy-16/libc.a(puts.o)
                              build/sky/obj/assert.o (puts)
/home/chandra/msp430/lib/gcc/msp430/4.7.0/../../../../msp430/lib/mmpy-16/libc.a(rand.o)
                              build/sky/obj/random.o (rand)
/home/chandra/msp430/lib/gcc/msp430/4.7.0/../../../../msp430/lib/mmpy-16/libc.a(strcmp.o)
                              build/sky/obj/cfs-coffee.o (strcmp)
/home/chandra/msp430/lib/gcc/msp430/4.7.0/../../../../msp430/lib/mmpy-16/libc.a(strncmp.o)
                              build/sky/obj/sensors.o (strncmp)
/home/chandra/msp430/lib/gcc/msp430/4.7.0/../../../../msp430/lib/mmpy-16/libc.a(memcmp.o)
                              build/sky/obj/ids-monitor.o (memcmp)
/home/chandra/msp430/lib/gcc/msp430/4.7.0/../../../../msp430/lib/mmpy-16/libc.a(strncpy.o)
                              build/sky/obj/cfs-coffee.o (strncpy)
/home/chandra/msp430/lib/gcc/msp430/4.7.0/../../../../msp430/lib/mmpy-16/libc.a(memcpy.o)
                              build/sky/obj/aes-128.o (memcpy)
/home/chandra/msp430/lib/gcc/msp430/4.7.0/../../../../msp430/lib/mmpy-16/libc.a(memmove.o)
                              build/sky/obj/rpl-ext-header.o (memmove)
/home/chandra/msp430/lib/gcc/msp430/4.7.0/../../../../msp430/lib/mmpy-16/libc.a(memset.o)
                              build/sky/obj/cfs-coffee.o (memset)
/home/chandra/msp430/lib/gcc/msp430/4.7.0/mmpy-16/libgcc.a(_udivmod64.o)
                              /home/chandra/msp430/lib/gcc/msp430/4.7.0/../../../../msp430/lib/mmpy-16/libc.a(vuprintf.o) (__udivdi3)
/home/chandra/msp430/lib/gcc/msp430/4.7.0/mmpy-16/libcrt0.a(_reset_vector__.o)
                              (_reset_vector__)
/home/chandra/msp430/lib/gcc/msp430/4.7.0/mmpy-16/libcrt0.a(__watchdog_support.o)
                              /home/chandra/msp430/lib/gcc/msp430/4.7.0/mmpy-16/libcrt0.a(_reset_vector__.o) (__watchdog_support)
/home/chandra/msp430/lib/gcc/msp430/4.7.0/mmpy-16/libcrt0.a(__init_stack.o)
                              /home/chandra/msp430/lib/gcc/msp430/4.7.0/mmpy-16/libcrt0.a(_reset_vector__.o) (__init_stack)
/home/chandra/msp430/lib/gcc/msp430/4.7.0/mmpy-16/libcrt0.a(__low_level_init.o)
                              /home/chandra/msp430/lib/gcc/msp430/4.7.0/mmpy-16/libcrt0.a(_reset_vector__.o) (__low_level_init)
/home/chandra/msp430/lib/gcc/msp430/4.7.0/mmpy-16/libcrt0.a(_copy_data.o)
                              /home/chandra/msp430/lib/gcc/msp430/4.7.0/mmpy-16/libcrt0.a(_reset_vector__.o) (__do_copy_data)
/home/chandra/msp430/lib/gcc/msp430/4.7.0/mmpy-16/libcrt0.a(_clear_bss.o)
                              /home/chandra/msp430/lib/gcc/msp430/4.7.0/mmpy-16/libcrt0.a(_reset_vector__.o) (__do_clear_bss)
/home/chandra/msp430/lib/gcc/msp430/4.7.0/mmpy-16/libcrt0.a(__stop_progExec__.o)
                              /home/chandra/msp430/lib/gcc/msp430/4.7.0/mmpy-16/libcrt0.a(_reset_vector__.o) (__stop_progExec__)
/home/chandra/msp430/lib/gcc/msp430/4.7.0/mmpy-16/libcrt0.a(_endless_loop__.o)
                              /home/chandra/msp430/lib/gcc/msp430/4.7.0/mmpy-16/libcrt0.a(_reset_vector__.o) (_endless_loop__)
/home/chandra/msp430/lib/gcc/msp430/4.7.0/mmpy-16/libcrt0.a(_unexpected_.o)
                              /home/chandra/msp430/lib/gcc/msp430/4.7.0/mmpy-16/crt0ivtbl16.o (_unexpected_)

Allocating common symbols
Common symbol       size              file

compower_idle_activity
                    0x10              build/sky/obj/compower.o
uip_ds6_timer_ra    0x8               build/sky/obj/uip-ds6.o
cc2420_last_rssi    0x1               build/sky/obj/cc2420.o
uip_ds6_if          0x108             build/sky/obj/uip-ds6.o
uip_ds6_netif_addr_list_offset
[...]
Memory Configuration

Name             Origin             Length             Attributes
sfr              0x0000000000000000 0x0000000000000010
peripheral_8bit  0x0000000000000010 0x00000000000000f0
peripheral_16bit 0x0000000000000100 0x0000000000000100
ram_mirror       0x0000000000000200 0x0000000000000800 xw
infomem          0x0000000000001000 0x0000000000000100
infob            0x0000000000001000 0x0000000000000080
infoa            0x0000000000001080 0x0000000000000080
ram              0x0000000000001100 0x0000000000002800 xw
rom              0x0000000000004000 0x000000000000bfe0 xr
vectors          0x000000000000ffe0 0x0000000000000020
bsl              0x0000000000000000 0x0000000000000000
infoc            0x0000000000000000 0x0000000000000000
infod            0x0000000000000000 0x0000000000000000
ram2             0x0000000000000000 0x0000000000000000 xw
signature        0x0000000000000000 0x0000000000000000
usbram           0x0000000000000000 0x0000000000000000 xw
far_rom          0x0000000000000000 0x0000000000000000
*default*        0x0000000000000000 0xffffffffffffffff

Linker script and memory map

LOAD /home/chandra/msp430/lib/gcc/msp430/4.7.0/mmpy-16/crt0ivtbl16.o
                0x0000000000002eac                _stack = _end
LOAD build/sky/obj/aes-128.o
LOAD build/sky/obj/anti-replay.o
LOAD build/sky/obj/assert.o
LOAD build/sky/obj/atomic.o
LOAD build/sky/obj/autostart.o
LOAD build/sky/obj/battery-sensor.o
LOAD build/sky/obj/button-hal.o
LOAD build/sky/obj/button-sensor.o
LOAD build/sky/obj/cc2420-arch-sfd.o
LOAD build/sky/obj/cc2420-arch.o
LOAD build/sky/obj/cc2420-tsch-15ms.o
LOAD build/sky/obj/cc2420.o
LOAD build/sky/obj/ccm-star-packetbuf.o
LOAD build/sky/obj/ccm-star.o
LOAD build/sky/obj/cfs-coffee.o
LOAD build/sky/obj/circular-list.o
LOAD build/sky/obj/clock.o
LOAD build/sky/obj/compower.o
LOAD build/sky/obj/contiki-main.o
LOAD build/sky/obj/crc16.o
LOAD build/sky/obj/csma-output.o
LOAD build/sky/obj/csma-security.o
LOAD build/sky/obj/csma.o
LOAD build/sky/obj/csprng.o
LOAD build/sky/obj/ctimer.o
LOAD build/sky/obj/dbl-circ-list.o
LOAD build/sky/obj/dbl-list.o
LOAD build/sky/obj/ds2411.o
LOAD build/sky/obj/energest.o
LOAD build/sky/obj/etimer.o
LOAD build/sky/obj/flash.o
LOAD build/sky/obj/frame802154.o
LOAD build/sky/obj/frame802154e-ie.o
LOAD build/sky/obj/framer-802154.o
LOAD build/sky/obj/gpio-hal.o
LOAD build/sky/obj/heapmem.o
LOAD build/sky/obj/hexconv.o
LOAD build/sky/obj/ids-monitor.o
LOAD build/sky/obj/ifft.o
LOAD build/sky/obj/int-master.o
LOAD build/sky/obj/ip64-addr.o
LOAD build/sky/obj/iq-seeder.o
LOAD build/sky/obj/leds-arch.o
LOAD build/sky/obj/leds.o
LOAD build/sky/obj/light-sensor.o
LOAD build/sky/obj/link-stats.o
LOAD build/sky/obj/linkaddr.o
LOAD build/sky/obj/list.o
LOAD build/sky/obj/log.o
LOAD build/sky/obj/lpm.o
LOAD build/sky/obj/mac-sequence.o
LOAD build/sky/obj/memb.o
LOAD build/sky/obj/msp430.o
LOAD build/sky/obj/mutex.o
LOAD build/sky/obj/nbr-table.o
LOAD build/sky/obj/net-debug.o
LOAD build/sky/obj/netstack.o
LOAD build/sky/obj/node-id.o
LOAD build/sky/obj/nullframer.o
LOAD build/sky/obj/nullradio.o
LOAD build/sky/obj/packetbuf.o
LOAD build/sky/obj/platform.o
LOAD build/sky/obj/process.o
LOAD build/sky/obj/psock.o
LOAD build/sky/obj/queuebuf.o
LOAD build/sky/obj/random.o
LOAD build/sky/obj/ringbuf.o
LOAD build/sky/obj/ringbufindex.o
LOAD build/sky/obj/rpl-dag-root.o
LOAD build/sky/obj/rpl-dag.o
LOAD build/sky/obj/rpl-ext-header.o
LOAD build/sky/obj/rpl-icmp6.o
LOAD build/sky/obj/rpl-mrhof.o
LOAD build/sky/obj/rpl-nbr-policy.o
LOAD build/sky/obj/rpl-neighbor.o
LOAD build/sky/obj/rpl-of0.o
LOAD build/sky/obj/rpl-timers.o
LOAD build/sky/obj/rpl.o
LOAD build/sky/obj/rtimer-arch.o
LOAD build/sky/obj/rtimer.o
LOAD build/sky/obj/sensors.o
LOAD build/sky/obj/serial-line.o
LOAD build/sky/obj/sha-256.o
LOAD build/sky/obj/sht11-sensor.o
LOAD build/sky/obj/sht11.o
LOAD build/sky/obj/sicslowpan.o
LOAD build/sky/obj/simple-udp.o
LOAD build/sky/obj/sky-sensors.o
LOAD build/sky/obj/slip.o
LOAD build/sky/obj/slip_uart1.o
LOAD build/sky/obj/spi-legacy.o
LOAD build/sky/obj/spi.o
LOAD build/sky/obj/stack-check.o
LOAD build/sky/obj/stimer.o
LOAD build/sky/obj/tcp-socket.o
LOAD build/sky/obj/tcpip.o
LOAD build/sky/obj/timer.o
LOAD build/sky/obj/trickle-timer.o
LOAD build/sky/obj/uart-putchar.o
LOAD build/sky/obj/uart1.o
LOAD build/sky/obj/udp-socket.o
LOAD build/sky/obj/uip-ds6-nbr.o
LOAD build/sky/obj/uip-ds6-route.o
LOAD build/sky/obj/uip-ds6.o
LOAD build/sky/obj/uip-icmp6.o
LOAD build/sky/obj/uip-ipchksum.o
LOAD build/sky/obj/uip-nameserver.o
LOAD build/sky/obj/uip-nd6.o
LOAD build/sky/obj/uip-packetqueue.o
LOAD build/sky/obj/uip-sr.o
LOAD build/sky/obj/uip-udp-packet.o
LOAD build/sky/obj/uip6.o
LOAD build/sky/obj/uipbuf.o
LOAD build/sky/obj/uiplib.o
LOAD build/sky/obj/watchdog.o
LOAD build/sky/obj/xmem.o
LOAD /home/chandra/msp430/lib/gcc/msp430/4.7.0/mmpy-16/libgcc.a
LOAD /home/chandra/msp430/lib/gcc/msp430/4.7.0/../../../../msp430/lib/mmpy-16/libc.a
LOAD /home/chandra/msp430/lib/gcc/msp430/4.7.0/mmpy-16/libgcc.a
LOAD /home/chandra/msp430/lib/gcc/msp430/4.7.0/mmpy-16/libcrt0.a
                0x0000000000000080                PROVIDE (__info_segment_size, 0x80)
                0x0000000000001000                PROVIDE (__infob, 0x1000)
                0x0000000000001080                PROVIDE (__infoa, 0x1080)
                0x0000000000000000                __IE1 = 0x0
                0x0000000000000002                __IFG1 = 0x2
                0x0000000000000004                __ME1 = 0x4
                0x0000000000000001                __IE2 = 0x1
                0x0000000000000003                __IFG2 = 0x3
                0x0000000000000005                __ME2 = 0x5
                0x0000000000000120                __WDTCTL = 0x120
                0x0000000000000130                __MPY = 0x130
                0x0000000000000132                __MPYS = 0x132
                0x0000000000000134                __MAC = 0x134
                0x0000000000000136                __MACS = 0x136
                0x0000000000000138                __OP2 = 0x138
                0x000000000000013a                __RESLO = 0x13a
                0x000000000000013c                __RESHI = 0x13c
                0x000000000000013e                __SUMEXT = 0x13e
                0x0000000000000020                __P1IN = 0x20
                0x0000000000000021                __P1OUT = 0x21
                0x0000000000000022                __P1DIR = 0x22
                0x0000000000000023                __P1IFG = 0x23
                0x0000000000000024                __P1IES = 0x24
                0x0000000000000025                __P1IE = 0x25
                0x0000000000000026                __P1SEL = 0x26
                0x0000000000000028                __P2IN = 0x28
                0x0000000000000029                __P2OUT = 0x29
                0x000000000000002a                __P2DIR = 0x2a
                0x000000000000002b                __P2IFG = 0x2b
                0x000000000000002c                __P2IES = 0x2c
                0x000000000000002d                __P2IE = 0x2d
                0x000000000000002e                __P2SEL = 0x2e
                0x0000000000000018                __P3IN = 0x18
                0x0000000000000019                __P3OUT = 0x19
                0x000000000000001a                __P3DIR = 0x1a
                0x000000000000001b                __P3SEL = 0x1b
                0x000000000000001c                __P4IN = 0x1c
                0x000000000000001d                __P4OUT = 0x1d
                0x000000000000001e                __P4DIR = 0x1e
                0x000000000000001f                __P4SEL = 0x1f
                0x0000000000000030                __P5IN = 0x30
                0x0000000000000031                __P5OUT = 0x31
                0x0000000000000032                __P5DIR = 0x32
                0x0000000000000033                __P5SEL = 0x33
                0x0000000000000034                __P6IN = 0x34
                0x0000000000000035                __P6OUT = 0x35
                0x0000000000000036                __P6DIR = 0x36
                0x0000000000000037                __P6SEL = 0x37
                0x0000000000000070                __U0CTL = 0x70
                0x0000000000000071                __U0TCTL = 0x71
                0x0000000000000072                __U0RCTL = 0x72
                0x0000000000000073                __U0MCTL = 0x73
                0x0000000000000074                __U0BR0 = 0x74
                0x0000000000000075                __U0BR1 = 0x75
                0x0000000000000076                __U0RXBUF = 0x76
                0x0000000000000077                __U0TXBUF = 0x77
                0x0000000000000078                __U1CTL = 0x78
                0x0000000000000079                __U1TCTL = 0x79
                0x000000000000007a                __U1RCTL = 0x7a
                0x000000000000007b                __U1MCTL = 0x7b
                0x000000000000007c                __U1BR0 = 0x7c
                0x000000000000007d                __U1BR1 = 0x7d
                0x000000000000007e                __U1RXBUF = 0x7e
                0x000000000000007f                __U1TXBUF = 0x7f
                0x0000000000000050                __I2CIE = 0x50
                0x0000000000000051                __I2CIFG = 0x51
                0x0000000000000052                __I2CNDAT = 0x52
                0x0000000000000071                __I2CTCTL = 0x71
                0x0000000000000072                __I2CDCTL = 0x72
                0x0000000000000073                __I2CPSC = 0x73
                0x0000000000000074                __I2CSCLH = 0x74
                0x0000000000000075                __I2CSCLL = 0x75
                0x0000000000000076                __I2CDRB = 0x76
                0x0000000000000076                __I2CDRW = 0x76
                0x0000000000000118                __I2COA = 0x118
                0x000000000000011a                __I2CSA = 0x11a
                0x000000000000011c                __I2CIV = 0x11c
                0x000000000000012e                __TAIV = 0x12e
                0x0000000000000160                __TACTL = 0x160
                0x0000000000000162                __TACCTL0 = 0x162
                0x0000000000000164                __TACCTL1 = 0x164
                0x0000000000000166                __TACCTL2 = 0x166
                0x0000000000000170                __TAR = 0x170
                0x0000000000000172                __TACCR0 = 0x172
                0x0000000000000174                __TACCR1 = 0x174
                0x0000000000000176                __TACCR2 = 0x176
                0x000000000000011e                __TBIV = 0x11e
                0x0000000000000180                __TBCTL = 0x180
                0x0000000000000182                __TBCCTL0 = 0x182
                0x0000000000000184                __TBCCTL1 = 0x184
                0x0000000000000186                __TBCCTL2 = 0x186
                0x0000000000000188                __TBCCTL3 = 0x188
                0x000000000000018a                __TBCCTL4 = 0x18a
                0x000000000000018c                __TBCCTL5 = 0x18c
                0x000000000000018e                __TBCCTL6 = 0x18e
                0x0000000000000190                __TBR = 0x190
                0x0000000000000192                __TBCCR0 = 0x192
                0x0000000000000194                __TBCCR1 = 0x194
                0x0000000000000196                __TBCCR2 = 0x196
                0x0000000000000198                __TBCCR3 = 0x198
                0x000000000000019a                __TBCCR4 = 0x19a
                0x000000000000019c                __TBCCR5 = 0x19c
                0x000000000000019e                __TBCCR6 = 0x19e
                0x0000000000000056                __DCOCTL = 0x56
                0x0000000000000057                __BCSCTL1 = 0x57
                0x0000000000000058                __BCSCTL2 = 0x58
                0x0000000000000055                __SVSCTL = 0x55
                0x0000000000000128                __FCTL1 = 0x128
                0x000000000000012a                __FCTL2 = 0x12a
                0x000000000000012c                __FCTL3 = 0x12c
                0x0000000000000059                __CACTL1 = 0x59
                0x000000000000005a                __CACTL2 = 0x5a
                0x000000000000005b                __CAPD = 0x5b
                0x00000000000001a0                __ADC12CTL0 = 0x1a0
                0x00000000000001a2                __ADC12CTL1 = 0x1a2
                0x00000000000001a4                __ADC12IFG = 0x1a4
                0x00000000000001a6                __ADC12IE = 0x1a6
                0x00000000000001a8                __ADC12IV = 0x1a8
                0x0000000000000140                __ADC12MEM0 = 0x140
                0x0000000000000142                __ADC12MEM1 = 0x142
                0x0000000000000144                __ADC12MEM2 = 0x144
                0x0000000000000146                __ADC12MEM3 = 0x146
                0x0000000000000148                __ADC12MEM4 = 0x148
                0x000000000000014a                __ADC12MEM5 = 0x14a
                0x000000000000014c                __ADC12MEM6 = 0x14c
                0x000000000000014e                __ADC12MEM7 = 0x14e
                0x0000000000000150                __ADC12MEM8 = 0x150
                0x0000000000000152                __ADC12MEM9 = 0x152
                0x0000000000000154                __ADC12MEM10 = 0x154
                0x0000000000000156                __ADC12MEM11 = 0x156
                0x0000000000000158                __ADC12MEM12 = 0x158
                0x000000000000015a                __ADC12MEM13 = 0x15a
                0x000000000000015c                __ADC12MEM14 = 0x15c
                0x000000000000015e                __ADC12MEM15 = 0x15e
                0x0000000000000080                __ADC12MCTL0 = 0x80
                0x0000000000000081                __ADC12MCTL1 = 0x81
                0x0000000000000082                __ADC12MCTL2 = 0x82
                0x0000000000000083                __ADC12MCTL3 = 0x83
                0x0000000000000084                __ADC12MCTL4 = 0x84
                0x0000000000000085                __ADC12MCTL5 = 0x85
                0x0000000000000086                __ADC12MCTL6 = 0x86
                0x0000000000000087                __ADC12MCTL7 = 0x87
                0x0000000000000088                __ADC12MCTL8 = 0x88
                0x0000000000000089                __ADC12MCTL9 = 0x89
                0x000000000000008a                __ADC12MCTL10 = 0x8a
                0x000000000000008b                __ADC12MCTL11 = 0x8b
                0x000000000000008c                __ADC12MCTL12 = 0x8c
                0x000000000000008d                __ADC12MCTL13 = 0x8d
                0x000000000000008e                __ADC12MCTL14 = 0x8e
                0x000000000000008f                __ADC12MCTL15 = 0x8f
                0x00000000000001c0                __DAC12_0CTL = 0x1c0
                0x00000000000001c2                __DAC12_1CTL = 0x1c2
                0x00000000000001c8                __DAC12_0DAT = 0x1c8
                0x00000000000001ca                __DAC12_1DAT = 0x1ca
                0x0000000000000122                __DMACTL0 = 0x122
                0x0000000000000124                __DMACTL1 = 0x124
                0x00000000000001e0                __DMA0CTL = 0x1e0
                0x00000000000001e8                __DMA1CTL = 0x1e8
                0x00000000000001f0                __DMA2CTL = 0x1f0
                0x00000000000001e2                __DMA0SA = 0x1e2
                0x00000000000001e4                __DMA0DA = 0x1e4
                0x00000000000001e6                __DMA0SZ = 0x1e6
                0x00000000000001ea                __DMA1SA = 0x1ea
                0x00000000000001ec                __DMA1DA = 0x1ec
                0x00000000000001ee                __DMA1SZ = 0x1ee
                0x00000000000001f2                __DMA2SA = 0x1f2
                0x00000000000001f4                __DMA2DA = 0x1f4
                0x00000000000001f6                __DMA2SZ = 0x1f6

.hash
 *(SORT(.hash))

.dynsym
 *(SORT(.dynsym))

.dynstr
 *(SORT(.dynstr))

.gnu.version
 *(SORT(.gnu.version))

.gnu.version_d
 *(SORT(.gnu.version_d))

.gnu.version_r
 *(SORT(.gnu.version_r))

.rel.init
 *(SORT(.rel.init))

.rela.init
 *(SORT(.rela.init))

.rel.fini
 *(SORT(.rel.fini))

.rela.fini
 *(SORT(.rela.fini))

.rel.text
 *(SORT(.rel.text) SORT(.rel.text.*) SORT(.rel.gnu.linkonce.t.*))

.rela.text
 *(SORT(.rela.text) SORT(.rela.text.*) SORT(.rela.gnu.linkonce.t.*))

.rel.rodata
 *(SORT(.rel.rodata) SORT(.rel.rodata.*) SORT(.rel.gnu.linkonce.r.*))

.rela.rodata
 *(SORT(.rela.rodata) SORT(.rela.rodata.*) SORT(.rela.gnu.linkonce.r.*))

.rel.data
 *(SORT(.rel.data) SORT(.rel.data.*) SORT(.rel.gnu.linkonce.d.*))

.rela.data
 *(SORT(.rela.data) SORT(.rela.data.*) SORT(.rela.gnu.linkonce.d.*))

.rel.bss
 *(SORT(.rel.bss) SORT(.rel.bss.*) SORT(.rel.gnu.linkonce.b.*))

.rela.bss
 *(SORT(.rela.bss) SORT(.rela.bss.*) SORT(.rela.gnu.linkonce.b.*))

.rel.ctors
 *(SORT(.rel.ctors))

.rela.ctors
 *(SORT(.rela.ctors))

.rel.dtors
 *(SORT(.rel.dtors))

.rela.dtors
 *(SORT(.rela.dtors))

.rel.got
 *(SORT(.rel.got))

.rela.got
 *(SORT(.rela.got))

.rel.plt
 *(SORT(.rel.plt))

.rela.plt
 *(SORT(.rela.plt))

.text           0x0000000000004000     0xa480
                0x0000000000004000                . = ALIGN (0x2)
 *(SORT(.init) SORT(.init.*))
 *(SORT(.init0))
 .init0         0x0000000000004000        0x0 /home/chandra/msp430/lib/gcc/msp430/4.7.0/mmpy-16/libcrt0.a(_reset_vector__.o)
                0x0000000000004000                _reset_vector__
 *(SORT(.init1))
 .init1         0x0000000000004000        0xc /home/chandra/msp430/lib/gcc/msp430/4.7.0/mmpy-16/libcrt0.a(__watchdog_support.o)
                0x0000000000004000                __watchdog_support
 *(SORT(.init2))
 .init2         0x000000000000400c        0x4 /home/chandra/msp430/lib/gcc/msp430/4.7.0/mmpy-16/libcrt0.a(__init_stack.o)
                0x000000000000400c                __init_stack
 *(SORT(.init3))
 .init3         0x0000000000004010        0x0 /home/chandra/msp430/lib/gcc/msp430/4.7.0/mmpy-16/libcrt0.a(__low_level_init.o)
                0x0000000000004010                __low_level_init
 *(SORT(.init4))
 .init4         0x0000000000004010       0x18 /home/chandra/msp430/lib/gcc/msp430/4.7.0/mmpy-16/libcrt0.a(_copy_data.o)
                0x0000000000004010                __do_copy_data
 .init4         0x0000000000004028       0x16 /home/chandra/msp430/lib/gcc/msp430/4.7.0/mmpy-16/libcrt0.a(_clear_bss.o)
                0x0000000000004028                __do_clear_bss
 *(SORT(.init5))
 *(SORT(.init6))
 *(SORT(.init7))
 *(SORT(.init8))
 *(SORT(.init9))
 .init9         0x000000000000403e      0x238 build/sky/obj/contiki-main.o
                0x000000000000403e                main
 *(SORT(.fini9))
 .fini9         0x0000000000004276        0x0 /home/chandra/msp430/lib/gcc/msp430/4.7.0/mmpy-16/libcrt0.a(__stop_progExec__.o)
                0x0000000000004276                __stop_progExec__
 *(SORT(.fini8))
 *(SORT(.fini7))
 *(SORT(.fini6))
 *(SORT(.fini5))
 *(SORT(.fini4))
 *(SORT(.fini3))
 *(SORT(.fini2))
 *(SORT(.fini1))
 *(SORT(.fini0))
 .fini0         0x0000000000004276        0x6 /home/chandra/msp430/lib/gcc/msp430/4.7.0/mmpy-16/libcrt0.a(_endless_loop__.o)
                0x0000000000004276                _endless_loop__
 *(SORT(.fini) SORT(.fini.*))
                0x000000000000427c                . = ALIGN (0x2)
                0x000000000000427c                __ctors_start = .
 *(SORT(.ctors))
                0x000000000000427c                __ctors_end = .
                0x000000000000427c                __dtors_start = .
 *(SORT(.dtors))
                0x000000000000427c                __dtors_end = .
                0x000000000000427c                . = ALIGN (0x2)
 *(SORT(.text) SORT(.text.*) SORT(.gnu.linkonce.t.*))
 .text          0x000000000000427c        0x4 /home/chandra/msp430/lib/gcc/msp430/4.7.0/mmpy-16/crt0ivtbl16.o
                0x000000000000427c                __isr_14
                0x000000000000427c                __isr_11
                0x000000000000427c                __isr_2
                0x000000000000427c                __isr_7
                0x000000000000427c                __isr_0
                0x000000000000427c                __isr_8
                0x000000000000427c                __isr_3
                0x000000000000427c                __isr_13
                0x000000000000427c                __isr_9
 .text.autostart_start
                0x0000000000004280       0x16 build/sky/obj/autostart.o
                0x0000000000004280                autostart_start
 .text.status   0x0000000000004296       0x18 build/sky/obj/button-sensor.o
 .text.value    0x00000000000042ae       0x1a build/sky/obj/button-sensor.o
 .text.configure
                0x00000000000042c8       0x4c build/sky/obj/button-sensor.o
 .text.irq_p2   0x0000000000004314       0x46 build/sky/obj/button-sensor.o
                0x0000000000004314                irq_p2
                0x0000000000004314                __isr_1
 .text.cc2420_timerb1_interrupt
                0x000000000000435a       0x26 build/sky/obj/cc2420-arch-sfd.o
                0x000000000000435a                cc2420_timerb1_interrupt
                0x000000000000435a                __isr_12
 .text.cc2420_port1_interrupt
                0x0000000000004380       0x20 build/sky/obj/cc2420-arch.o
                0x0000000000004380                __isr_4
                0x0000000000004380                cc2420_port1_interrupt
 .text.cc2420_arch_init
                0x00000000000043a0       0x1a build/sky/obj/cc2420-arch.o
                0x00000000000043a0                cc2420_arch_init
 .text.get_object
                0x00000000000043ba        0x4 build/sky/obj/cc2420.o
 .text.set_object
                0x00000000000043be        0x4 build/sky/obj/cc2420.o
 .text.strobe   0x00000000000043c2       0x1c build/sky/obj/cc2420.o
 .text.getreg   0x00000000000043de       0x4c build/sky/obj/cc2420.o
 .text.setreg   0x000000000000442a       0x4c build/sky/obj/cc2420.o
 .text.write_ram
                0x0000000000004476       0x7c build/sky/obj/cc2420.o
 .text.write_fifo_buf
                0x00000000000044f2       0x3c build/sky/obj/cc2420.o
 .text.get_status
                0x000000000000452e       0x20 build/sky/obj/cc2420.o
 .text.on       0x000000000000454e       0x1a build/sky/obj/cc2420.o
 .text.cc2420_receiving_packet
                0x0000000000004568        0xc build/sky/obj/cc2420.o
 .text.pending_packet
                0x0000000000004574        0x8 build/sky/obj/cc2420.o
 .text.wait_for_transmission
                0x000000000000457c       0x22 build/sky/obj/cc2420.o
 .text.wait_for_status
                0x000000000000459e       0x28 build/sky/obj/cc2420.o
 .text.getrxdata
                0x00000000000045c6       0x50 build/sky/obj/cc2420.o
 .text.flushrx  0x0000000000004616       0x1a build/sky/obj/cc2420.o
 .text.off      0x0000000000004630       0x28 build/sky/obj/cc2420.o
 .text.RELEASE_LOCK
                0x0000000000004658       0x28 build/sky/obj/cc2420.o
 .text.set_key  0x0000000000004680       0x18 build/sky/obj/cc2420.o
 .text.set_frame_filtering
                0x0000000000004698       0x30 build/sky/obj/cc2420.o
 .text.set_auto_ack
                0x00000000000046c8       0x30 build/sky/obj/cc2420.o
 .text.set_poll_mode
                0x00000000000046f8       0x2c build/sky/obj/cc2420.o
 .text.cc2420_prepare
                0x0000000000004724       0x46 build/sky/obj/cc2420.o
 .text.cc2420_on
                0x000000000000476a       0x22 build/sky/obj/cc2420.o
                0x000000000000476a                cc2420_on
 .text.cc2420_transmit
                0x000000000000478c       0x66 build/sky/obj/cc2420.o
 .text.cc2420_send
                0x00000000000047f2       0x12 build/sky/obj/cc2420.o
 .text.cc2420_off
                0x0000000000004804       0x30 build/sky/obj/cc2420.o
                0x0000000000004804                cc2420_off
 .text.cc2420_cca
                0x0000000000004834       0x68 build/sky/obj/cc2420.o
 .text.cc2420_read
                0x000000000000489c       0xbe build/sky/obj/cc2420.o
 .text.process_thread_cc2420_process
                0x000000000000495a       0x56 build/sky/obj/cc2420.o
 .text.encrypt  0x00000000000049b0       0x88 build/sky/obj/cc2420.o
 .text.cc2420_set_channel
                0x0000000000004a38       0x3c build/sky/obj/cc2420.o
                0x0000000000004a38                cc2420_set_channel
 .text.cc2420_set_pan_addr
                0x0000000000004a74       0x4c build/sky/obj/cc2420.o
                0x0000000000004a74                cc2420_set_pan_addr
 .text.cc2420_interrupt
                0x0000000000004ac0       0x16 build/sky/obj/cc2420.o
                0x0000000000004ac0                cc2420_interrupt
 .text.cc2420_set_txpower
                0x0000000000004ad6       0x2c build/sky/obj/cc2420.o
                0x0000000000004ad6                cc2420_set_txpower
 .text.cc2420_get_txpower
                0x0000000000004b02       0x1e build/sky/obj/cc2420.o
                0x0000000000004b02                cc2420_get_txpower
 .text.cc2420_rssi
                0x0000000000004b20       0x4c build/sky/obj/cc2420.o
                0x0000000000004b20                cc2420_rssi
 .text.get_value
                0x0000000000004b6c      0x11e build/sky/obj/cc2420.o
 .text.cc2420_set_cca_threshold
                0x0000000000004c8a       0x16 build/sky/obj/cc2420.o
                0x0000000000004c8a                cc2420_set_cca_threshold
 .text.set_value
                0x0000000000004ca0      0x150 build/sky/obj/cc2420.o
 .text.cc2420_init
                0x0000000000004df0       0xea build/sky/obj/cc2420.o
                0x0000000000004df0                cc2420_init
 .text.timera1  0x0000000000004eda       0xd8 build/sky/obj/clock.o
                0x0000000000004eda                __isr_5
                0x0000000000004eda                timera1
 .text.clock_time
                0x0000000000004fb2       0x1a build/sky/obj/clock.o
                0x0000000000004fb2                clock_time
 .text.clock_init
                0x0000000000004fcc       0x28 build/sky/obj/clock.o
                0x0000000000004fcc                clock_init
 .text.clock_delay
                0x0000000000004ff4        0xc build/sky/obj/clock.o
                0x0000000000004ff4                clock_delay
 .text.clock_seconds
                0x0000000000005000       0x1a build/sky/obj/clock.o
                0x0000000000005000                clock_seconds
 .text.schedule_transmission
                0x000000000000501a       0x74 build/sky/obj/csma-output.o
 .text.tx_done  0x000000000000508e       0x98 build/sky/obj/csma-output.o
 .text.transmit_from_queue
                0x0000000000005126      0x1bc build/sky/obj/csma-output.o
 .text.csma_output_packet
                0x00000000000052e2      0x146 build/sky/obj/csma-output.o
                0x00000000000052e2                csma_output_packet
 .text.csma_output_init
                0x0000000000005428       0x1a build/sky/obj/csma-output.o
                0x0000000000005428                csma_output_init
 .text.on       0x0000000000005442        0x6 build/sky/obj/csma.o
 .text.off      0x0000000000005448        0x6 build/sky/obj/csma.o
 .text.max_payload
                0x000000000000544e       0x38 build/sky/obj/csma.o
 .text.send_packet
                0x0000000000005486        0x6 build/sky/obj/csma.o
 .text.input_packet
                0x000000000000548c       0x58 build/sky/obj/csma.o
 .text.init     0x00000000000054e4       0x20 build/sky/obj/csma.o
 .text.process_thread_ctimer_process
                0x0000000000005504       0x9a build/sky/obj/ctimer.o
 .text.ctimer_init
                0x000000000000559e       0x10 build/sky/obj/ctimer.o
                0x000000000000559e                ctimer_init
 .text.ctimer_set_with_process
                0x00000000000055ae       0x4e build/sky/obj/ctimer.o
                0x00000000000055ae                ctimer_set_with_process
 .text.ctimer_reset
                0x00000000000055fc       0x30 build/sky/obj/ctimer.o
                0x00000000000055fc                ctimer_reset
 .text.ctimer_stop
                0x000000000000562c       0x28 build/sky/obj/ctimer.o
                0x000000000000562c                ctimer_stop
 .text.ctimer_expired
                0x0000000000005654       0x20 build/sky/obj/ctimer.o
                0x0000000000005654                ctimer_expired
 .text.owreadb  0x0000000000005674       0x50 build/sky/obj/ds2411.o
 .text.ds2411_init
                0x00000000000056c4      0x120 build/sky/obj/ds2411.o
                0x00000000000056c4                ds2411_init
 .text.update_time
                0x00000000000057e4       0x78 build/sky/obj/etimer.o
 .text.etimer_request_poll
                0x000000000000585c        0xa build/sky/obj/etimer.o
                0x000000000000585c                etimer_request_poll
 .text.process_thread_etimer_process
                0x0000000000005866       0xcc build/sky/obj/etimer.o
 .text.add_timer
                0x0000000000005932       0x40 build/sky/obj/etimer.o
 .text.etimer_set
                0x0000000000005972       0x12 build/sky/obj/etimer.o
                0x0000000000005972                etimer_set
 .text.etimer_reset
                0x0000000000005984       0x12 build/sky/obj/etimer.o
                0x0000000000005984                etimer_reset
 .text.etimer_pending
                0x0000000000005996        0xc build/sky/obj/etimer.o
                0x0000000000005996                etimer_pending
 .text.etimer_next_expiration_time
                0x00000000000059a2       0x16 build/sky/obj/etimer.o
                0x00000000000059a2                etimer_next_expiration_time
 .text.etimer_stop
                0x00000000000059b8       0x3e build/sky/obj/etimer.o
                0x00000000000059b8                etimer_stop
 .text.frame802154_get_pan_id
                0x00000000000059f6        0x6 build/sky/obj/frame802154.o
                0x00000000000059f6                frame802154_get_pan_id
 .text.frame802154_has_panid
                0x00000000000059fc       0xe0 build/sky/obj/frame802154.o
                0x00000000000059fc                frame802154_has_panid
 .text.field_len
                0x0000000000005adc       0xaa build/sky/obj/frame802154.o
 .text.frame802154_is_broadcast_addr
                0x0000000000005b86       0x28 build/sky/obj/frame802154.o
                0x0000000000005b86                frame802154_is_broadcast_addr
 .text.frame802154_hdrlen
                0x0000000000005bae       0x32 build/sky/obj/frame802154.o
                0x0000000000005bae                frame802154_hdrlen
 .text.frame802154_create_fcf
                0x0000000000005be0       0x96 build/sky/obj/frame802154.o
                0x0000000000005be0                frame802154_create_fcf
 .text.frame802154_create
                0x0000000000005c76       0xd2 build/sky/obj/frame802154.o
                0x0000000000005c76                frame802154_create
 .text.frame802154_parse_fcf
                0x0000000000005d48       0xbc build/sky/obj/frame802154.o
                0x0000000000005d48                frame802154_parse_fcf
 .text.frame802154_parse
                0x0000000000005e04      0x168 build/sky/obj/frame802154.o
                0x0000000000005e04                frame802154_parse
 .text.parse    0x0000000000005f6c       0xa2 build/sky/obj/framer-802154.o
 .text.framer_802154_setup_params
                0x000000000000600e       0xb6 build/sky/obj/framer-802154.o
                0x000000000000600e                framer_802154_setup_params
 .text.create_frame
                0x00000000000060c4       0xa2 build/sky/obj/framer-802154.o
 .text.create   0x0000000000006166        0x8 build/sky/obj/framer-802154.o
 .text.hdr_length
                0x000000000000616e        0x8 build/sky/obj/framer-802154.o
 .text.process_thread_ids_monitor_process
                0x0000000000006176       0x3c build/sky/obj/ids-monitor.o
 .text.udp_rx_callback
                0x00000000000061b2       0xd0 build/sky/obj/ids-monitor.o
 .text.leds_arch_init
                0x0000000000006282        0xe build/sky/obj/leds-arch.o
                0x0000000000006282                leds_arch_init
 .text.leds_arch_get
                0x0000000000006290       0x34 build/sky/obj/leds-arch.o
                0x0000000000006290                leds_arch_get
 .text.leds_arch_set
                0x00000000000062c4       0x3e build/sky/obj/leds-arch.o
                0x00000000000062c4                leds_arch_set
 .text.leds_init
                0x0000000000006302        0x6 build/sky/obj/leds.o
                0x0000000000006302                leds_init
 .text.leds_on  0x0000000000006308       0x12 build/sky/obj/leds.o
                0x0000000000006308                leds_on
 .text.leds_off
                0x000000000000631a       0x12 build/sky/obj/leds.o
                0x000000000000631a                leds_off
 .text.periodic
                0x000000000000632c       0x28 build/sky/obj/link-stats.o
 .text.link_stats_from_lladdr
                0x0000000000006354        0xc build/sky/obj/link-stats.o
                0x0000000000006354                link_stats_from_lladdr
 .text.link_stats_is_fresh
                0x0000000000006360       0x30 build/sky/obj/link-stats.o
                0x0000000000006360                link_stats_is_fresh
 .text.link_stats_packet_sent
                0x0000000000006390       0xf4 build/sky/obj/link-stats.o
                0x0000000000006390                link_stats_packet_sent
 .text.link_stats_input_callback
                0x0000000000006484      0x106 build/sky/obj/link-stats.o
                0x0000000000006484                link_stats_input_callback
 .text.link_stats_reset
                0x000000000000658a       0x2a build/sky/obj/link-stats.o
                0x000000000000658a                link_stats_reset
 .text.link_stats_init
                0x00000000000065b4       0x26 build/sky/obj/link-stats.o
                0x00000000000065b4                link_stats_init
 .text.linkaddr_copy
                0x00000000000065da        0x8 build/sky/obj/linkaddr.o
                0x00000000000065da                linkaddr_copy
 .text.linkaddr_cmp
                0x00000000000065e2       0x12 build/sky/obj/linkaddr.o
                0x00000000000065e2                linkaddr_cmp
 .text.list_tail
                0x00000000000065f4       0x12 build/sky/obj/list.o
                0x00000000000065f4                list_tail
 .text.list_remove
                0x0000000000006606       0x34 build/sky/obj/list.o
                0x0000000000006606                list_remove
 .text.list_push
                0x000000000000663a       0x1a build/sky/obj/list.o
                0x000000000000663a                list_push
 .text.list_add
                0x0000000000006654       0x2a build/sky/obj/list.o
                0x0000000000006654                list_add
 .text.list_length
                0x000000000000667e       0x10 build/sky/obj/list.o
                0x000000000000667e                list_length
 .text.list_contains
                0x000000000000668e       0x12 build/sky/obj/list.o
                0x000000000000668e                list_contains
 .text.log_6addr
                0x00000000000066a0       0x32 build/sky/obj/log.o
                0x00000000000066a0                log_6addr
 .text.log_lladdr
                0x00000000000066d2       0x44 build/sky/obj/log.o
                0x00000000000066d2                log_lladdr
 .text.mac_sequence_init
                0x0000000000006716        0xa build/sky/obj/mac-sequence.o
                0x0000000000006716                mac_sequence_init
 .text.mac_sequence_set_dsn
                0x0000000000006720       0x18 build/sky/obj/mac-sequence.o
                0x0000000000006720                mac_sequence_set_dsn
 .text.mac_sequence_is_duplicate
                0x0000000000006738       0x84 build/sky/obj/mac-sequence.o
                0x0000000000006738                mac_sequence_is_duplicate
 .text.mac_sequence_register_seqno
                0x00000000000067bc       0x90 build/sky/obj/mac-sequence.o
                0x00000000000067bc                mac_sequence_register_seqno
 .text.memb_init
                0x000000000000684c       0x36 build/sky/obj/memb.o
                0x000000000000684c                memb_init
 .text.memb_alloc
                0x0000000000006882       0x3e build/sky/obj/memb.o
                0x0000000000006882                memb_alloc
 .text.memb_free
                0x00000000000068c0       0x32 build/sky/obj/memb.o
                0x00000000000068c0                memb_free
 .text.memb_inmemb
                0x00000000000068f2       0x2a build/sky/obj/memb.o
                0x00000000000068f2                memb_inmemb
 .text.memb_numfree
                0x000000000000691c       0x26 build/sky/obj/memb.o
                0x000000000000691c                memb_numfree
 .text.msp430_init_dco
                0x0000000000006942       0x82 build/sky/obj/msp430.o
                0x0000000000006942                msp430_init_dco
 .text.msp430_add_lpm_req
                0x00000000000069c4        0xc build/sky/obj/msp430.o
                0x00000000000069c4                msp430_add_lpm_req
 .text.msp430_cpu_init
                0x00000000000069d0       0x2a build/sky/obj/msp430.o
                0x00000000000069d0                msp430_cpu_init
 .text.splhigh_
                0x00000000000069fa        0xa build/sky/obj/msp430.o
                0x00000000000069fa                splhigh_
 .text.msp430_sync_dco
                0x0000000000006a04       0x6c build/sky/obj/msp430.o
                0x0000000000006a04                msp430_sync_dco
 .text.item_from_index
                0x0000000000006a70       0x2a build/sky/obj/nbr-table.o
 .text.index_from_key
                0x0000000000006a9a       0x26 build/sky/obj/nbr-table.o
 .text.index_from_item
                0x0000000000006ac0       0x1e build/sky/obj/nbr-table.o
 .text.nbr_set_bit
                0x0000000000006ade       0x54 build/sky/obj/nbr-table.o
 .text.index_from_lladdr
                0x0000000000006b32       0x38 build/sky/obj/nbr-table.o
 .text.nbr_get_bit.constprop.3
                0x0000000000006b6a       0x2a build/sky/obj/nbr-table.o
 .text.remove_key
                0x0000000000006b94       0x84 build/sky/obj/nbr-table.o
 .text.nbr_table_is_registered
                0x0000000000006c18       0x22 build/sky/obj/nbr-table.o
                0x0000000000006c18                nbr_table_is_registered
 .text.nbr_table_register
                0x0000000000006c3a       0x40 build/sky/obj/nbr-table.o
                0x0000000000006c3a                nbr_table_register
 .text.nbr_table_next
                0x0000000000006c7a       0x5a build/sky/obj/nbr-table.o
                0x0000000000006c7a                nbr_table_next
 .text.nbr_table_head
                0x0000000000006cd4       0x36 build/sky/obj/nbr-table.o
                0x0000000000006cd4                nbr_table_head
 .text.nbr_table_get_from_lladdr
                0x0000000000006d0a       0x2c build/sky/obj/nbr-table.o
                0x0000000000006d0a                nbr_table_get_from_lladdr
 .text.entry_is_allowed.isra.2
                0x0000000000006d36       0x74 build/sky/obj/nbr-table.o
 .text.nbr_table_add_lladdr
                0x0000000000006daa       0xc2 build/sky/obj/nbr-table.o
                0x0000000000006daa                nbr_table_add_lladdr
 .text.nbr_table_remove
                0x0000000000006e6c       0x32 build/sky/obj/nbr-table.o
                0x0000000000006e6c                nbr_table_remove
 .text.nbr_table_lock
                0x0000000000006e9e       0x10 build/sky/obj/nbr-table.o
                0x0000000000006e9e                nbr_table_lock
 .text.nbr_table_unlock
                0x0000000000006eae       0x10 build/sky/obj/nbr-table.o
                0x0000000000006eae                nbr_table_unlock
 .text.nbr_table_get_lladdr
                0x0000000000006ebe       0x22 build/sky/obj/nbr-table.o
                0x0000000000006ebe                nbr_table_get_lladdr
 .text.netstack_process_ip_callback
                0x0000000000006ee0       0x48 build/sky/obj/netstack.o
                0x0000000000006ee0                netstack_process_ip_callback
 .text.packetbuf_hdrreduce
                0x0000000000006f28       0x1a build/sky/obj/packetbuf.o
                0x0000000000006f28                packetbuf_hdrreduce
 .text.packetbuf_set_datalen
                0x0000000000006f42        0x6 build/sky/obj/packetbuf.o
                0x0000000000006f42                packetbuf_set_datalen
 .text.packetbuf_hdrptr
                0x0000000000006f48        0x6 build/sky/obj/packetbuf.o
                0x0000000000006f48                packetbuf_hdrptr
 .text.packetbuf_datalen
                0x0000000000006f4e        0x6 build/sky/obj/packetbuf.o
                0x0000000000006f4e                packetbuf_datalen
 .text.packetbuf_hdrlen
                0x0000000000006f54        0xa build/sky/obj/packetbuf.o
                0x0000000000006f54                packetbuf_hdrlen
 .text.packetbuf_dataptr
                0x0000000000006f5e        0xc build/sky/obj/packetbuf.o
                0x0000000000006f5e                packetbuf_dataptr
 .text.packetbuf_copyto
                0x0000000000006f6a       0x46 build/sky/obj/packetbuf.o
                0x0000000000006f6a                packetbuf_copyto
 .text.packetbuf_totlen
                0x0000000000006fb0        0xc build/sky/obj/packetbuf.o
                0x0000000000006fb0                packetbuf_totlen
 .text.packetbuf_hdralloc
                0x0000000000006fbc       0x3c build/sky/obj/packetbuf.o
                0x0000000000006fbc                packetbuf_hdralloc
 .text.packetbuf_attr_clear
                0x0000000000006ff8       0x28 build/sky/obj/packetbuf.o
                0x0000000000006ff8                packetbuf_attr_clear
 .text.packetbuf_clear
                0x0000000000007020       0x12 build/sky/obj/packetbuf.o
                0x0000000000007020                packetbuf_clear
 .text.packetbuf_copyfrom
                0x0000000000007032       0x2e build/sky/obj/packetbuf.o
                0x0000000000007032                packetbuf_copyfrom
 .text.packetbuf_attr_copyto
                0x0000000000007060       0x22 build/sky/obj/packetbuf.o
                0x0000000000007060                packetbuf_attr_copyto
 .text.packetbuf_attr_copyfrom
                0x0000000000007082       0x24 build/sky/obj/packetbuf.o
                0x0000000000007082                packetbuf_attr_copyfrom
 .text.packetbuf_set_attr
                0x00000000000070a6        0xa build/sky/obj/packetbuf.o
                0x00000000000070a6                packetbuf_set_attr
 .text.packetbuf_attr
                0x00000000000070b0        0xa build/sky/obj/packetbuf.o
                0x00000000000070b0                packetbuf_attr
 .text.packetbuf_set_addr
                0x00000000000070ba       0x16 build/sky/obj/packetbuf.o
                0x00000000000070ba                packetbuf_set_addr
 .text.packetbuf_addr
                0x00000000000070d0       0x12 build/sky/obj/packetbuf.o
                0x00000000000070d0                packetbuf_addr
 .text.packetbuf_holds_broadcast
                0x00000000000070e2        0xe build/sky/obj/packetbuf.o
                0x00000000000070e2                packetbuf_holds_broadcast
 .text.platform_init_stage_one
                0x00000000000070f0       0x12 build/sky/obj/platform.o
                0x00000000000070f0                platform_init_stage_one
 .text.platform_init_stage_two
                0x0000000000007102       0x68 build/sky/obj/platform.o
                0x0000000000007102                platform_init_stage_two
 .text.platform_init_stage_three
                0x000000000000716a       0x80 build/sky/obj/platform.o
                0x000000000000716a                platform_init_stage_three
 .text.platform_idle
                0x00000000000071ea       0x54 build/sky/obj/platform.o
                0x00000000000071ea                platform_idle
 .text.call_process
                0x000000000000723e       0x46 build/sky/obj/process.o
 .text.exit_process
                0x0000000000007284       0x98 build/sky/obj/process.o
 .text.do_poll  0x000000000000731c       0x30 build/sky/obj/process.o
 .text.process_alloc_event
                0x000000000000734c       0x18 build/sky/obj/process.o
                0x000000000000734c                process_alloc_event
 .text.process_init
                0x0000000000007364        0x8 build/sky/obj/process.o
                0x0000000000007364                process_init
 .text.process_run
                0x000000000000736c       0x8c build/sky/obj/process.o
                0x000000000000736c                process_run
 .text.process_nevents
                0x00000000000073f8        0xa build/sky/obj/process.o
                0x00000000000073f8                process_nevents
 .text.process_post
                0x0000000000007402       0x42 build/sky/obj/process.o
                0x0000000000007402                process_post
 .text.process_post_synch
                0x0000000000007444       0x12 build/sky/obj/process.o
                0x0000000000007444                process_post_synch
 .text.process_start
                0x0000000000007456       0x36 build/sky/obj/process.o
                0x0000000000007456                process_start
 .text.process_poll
                0x000000000000748c       0x18 build/sky/obj/process.o
                0x000000000000748c                process_poll
 .text.queuebuf_init
                0x00000000000074a4       0x12 build/sky/obj/queuebuf.o
                0x00000000000074a4                queuebuf_init
 .text.queuebuf_numfree
                0x00000000000074b6        0xa build/sky/obj/queuebuf.o
                0x00000000000074b6                queuebuf_numfree
 .text.queuebuf_new_from_packetbuf
                0x00000000000074c0       0x52 build/sky/obj/queuebuf.o
                0x00000000000074c0                queuebuf_new_from_packetbuf
 .text.queuebuf_update_attr_from_packetbuf
                0x0000000000007512       0x12 build/sky/obj/queuebuf.o
                0x0000000000007512                queuebuf_update_attr_from_packetbuf
 .text.queuebuf_free
                0x0000000000007524       0x2a build/sky/obj/queuebuf.o
                0x0000000000007524                queuebuf_free
 .text.queuebuf_to_packetbuf
                0x000000000000754e       0x32 build/sky/obj/queuebuf.o
                0x000000000000754e                queuebuf_to_packetbuf
 .text.random_init
                0x0000000000007580        0x6 build/sky/obj/random.o
                0x0000000000007580                random_init
 .text.random_rand
                0x0000000000007586        0x6 build/sky/obj/random.o
                0x0000000000007586                random_rand
 .text.rpl_dag_root_set_prefix
                0x000000000000758c       0x62 build/sky/obj/rpl-dag-root.o
                0x000000000000758c                rpl_dag_root_set_prefix
 .text.rpl_dag_root_start
                0x00000000000075ee       0x8e build/sky/obj/rpl-dag-root.o
                0x00000000000075ee                rpl_dag_root_start
 .text.rpl_dag_root_is_root
                0x000000000000767c       0x14 build/sky/obj/rpl-dag-root.o
                0x000000000000767c                rpl_dag_root_is_root
 .text.init_dag
                0x0000000000007690       0x84 build/sky/obj/rpl-dag.o
 .text.process_dio_init_dag
                0x0000000000007714       0xb0 build/sky/obj/rpl-dag.o
 .text.rpl_dag_get_root_ipaddr
                0x00000000000077c4       0x1e build/sky/obj/rpl-dag.o
                0x00000000000077c4                rpl_dag_get_root_ipaddr
 .text.rpl_dag_leave
                0x00000000000077e2       0x4a build/sky/obj/rpl-dag.o
                0x00000000000077e2                rpl_dag_leave
 .text.rpl_dag_poison_and_leave
                0x000000000000782c        0xc build/sky/obj/rpl-dag.o
                0x000000000000782c                rpl_dag_poison_and_leave
 .text.rpl_dag_periodic
                0x0000000000007838       0x6a build/sky/obj/rpl-dag.o
                0x0000000000007838                rpl_dag_periodic
 .text.rpl_is_addr_in_our_dag
                0x00000000000078a2       0x34 build/sky/obj/rpl-dag.o
                0x00000000000078a2                rpl_is_addr_in_our_dag
 .text.rpl_local_repair
                0x00000000000078d6       0x2a build/sky/obj/rpl-dag.o
                0x00000000000078d6                rpl_local_repair
 .text.rpl_global_repair
                0x0000000000007900       0x2e build/sky/obj/rpl-dag.o
                0x0000000000007900                rpl_global_repair
 .text.rpl_dag_ready_to_advertise
                0x000000000000792e       0x22 build/sky/obj/rpl-dag.o
                0x000000000000792e                rpl_dag_ready_to_advertise
 .text.rpl_dag_update_state
                0x0000000000007950      0x144 build/sky/obj/rpl-dag.o
                0x0000000000007950                rpl_dag_update_state
 .text.rpl_process_dio
                0x0000000000007a94      0x1b6 build/sky/obj/rpl-dag.o
                0x0000000000007a94                rpl_process_dio
 .text.rpl_process_dis
                0x0000000000007c4a       0x2a build/sky/obj/rpl-dag.o
                0x0000000000007c4a                rpl_process_dis
 .text.rpl_process_dao
                0x0000000000007c74       0x6c build/sky/obj/rpl-dag.o
                0x0000000000007c74                rpl_process_dao
 .text.rpl_process_dao_ack
                0x0000000000007ce0       0x54 build/sky/obj/rpl-dag.o
                0x0000000000007ce0                rpl_process_dao_ack
 .text.rpl_process_hbh
                0x0000000000007d34       0x2e build/sky/obj/rpl-dag.o
                0x0000000000007d34                rpl_process_hbh
 .text.rpl_dag_init_root
                0x0000000000007d62       0xbc build/sky/obj/rpl-dag.o
                0x0000000000007d62                rpl_dag_init_root
 .text.rpl_dag_init
                0x0000000000007e1e       0x10 build/sky/obj/rpl-dag.o
                0x0000000000007e1e                rpl_dag_init
 .text.update_hbh_header
                0x0000000000007e2e       0x4a build/sky/obj/rpl-ext-header.o
 .text.rpl_ext_header_srh_get_next_hop
                0x0000000000007e78       0x84 build/sky/obj/rpl-ext-header.o
                0x0000000000007e78                rpl_ext_header_srh_get_next_hop
 .text.rpl_ext_header_srh_update
                0x0000000000007efc      0x250 build/sky/obj/rpl-ext-header.o
                0x0000000000007efc                rpl_ext_header_srh_update
 .text.rpl_ext_header_hbh_update
                0x000000000000814c       0xa4 build/sky/obj/rpl-ext-header.o
                0x000000000000814c                rpl_ext_header_hbh_update
 .text.rpl_ext_header_remove
                0x00000000000081f0       0xcc build/sky/obj/rpl-ext-header.o
                0x00000000000081f0                rpl_ext_header_remove
 .text.rpl_ext_header_update
                0x00000000000082bc      0x2aa build/sky/obj/rpl-ext-header.o
                0x00000000000082bc                rpl_ext_header_update
 .text.get32    0x0000000000008566       0x46 build/sky/obj/rpl-icmp6.o
 .text.set32    0x00000000000085ac       0x2a build/sky/obj/rpl-icmp6.o
 .text.get16    0x00000000000085d6        0xe build/sky/obj/rpl-icmp6.o
 .text.set16    0x00000000000085e4       0x10 build/sky/obj/rpl-icmp6.o
 .text.dao_ack_input
                0x00000000000085f4       0x2a build/sky/obj/rpl-icmp6.o
 .text.dao_input
                0x000000000000861e      0x16e build/sky/obj/rpl-icmp6.o
 .text.dio_input
                0x000000000000878c      0x2ba build/sky/obj/rpl-icmp6.o
 .text.dis_input
                0x0000000000008a46       0x1e build/sky/obj/rpl-icmp6.o
 .text.rpl_icmp6_update_nbr_table
                0x0000000000008a64       0x36 build/sky/obj/rpl-icmp6.o
                0x0000000000008a64                rpl_icmp6_update_nbr_table
 .text.rpl_icmp6_dis_output
                0x0000000000008a9a       0x34 build/sky/obj/rpl-icmp6.o
                0x0000000000008a9a                rpl_icmp6_dis_output
 .text.rpl_icmp6_dio_output
                0x0000000000008ace      0x230 build/sky/obj/rpl-icmp6.o
                0x0000000000008ace                rpl_icmp6_dio_output
 .text.rpl_icmp6_dao_output
                0x0000000000008cfe       0xe6 build/sky/obj/rpl-icmp6.o
                0x0000000000008cfe                rpl_icmp6_dao_output
 .text.rpl_icmp6_dao_ack_output
                0x0000000000008de4       0x44 build/sky/obj/rpl-icmp6.o
                0x0000000000008de4                rpl_icmp6_dao_ack_output
 .text.rpl_icmp6_init
                0x0000000000008e28       0x22 build/sky/obj/rpl-icmp6.o
                0x0000000000008e28                rpl_icmp6_init
 .text.reset    0x0000000000008e4a        0x2 build/sky/obj/rpl-mrhof.o
 .text.update_metric_container
                0x0000000000008e4c        0x6 build/sky/obj/rpl-mrhof.o
 .text.nbr_link_metric
                0x0000000000008e52       0x12 build/sky/obj/rpl-mrhof.o
 .text.nbr_has_usable_link
                0x0000000000008e64       0x14 build/sky/obj/rpl-mrhof.o
 .text.nbr_path_cost
                0x0000000000008e78       0x38 build/sky/obj/rpl-mrhof.o
 .text.within_hysteresis
                0x0000000000008eb0       0x54 build/sky/obj/rpl-mrhof.o
 .text.nbr_is_acceptable_parent
                0x0000000000008f04       0x2c build/sky/obj/rpl-mrhof.o
 .text.rank_via_nbr
                0x0000000000008f30       0x48 build/sky/obj/rpl-mrhof.o
 .text.best_parent
                0x0000000000008f78       0x7c build/sky/obj/rpl-mrhof.o
 .text.get_rank
                0x0000000000008ff4       0x16 build/sky/obj/rpl-nbr-policy.o
 .text.rpl_nbr_gc_get_worst
                0x000000000000900a       0x28 build/sky/obj/rpl-nbr-policy.o
                0x000000000000900a                rpl_nbr_gc_get_worst
 .text.remove_neighbor
                0x0000000000009032       0x24 build/sky/obj/rpl-neighbor.o
 .text.rpl_neighbor_get_from_lladdr
                0x0000000000009056        0xc build/sky/obj/rpl-neighbor.o
                0x0000000000009056                rpl_neighbor_get_from_lladdr
 .text.rpl_neighbor_rank_via_nbr
                0x0000000000009062       0x18 build/sky/obj/rpl-neighbor.o
                0x0000000000009062                rpl_neighbor_rank_via_nbr
 .text.rpl_neighbor_get_lladdr
                0x000000000000907a        0xc build/sky/obj/rpl-neighbor.o
                0x000000000000907a                rpl_neighbor_get_lladdr
 .text.rpl_neighbor_get_ipaddr
                0x0000000000009086        0xa build/sky/obj/rpl-neighbor.o
                0x0000000000009086                rpl_neighbor_get_ipaddr
 .text.rpl_neighbor_get_link_stats
                0x0000000000009090        0xa build/sky/obj/rpl-neighbor.o
                0x0000000000009090                rpl_neighbor_get_link_stats
 .text.rpl_neighbor_is_fresh
                0x000000000000909a        0xa build/sky/obj/rpl-neighbor.o
                0x000000000000909a                rpl_neighbor_is_fresh
 .text.best_parent
                0x00000000000090a4       0xb2 build/sky/obj/rpl-neighbor.o
 .text.rpl_neighbor_set_preferred_parent
                0x0000000000009156       0x48 build/sky/obj/rpl-neighbor.o
                0x0000000000009156                rpl_neighbor_set_preferred_parent
 .text.rpl_neighbor_remove_all
                0x000000000000919e       0x30 build/sky/obj/rpl-neighbor.o
                0x000000000000919e                rpl_neighbor_remove_all
 .text.rpl_neighbor_get_from_ipaddr
                0x00000000000091ce       0x14 build/sky/obj/rpl-neighbor.o
                0x00000000000091ce                rpl_neighbor_get_from_ipaddr
 .text.rpl_neighbor_select_best
                0x00000000000091e2       0x54 build/sky/obj/rpl-neighbor.o
                0x00000000000091e2                rpl_neighbor_select_best
 .text.rpl_neighbor_init
                0x0000000000009236        0xe build/sky/obj/rpl-neighbor.o
                0x0000000000009236                rpl_neighbor_init
 .text.handle_state_update
                0x0000000000009244        0x6 build/sky/obj/rpl-timers.o
 .text.handle_leaving_timer
                0x000000000000924a        0xc build/sky/obj/rpl-timers.o
 .text.handle_unicast_dio_timer
                0x0000000000009256       0x12 build/sky/obj/rpl-timers.o
 .text.handle_dao_ack_timer
                0x0000000000009268       0x12 build/sky/obj/rpl-timers.o
 .text.ctimer_set.constprop.3
                0x000000000000927a        0xe build/sky/obj/rpl-timers.o
 .text.new_dio_interval
                0x0000000000009288       0x86 build/sky/obj/rpl-timers.o
 .text.handle_dio_timer
                0x000000000000930e       0x6a build/sky/obj/rpl-timers.o
 .text.schedule_dao_retransmission
                0x0000000000009378       0x30 build/sky/obj/rpl-timers.o
 .text.send_new_dao
                0x00000000000093a8       0x28 build/sky/obj/rpl-timers.o
 .text.resend_dao
                0x00000000000093d0       0x24 build/sky/obj/rpl-timers.o
 .text.rpl_timers_schedule_periodic_dis
                0x00000000000093f4       0x3c build/sky/obj/rpl-timers.o
                0x00000000000093f4                rpl_timers_schedule_periodic_dis
 .text.handle_periodic_timer
                0x0000000000009430       0x3a build/sky/obj/rpl-timers.o
 .text.handle_dis_timer
                0x000000000000946a       0x26 build/sky/obj/rpl-timers.o
 .text.rpl_timers_dio_reset
                0x0000000000009490       0x2e build/sky/obj/rpl-timers.o
                0x0000000000009490                rpl_timers_dio_reset
 .text.rpl_timers_schedule_unicast_dio
                0x00000000000094be       0x1c build/sky/obj/rpl-timers.o
                0x00000000000094be                rpl_timers_schedule_unicast_dio
 .text.rpl_timers_schedule_dao
                0x00000000000094da       0x38 build/sky/obj/rpl-timers.o
                0x00000000000094da                rpl_timers_schedule_dao
 .text.rpl_timers_schedule_dao_ack
                0x0000000000009512       0x30 build/sky/obj/rpl-timers.o
                0x0000000000009512                rpl_timers_schedule_dao_ack
 .text.rpl_timers_notify_dao_ack
                0x0000000000009542       0x7e build/sky/obj/rpl-timers.o
                0x0000000000009542                rpl_timers_notify_dao_ack
 .text.get_probing_delay
                0x00000000000095c0       0x1c build/sky/obj/rpl-timers.o
                0x00000000000095c0                get_probing_delay
 .text.get_probing_target
                0x00000000000095dc       0xee build/sky/obj/rpl-timers.o
                0x00000000000095dc                get_probing_target
 .text.rpl_schedule_probing
                0x00000000000096ca       0x1c build/sky/obj/rpl-timers.o
                0x00000000000096ca                rpl_schedule_probing
 .text.handle_probing_timer
                0x00000000000096e6       0x2a build/sky/obj/rpl-timers.o
 .text.rpl_schedule_probing_now
                0x0000000000009710       0x20 build/sky/obj/rpl-timers.o
                0x0000000000009710                rpl_schedule_probing_now
 .text.rpl_timers_unschedule_leaving
                0x0000000000009730       0x1c build/sky/obj/rpl-timers.o
                0x0000000000009730                rpl_timers_unschedule_leaving
 .text.rpl_timers_schedule_leaving
                0x000000000000974c       0x26 build/sky/obj/rpl-timers.o
                0x000000000000974c                rpl_timers_schedule_leaving
 .text.rpl_timers_init
                0x0000000000009772       0x18 build/sky/obj/rpl-timers.o
                0x0000000000009772                rpl_timers_init
 .text.rpl_timers_stop_dag_timers
                0x000000000000978a       0x4c build/sky/obj/rpl-timers.o
                0x000000000000978a                rpl_timers_stop_dag_timers
 .text.rpl_timers_schedule_state_update
                0x00000000000097d6       0x18 build/sky/obj/rpl-timers.o
                0x00000000000097d6                rpl_timers_schedule_state_update
 .text.rpl_has_joined
                0x00000000000097ee       0x12 build/sky/obj/rpl.o
                0x00000000000097ee                rpl_has_joined
 .text.rpl_is_reachable
                0x0000000000009800       0x12 build/sky/obj/rpl.o
                0x0000000000009800                rpl_is_reachable
 .text.neighbor_state_changed
                0x0000000000009812        0x2 build/sky/obj/rpl.o
 .text.drop_route
                0x0000000000009814        0x2 build/sky/obj/rpl.o
 .text.rpl_get_leaf_only
                0x0000000000009816        0x6 build/sky/obj/rpl.o
                0x0000000000009816                rpl_get_leaf_only
 .text.get_sr_node_ipaddr
                0x000000000000981c       0x34 build/sky/obj/rpl.o
 .text.init     0x0000000000009850       0x42 build/sky/obj/rpl.o
 .text.set_ip_from_prefix
                0x0000000000009892       0x38 build/sky/obj/rpl.o
 .text.rpl_link_callback
                0x00000000000098ca       0x1e build/sky/obj/rpl.o
                0x00000000000098ca                rpl_link_callback
 .text.rpl_lollipop_greater_than
                0x00000000000098e8       0x3c build/sky/obj/rpl.o
                0x00000000000098e8                rpl_lollipop_greater_than
 .text.rpl_get_global_address
                0x0000000000009924       0xbe build/sky/obj/rpl.o
                0x0000000000009924                rpl_get_global_address
 .text.rpl_reset_prefix
                0x00000000000099e2       0x24 build/sky/obj/rpl.o
                0x00000000000099e2                rpl_reset_prefix
 .text.rpl_set_prefix_from_addr
                0x0000000000009a06       0x92 build/sky/obj/rpl.o
                0x0000000000009a06                rpl_set_prefix_from_addr
 .text.timera0  0x0000000000009a98       0x2c build/sky/obj/rtimer-arch.o
                0x0000000000009a98                __isr_6
                0x0000000000009a98                timera0
 .text.rtimer_arch_init
                0x0000000000009ac4        0xe build/sky/obj/rtimer-arch.o
                0x0000000000009ac4                rtimer_arch_init
 .text.rtimer_arch_now
                0x0000000000009ad2        0xe build/sky/obj/rtimer-arch.o
                0x0000000000009ad2                rtimer_arch_now
 .text.rtimer_run_next
                0x0000000000009ae0       0x18 build/sky/obj/rtimer.o
                0x0000000000009ae0                rtimer_run_next
 .text.process_thread_sensors_process
                0x0000000000009af8       0xc2 build/sky/obj/sensors.o
 .text.sensors_changed
                0x0000000000009bba       0x2a build/sky/obj/sensors.o
                0x0000000000009bba                sensors_changed
 .text.clear_fragments
                0x0000000000009be4       0x40 build/sky/obj/sicslowpan.o
 .text.addr_context_lookup_by_number
                0x0000000000009c24       0x16 build/sky/obj/sicslowpan.o
 .text.sicslowpan_init
                0x0000000000009c3a       0x18 build/sky/obj/sicslowpan.o
                0x0000000000009c3a                sicslowpan_init
 .text.set_packet_attrs
                0x0000000000009c52       0x66 build/sky/obj/sicslowpan.o
 .text.compress_addr_64
                0x0000000000009cb8       0xae build/sky/obj/sicslowpan.o
 .text.addr_context_lookup_by_prefix
                0x0000000000009d66       0x20 build/sky/obj/sicslowpan.o
 .text.send_packet
                0x0000000000009d86       0x10 build/sky/obj/sicslowpan.o
 .text.fragment_copy_payload_and_send
                0x0000000000009d96       0x58 build/sky/obj/sicslowpan.o
 .text.packet_sent
                0x0000000000009dee       0x56 build/sky/obj/sicslowpan.o
 .text.store_fragment
                0x0000000000009e44       0xb8 build/sky/obj/sicslowpan.o
 .text.add_fragment
                0x0000000000009efc      0x1fc build/sky/obj/sicslowpan.o
 .text.uncompress_addr
                0x000000000000a0f8       0xce build/sky/obj/sicslowpan.o
 .text.output   0x000000000000a1c6      0x79e build/sky/obj/sicslowpan.o
 .text.input    0x000000000000a964      0xa1a build/sky/obj/sicslowpan.o
 .text.process_thread_simple_udp_process
                0x000000000000b37e       0xb8 build/sky/obj/simple-udp.o
 .text.simple_udp_register
                0x000000000000b436       0x9a build/sky/obj/simple-udp.o
                0x000000000000b436                simple_udp_register
 .text.spi_init
                0x000000000000b4d0       0x30 build/sky/obj/spi-legacy.o
                0x000000000000b4d0                spi_init
 .text.stack_check_init
                0x000000000000b500       0x2e build/sky/obj/stack-check.o
                0x000000000000b500                stack_check_init
 .text.stack_check_get_usage
                0x000000000000b52e       0x46 build/sky/obj/stack-check.o
                0x000000000000b52e                stack_check_get_usage
 .text.process_thread_stack_check_process
                0x000000000000b574       0x90 build/sky/obj/stack-check.o
 .text.stimer_expired
                0x000000000000b604       0x30 build/sky/obj/stimer.o
                0x000000000000b604                stimer_expired
 .text.tcpip_output
                0x000000000000b634       0x22 build/sky/obj/tcpip.o
                0x000000000000b634                tcpip_output
 .text.udp_new  0x000000000000b656       0x1a build/sky/obj/tcpip.o
                0x000000000000b656                udp_new
 .text.tcpip_input
                0x000000000000b670       0x1e build/sky/obj/tcpip.o
                0x000000000000b670                tcpip_input
 .text.tcpip_ipv6_output
                0x000000000000b68e      0x114 build/sky/obj/tcpip.o
                0x000000000000b68e                tcpip_ipv6_output
 .text.packet_input.part.3
                0x000000000000b7a2       0x12 build/sky/obj/tcpip.o
 .text.process_thread_tcpip_process
                0x000000000000b7b4       0xb6 build/sky/obj/tcpip.o
 .text.tcpip_uipcall
                0x000000000000b86a       0x2a build/sky/obj/tcpip.o
                0x000000000000b86a                tcpip_uipcall
 .text.timer_set
                0x000000000000b894       0x1c build/sky/obj/timer.o
                0x000000000000b894                timer_set
 .text.timer_expired
                0x000000000000b8b0       0x2a build/sky/obj/timer.o
                0x000000000000b8b0                timer_expired
 .text.timer_reset
                0x000000000000b8da       0x1c build/sky/obj/timer.o
                0x000000000000b8da                timer_reset
 .text.putchar  0x000000000000b8f6       0x10 build/sky/obj/uart-putchar.o
                0x000000000000b8f6                putchar
 .text.uart1_active
                0x000000000000b906       0x18 build/sky/obj/uart1.o
                0x000000000000b906                uart1_active
 .text.uart1_writeb
                0x000000000000b91e       0x18 build/sky/obj/uart1.o
                0x000000000000b91e                uart1_writeb
 .text.uart1_init
                0x000000000000b936       0xf4 build/sky/obj/uart1.o
                0x000000000000b936                uart1_init
 .text.uip_ds6_nbr_rm
                0x000000000000ba2a       0x1e build/sky/obj/uip-ds6-nbr.o
                0x000000000000ba2a                uip_ds6_nbr_rm
 .text.uip_ds6_neighbors_init
                0x000000000000ba48       0x12 build/sky/obj/uip-ds6-nbr.o
                0x000000000000ba48                uip_ds6_neighbors_init
 .text.uip_ds6_nbr_add
                0x000000000000ba5a       0x3e build/sky/obj/uip-ds6-nbr.o
                0x000000000000ba5a                uip_ds6_nbr_add
 .text.uip_ds6_nbr_get_ll
                0x000000000000ba98        0xc build/sky/obj/uip-ds6-nbr.o
                0x000000000000ba98                uip_ds6_nbr_get_ll
 .text.uip_ds6_nbr_head
                0x000000000000baa4        0xa build/sky/obj/uip-ds6-nbr.o
                0x000000000000baa4                uip_ds6_nbr_head
 .text.uip_ds6_nbr_next
                0x000000000000baae        0xc build/sky/obj/uip-ds6-nbr.o
                0x000000000000baae                uip_ds6_nbr_next
 .text.uip_ds6_nbr_lookup
                0x000000000000baba       0x3a build/sky/obj/uip-ds6-nbr.o
                0x000000000000baba                uip_ds6_nbr_lookup
 .text.uip_ds6_nbr_ll_lookup
                0x000000000000baf4        0xc build/sky/obj/uip-ds6-nbr.o
                0x000000000000baf4                uip_ds6_nbr_ll_lookup
 .text.uip_ds6_nbr_update_ll
                0x000000000000bb00       0x76 build/sky/obj/uip-ds6-nbr.o
                0x000000000000bb00                uip_ds6_nbr_update_ll
 .text.uip_ds6_nbr_ipaddr_from_lladdr
                0x000000000000bb76        0x6 build/sky/obj/uip-ds6-nbr.o
                0x000000000000bb76                uip_ds6_nbr_ipaddr_from_lladdr
 .text.uip_ds6_nbr_lladdr_from_ipaddr
                0x000000000000bb7c       0x12 build/sky/obj/uip-ds6-nbr.o
                0x000000000000bb7c                uip_ds6_nbr_lladdr_from_ipaddr
 .text.uip_ds6_link_callback
                0x000000000000bb8e        0x2 build/sky/obj/uip-ds6-nbr.o
                0x000000000000bb8e                uip_ds6_link_callback
 .text.uip_ds6_route_init
                0x000000000000bb90        0xe build/sky/obj/uip-ds6-route.o
                0x000000000000bb90                uip_ds6_route_init
 .text.uip_ds6_route_nexthop
                0x000000000000bb9e        0x4 build/sky/obj/uip-ds6-route.o
                0x000000000000bb9e                uip_ds6_route_nexthop
 .text.uip_ds6_route_lookup
                0x000000000000bba2        0x4 build/sky/obj/uip-ds6-route.o
                0x000000000000bba2                uip_ds6_route_lookup
 .text.uip_ds6_route_rm
                0x000000000000bba6        0x2 build/sky/obj/uip-ds6-route.o
                0x000000000000bba6                uip_ds6_route_rm
 .text.uip_ds6_defrt_rm
                0x000000000000bba8       0x2c build/sky/obj/uip-ds6-route.o
                0x000000000000bba8                uip_ds6_defrt_rm
 .text.uip_ds6_defrt_lookup
                0x000000000000bbd4       0x34 build/sky/obj/uip-ds6-route.o
                0x000000000000bbd4                uip_ds6_defrt_lookup
 .text.uip_ds6_defrt_add
                0x000000000000bc08       0x78 build/sky/obj/uip-ds6-route.o
                0x000000000000bc08                uip_ds6_defrt_add
 .text.uip_ds6_defrt_choose
                0x000000000000bc80       0x2e build/sky/obj/uip-ds6-route.o
                0x000000000000bc80                uip_ds6_defrt_choose
 .text.uip_ds6_defrt_periodic
                0x000000000000bcae       0x2e build/sky/obj/uip-ds6-route.o
                0x000000000000bcae                uip_ds6_defrt_periodic
 .text.uip_ds6_default_prefix
                0x000000000000bcdc        0x6 build/sky/obj/uip-ds6.o
                0x000000000000bcdc                uip_ds6_default_prefix
 .text.uip_ds6_list_loop
                0x000000000000bce2       0x90 build/sky/obj/uip-ds6.o
                0x000000000000bce2                uip_ds6_list_loop
 .text.uip_ds6_prefix_add
                0x000000000000bd72       0x76 build/sky/obj/uip-ds6.o
                0x000000000000bd72                uip_ds6_prefix_add
 .text.uip_ds6_is_addr_onlink
                0x000000000000bde8       0x52 build/sky/obj/uip-ds6.o
                0x000000000000bde8                uip_ds6_is_addr_onlink
 .text.uip_ds6_addr_lookup
                0x000000000000be3a       0x2a build/sky/obj/uip-ds6.o
                0x000000000000be3a                uip_ds6_addr_lookup
 .text.uip_ds6_get_link_local
                0x000000000000be64       0x3e build/sky/obj/uip-ds6.o
                0x000000000000be64                uip_ds6_get_link_local
 .text.uip_ds6_maddr_add
                0x000000000000bea2       0x42 build/sky/obj/uip-ds6.o
                0x000000000000bea2                uip_ds6_maddr_add
 .text.uip_ds6_addr_add
                0x000000000000bee4       0xc6 build/sky/obj/uip-ds6.o
                0x000000000000bee4                uip_ds6_addr_add
 .text.uip_ds6_maddr_rm
                0x000000000000bfaa        0xa build/sky/obj/uip-ds6.o
                0x000000000000bfaa                uip_ds6_maddr_rm
 .text.uip_ds6_maddr_lookup
                0x000000000000bfb4       0x2a build/sky/obj/uip-ds6.o
                0x000000000000bfb4                uip_ds6_maddr_lookup
 .text.uip_ds6_addr_rm
                0x000000000000bfde       0x54 build/sky/obj/uip-ds6.o
                0x000000000000bfde                uip_ds6_addr_rm
 .text.uip_ds6_periodic
                0x000000000000c032       0x46 build/sky/obj/uip-ds6.o
                0x000000000000c032                uip_ds6_periodic
 .text.uip_ds6_set_addr_iid
                0x000000000000c078       0x14 build/sky/obj/uip-ds6.o
                0x000000000000c078                uip_ds6_set_addr_iid
 .text.uip_ds6_set_lladdr_from_iid
                0x000000000000c08c       0x14 build/sky/obj/uip-ds6.o
                0x000000000000c08c                uip_ds6_set_lladdr_from_iid
 .text.get_match_length
                0x000000000000c0a0       0x44 build/sky/obj/uip-ds6.o
                0x000000000000c0a0                get_match_length
 .text.uip_ds6_select_src
                0x000000000000c0e4       0xa6 build/sky/obj/uip-ds6.o
                0x000000000000c0e4                uip_ds6_select_src
 .text.uip_ds6_compute_reachable_time
                0x000000000000c18a       0x3e build/sky/obj/uip-ds6.o
                0x000000000000c18a                uip_ds6_compute_reachable_time
 .text.uip_ds6_init
                0x000000000000c1c8      0x164 build/sky/obj/uip-ds6.o
                0x000000000000c1c8                uip_ds6_init
 .text.echo_reply_input
                0x000000000000c32c       0x5e build/sky/obj/uip-icmp6.o
 .text.echo_request_input
                0x000000000000c38a       0x86 build/sky/obj/uip-icmp6.o
 .text.uip_icmp6_input
                0x000000000000c410       0x34 build/sky/obj/uip-icmp6.o
                0x000000000000c410                uip_icmp6_input
 .text.uip_icmp6_register_input_handler
                0x000000000000c444        0xc build/sky/obj/uip-icmp6.o
                0x000000000000c444                uip_icmp6_register_input_handler
 .text.uip_icmp6_error_output
                0x000000000000c450      0x146 build/sky/obj/uip-icmp6.o
                0x000000000000c450                uip_icmp6_error_output
 .text.uip_icmp6_send
                0x000000000000c596       0x8e build/sky/obj/uip-icmp6.o
                0x000000000000c596                uip_icmp6_send
 .text.uip_icmp6_init
                0x000000000000c624       0x12 build/sky/obj/uip-icmp6.o
                0x000000000000c624                uip_icmp6_init
 .text.ns_input
                0x000000000000c636      0x2aa build/sky/obj/uip-nd6.o
 .text.uip_nd6_init
                0x000000000000c8e0        0xa build/sky/obj/uip-nd6.o
                0x000000000000c8e0                uip_nd6_init
 .text.node_matches_address.part.0
                0x000000000000c8ea       0x2e build/sky/obj/uip-sr.o
 .text.uip_sr_get_node
                0x000000000000c918       0x3a build/sky/obj/uip-sr.o
                0x000000000000c918                uip_sr_get_node
 .text.uip_sr_is_addr_reachable
                0x000000000000c952       0x4e build/sky/obj/uip-sr.o
                0x000000000000c952                uip_sr_is_addr_reachable
 .text.uip_sr_expire_parent
                0x000000000000c9a0       0x50 build/sky/obj/uip-sr.o
                0x000000000000c9a0                uip_sr_expire_parent
 .text.uip_sr_update_node
                0x000000000000c9f0       0xbc build/sky/obj/uip-sr.o
                0x000000000000c9f0                uip_sr_update_node
 .text.uip_sr_init
                0x000000000000caac       0x12 build/sky/obj/uip-sr.o
                0x000000000000caac                uip_sr_init
 .text.uip_sr_periodic
                0x000000000000cabe       0x8c build/sky/obj/uip-sr.o
                0x000000000000cabe                uip_sr_periodic
 .text.uip_sr_free_all
                0x000000000000cb4a       0x30 build/sky/obj/uip-sr.o
                0x000000000000cb4a                uip_sr_free_all
 .text.chksum   0x000000000000cb7a       0x32 build/sky/obj/uip6.o
 .text.upper_layer_chksum
                0x000000000000cbac       0x58 build/sky/obj/uip6.o
 .text.ext_hdr_options_process
                0x000000000000cc04       0xa4 build/sky/obj/uip6.o
 .text.uip_check_mtu
                0x000000000000cca8       0x1e build/sky/obj/uip6.o
 .text.uip_update_ttl
                0x000000000000ccc6       0x24 build/sky/obj/uip6.o
 .text.uip_icmp6chksum
                0x000000000000ccea        0xa build/sky/obj/uip6.o
                0x000000000000ccea                uip_icmp6chksum
 .text.uip_udpchksum
                0x000000000000ccf4        0xa build/sky/obj/uip6.o
                0x000000000000ccf4                uip_udpchksum
 .text.uip_init
                0x000000000000ccfe       0x3c build/sky/obj/uip6.o
                0x000000000000ccfe                uip_init
 .text.uip_remove_ext_hdr
                0x000000000000cd3a       0x5e build/sky/obj/uip6.o
                0x000000000000cd3a                uip_remove_ext_hdr
 .text.uip_udp_new
                0x000000000000cd98       0xac build/sky/obj/uip6.o
                0x000000000000cd98                uip_udp_new
 .text.uip_process
                0x000000000000ce44      0x568 build/sky/obj/uip6.o
                0x000000000000ce44                uip_process
 .text.uip_htonl
                0x000000000000d3ac       0x2e build/sky/obj/uip6.o
                0x000000000000d3ac                uip_htonl
 .text.uipbuf_add_ext_hdr
                0x000000000000d3da       0x1c build/sky/obj/uipbuf.o
                0x000000000000d3da                uipbuf_add_ext_hdr
 .text.uipbuf_set_len
                0x000000000000d3f6       0x12 build/sky/obj/uipbuf.o
                0x000000000000d3f6                uipbuf_set_len
 .text.uipbuf_set_len_field
                0x000000000000d408        0xe build/sky/obj/uipbuf.o
                0x000000000000d408                uipbuf_set_len_field
 .text.uipbuf_get_len_field
                0x000000000000d416        0xe build/sky/obj/uipbuf.o
                0x000000000000d416                uipbuf_get_len_field
 .text.uipbuf_get_next_header
                0x000000000000d424       0x6a build/sky/obj/uipbuf.o
                0x000000000000d424                uipbuf_get_next_header
 .text.uipbuf_get_last_header
                0x000000000000d48e       0x3e build/sky/obj/uipbuf.o
                0x000000000000d48e                uipbuf_get_last_header
 .text.uipbuf_search_header
                0x000000000000d4cc       0x4e build/sky/obj/uipbuf.o
                0x000000000000d4cc                uipbuf_search_header
 .text.uipbuf_get_attr
                0x000000000000d51a       0x12 build/sky/obj/uipbuf.o
                0x000000000000d51a                uipbuf_get_attr
 .text.uipbuf_set_attr
                0x000000000000d52c       0x14 build/sky/obj/uipbuf.o
                0x000000000000d52c                uipbuf_set_attr
 .text.uipbuf_clear_attr
                0x000000000000d540       0x12 build/sky/obj/uipbuf.o
                0x000000000000d540                uipbuf_clear_attr
 .text.uipbuf_clear
                0x000000000000d552       0x12 build/sky/obj/uipbuf.o
                0x000000000000d552                uipbuf_clear
 .text.uipbuf_init
                0x000000000000d564       0x1a build/sky/obj/uipbuf.o
                0x000000000000d564                uipbuf_init
 .text.uiplib_ipaddr_snprint
                0x000000000000d57e      0x12c build/sky/obj/uiplib.o
                0x000000000000d57e                uiplib_ipaddr_snprint
 .text.watchdog_interrupt
                0x000000000000d6aa        0x6 build/sky/obj/watchdog.o
                0x000000000000d6aa                __isr_10
                0x000000000000d6aa                watchdog_interrupt
 .text.watchdog_start
                0x000000000000d6b0       0x14 build/sky/obj/watchdog.o
                0x000000000000d6b0                watchdog_start
 .text.watchdog_periodic
                0x000000000000d6c4       0x12 build/sky/obj/watchdog.o
                0x000000000000d6c4                watchdog_periodic
 .text.watchdog_stop
                0x000000000000d6d6       0x16 build/sky/obj/watchdog.o
                0x000000000000d6d6                watchdog_stop
 .text.watchdog_init
                0x000000000000d6ec       0x12 build/sky/obj/watchdog.o
                0x000000000000d6ec                watchdog_init
 .text.xmem_init
                0x000000000000d6fe       0x3c build/sky/obj/xmem.o
                0x000000000000d6fe                xmem_init
 .text.printf   0x000000000000d73a       0x10 /home/chandra/msp430/lib/gcc/msp430/4.7.0/../../../../msp430/lib/mmpy-16/libc.a(printf.o)
                0x000000000000d73a                printf
 .text.append   0x000000000000d74a       0x22 /home/chandra/msp430/lib/gcc/msp430/4.7.0/../../../../msp430/lib/mmpy-16/libc.a(sprintf.o)
 .text.call_vuprintf
                0x000000000000d76c       0x3a /home/chandra/msp430/lib/gcc/msp430/4.7.0/../../../../msp430/lib/mmpy-16/libc.a(sprintf.o)
 .text.snprintf
                0x000000000000d7a6       0x1a /home/chandra/msp430/lib/gcc/msp430/4.7.0/../../../../msp430/lib/mmpy-16/libc.a(sprintf.o)
                0x000000000000d7a6                snprintf
 .text.print_field
                0x000000000000d7c0      0x194 /home/chandra/msp430/lib/gcc/msp430/4.7.0/../../../../msp430/lib/mmpy-16/libc.a(vuprintf.o)
 .text.vuprintf
                0x000000000000d954      0x63c /home/chandra/msp430/lib/gcc/msp430/4.7.0/../../../../msp430/lib/mmpy-16/libc.a(vuprintf.o)
                0x000000000000d954                vuprintf
 .text.puts     0x000000000000df90       0x2c /home/chandra/msp430/lib/gcc/msp430/4.7.0/../../../../msp430/lib/mmpy-16/libc.a(puts.o)
                0x000000000000df90                puts
 .text.rand     0x000000000000dfbc       0x26 /home/chandra/msp430/lib/gcc/msp430/4.7.0/../../../../msp430/lib/mmpy-16/libc.a(rand.o)
                0x000000000000dfbc                rand
 .text.srand    0x000000000000dfe2        0xa /home/chandra/msp430/lib/gcc/msp430/4.7.0/../../../../msp430/lib/mmpy-16/libc.a(rand.o)
                0x000000000000dfe2                srand
 .text.memcmp   0x000000000000dfec       0x30 /home/chandra/msp430/lib/gcc/msp430/4.7.0/../../../../msp430/lib/mmpy-16/libc.a(memcmp.o)
                0x000000000000dfec                memcmp
 .text.memcpy   0x000000000000e01c       0xfa /home/chandra/msp430/lib/gcc/msp430/4.7.0/../../../../msp430/lib/mmpy-16/libc.a(memcpy.o)
                0x000000000000e01c                memcpy
 .text.memmove  0x000000000000e116       0xfa /home/chandra/msp430/lib/gcc/msp430/4.7.0/../../../../msp430/lib/mmpy-16/libc.a(memmove.o)
                0x000000000000e116                memmove
 .text.memset   0x000000000000e210       0x6a /home/chandra/msp430/lib/gcc/msp430/4.7.0/../../../../msp430/lib/mmpy-16/libc.a(memset.o)
                0x000000000000e210                memset
 .text.crt0     0x000000000000e27a        0x2 /home/chandra/msp430/lib/gcc/msp430/4.7.0/mmpy-16/libcrt0.a(_unexpected_.o)
                0x000000000000e27a                _unexpected_
 .text.libgcc   0x000000000000e27c       0x2c /home/chandra/msp430/lib/gcc/msp430/4.7.0/mmpy-16/libgcc.a(_mulsi3.o)
                0x000000000000e27c                __mulsi3
 .text.libgcc   0x000000000000e2a8       0x22 /home/chandra/msp430/lib/gcc/msp430/4.7.0/mmpy-16/libgcc.a(_udivmod16.o)
                0x000000000000e2a8                __udivhi3
                0x000000000000e2a8                __ext_udivmod16
                0x000000000000e2c2                __umodhi3
 .text.libgcc   0x000000000000e2ca       0x3a /home/chandra/msp430/lib/gcc/msp430/4.7.0/mmpy-16/libgcc.a(_divmod16.o)
                0x000000000000e2ca                __ext_divmod16
                0x000000000000e2ca                __divhi3
                0x000000000000e2fc                __modhi3
 .text.libgcc   0x000000000000e304       0x40 /home/chandra/msp430/lib/gcc/msp430/4.7.0/mmpy-16/libgcc.a(_udivmod32.o)
                0x000000000000e304                __udivsi3
                0x000000000000e304                __ext_udivmod32
                0x000000000000e33a                __umodsi3
 .text.libgcc   0x000000000000e344       0x4c /home/chandra/msp430/lib/gcc/msp430/4.7.0/mmpy-16/libgcc.a(_divmod32.o)
                0x000000000000e344                __ext_divmod32
                0x000000000000e344                __divsi3
                0x000000000000e386                __modsi3
 .text.libgcc   0x000000000000e390       0xf0 /home/chandra/msp430/lib/gcc/msp430/4.7.0/mmpy-16/libgcc.a(_udivmod64.o)
                0x000000000000e390                __xabi_udivmod64
                0x000000000000e3ee                __udivdi3
                0x000000000000e414                __umoddi3
                0x000000000000e442                __udivmoddi4
 *(SORT(.near.text) SORT(.near.text.*))

.rodata         0x000000000000e480      0x551
                0x000000000000e480                . = ALIGN (0x2)
 *(SORT(.rodata) SORT(.rodata.*) SORT(.gnu.linkonce.r.*))
 .rodata.get_value
                0x000000000000e480       0x34 build/sky/obj/cc2420.o
 .rodata.set_value
                0x000000000000e4b4       0x10 build/sky/obj/cc2420.o
 .rodata        0x000000000000e4c4       0x10 build/sky/obj/button-sensor.o
                0x000000000000e4cc                button_sensor
 .rodata        0x000000000000e4d4       0x3e build/sky/obj/cc2420.o
                0x000000000000e4d4                cc2420_aes_128_driver
                0x000000000000e4d8                cc2420_driver
 .rodata        0x000000000000e512       0x14 build/sky/obj/csma.o
                0x000000000000e518                csma_driver
 .rodata        0x000000000000e526        0x6 build/sky/obj/framer-802154.o
                0x000000000000e526                framer_802154
 .rodata        0x000000000000e52c       0xb8 build/sky/obj/ids-monitor.o
                0x000000000000e5ce                autostart_processes
 .rodata        0x000000000000e5e4        0x8 build/sky/obj/linkaddr.o
                0x000000000000e5e4                linkaddr_null
 .rodata        0x000000000000e5ec       0xca build/sky/obj/log.o
 .rodata        0x000000000000e6b6       0xe0 build/sky/obj/rpl-dag.o
 .rodata        0x000000000000e796       0x34 build/sky/obj/rpl.o
                0x000000000000e7a0                rpl_lite_driver
 .rodata        0x000000000000e7ca       0x26 build/sky/obj/sicslowpan.o
                0x000000000000e7d6                sicslowpan_driver
                0x000000000000e7de                llprefix
                0x000000000000e7e0                unc_mxconf
                0x000000000000e7e4                unc_ctxconf
                0x000000000000e7e8                unc_llconf
 .rodata        0x000000000000e7f0       0xed build/sky/obj/contiki-main.o
 .rodata        0x000000000000e8dd        0xf build/sky/obj/ctimer.o
 .rodata        0x000000000000e8ec        0xc build/sky/obj/etimer.o
 .rodata        0x000000000000e8f8        0x2 build/sky/obj/frame802154.o
 .rodata        0x000000000000e8fa       0x31 build/sky/obj/platform.o
 .rodata        0x000000000000e92b        0xc build/sky/obj/rpl-timers.o
 .rodata        0x000000000000e937        0x8 build/sky/obj/sensors.o
 .rodata        0x000000000000e93f       0x13 build/sky/obj/simple-udp.o
 .rodata        0x000000000000e952       0x3e build/sky/obj/stack-check.o
 .rodata        0x000000000000e990        0xd build/sky/obj/tcpip.o
 .rodata        0x000000000000e99d       0x2d build/sky/obj/uiplib.o
 .rodata.vuprintf
                0x000000000000e9ca        0x7 /home/chandra/msp430/lib/gcc/msp430/4.7.0/../../../../msp430/lib/mmpy-16/libc.a(vuprintf.o)
 *(SORT(.near.rodata) SORT(.near.rodata.*))
                0x000000000000e9d2                . = ALIGN (0x2)
                0x000000000000e9d2                _etext = .

.data           0x0000000000001100      0x150 load address 0x000000000000e9d2
                0x0000000000001100                . = ALIGN (0x2)
                0x0000000000001100                __data_start = .
 *(SORT(.data) SORT(.data.*) SORT(.gnu.linkonce.d.*))
 .data          0x0000000000001100        0xc build/sky/obj/cc2420.o
                0x0000000000001100                cc2420_process
 .data          0x000000000000110c       0x18 build/sky/obj/csma-output.o
 .data          0x0000000000001124        0xa build/sky/obj/ctimer.o
                0x0000000000001124                ctimer_process
 .data          0x000000000000112e        0xa build/sky/obj/etimer.o
                0x000000000000112e                etimer_process
 .data          0x0000000000001138        0x2 build/sky/obj/frame802154.o
 .data          0x000000000000113a        0xa build/sky/obj/ids-monitor.o
                0x000000000000113a                ids_monitor_process
 .data          0x0000000000001144        0x8 build/sky/obj/link-stats.o
 .data          0x000000000000114c       0x5c build/sky/obj/log.o
                0x000000000000114c                all_modules
                0x00000000000011a6                curr_log_level_main
 .data          0x00000000000011a8        0x2 build/sky/obj/msp430.o
 .data          0x00000000000011aa        0x8 build/sky/obj/nbr-table.o
 .data          0x00000000000011b2        0x4 build/sky/obj/platform.o
                0x00000000000011b2                sensors
 .data          0x00000000000011b6       0x10 build/sky/obj/queuebuf.o
 .data          0x00000000000011c6       0x18 build/sky/obj/rpl-icmp6.o
 .data          0x00000000000011de       0x12 build/sky/obj/rpl-mrhof.o
                0x00000000000011de                rpl_mrhof
 .data          0x00000000000011f0        0xa build/sky/obj/rpl-neighbor.o
                0x00000000000011f0                rpl_neighbors
 .data          0x00000000000011fa        0xa build/sky/obj/sensors.o
                0x00000000000011fa                sensors_process
 .data          0x0000000000001204        0xa build/sky/obj/simple-udp.o
                0x0000000000001204                simple_udp_process
 .data          0x000000000000120e        0xa build/sky/obj/stack-check.o
                0x000000000000120e                stack_check_process
 .data          0x0000000000001218        0xa build/sky/obj/tcpip.o
                0x0000000000001218                tcpip_process
 .data          0x0000000000001222        0x8 build/sky/obj/uip-ds6-nbr.o
 .data          0x000000000000122a        0x8 build/sky/obj/uip-ds6-route.o
 .data          0x0000000000001232        0xc build/sky/obj/uip-icmp6.o
 .data          0x000000000000123e        0x6 build/sky/obj/uip-nd6.o
 .data          0x0000000000001244        0x8 build/sky/obj/uip-sr.o
 .data.next     0x000000000000124c        0x4 /home/chandra/msp430/lib/gcc/msp430/4.7.0/../../../../msp430/lib/mmpy-16/libc.a(rand.o)
 *(SORT(.near.data) SORT(.near.data.*))
                0x0000000000001250                . = ALIGN (0x2)
                0x0000000000001250                _edata = .
                0x000000000000e9d2                __data_load_start = LOADADDR (.data)
                0x0000000000000150                __data_size = SIZEOF (.data)

.bss            0x0000000000001250     0x1c5a load address 0x000000000000eb22
                0x0000000000001250                __bss_start = .
 *(SORT(.bss) SORT(.bss.*))
 .bss           0x0000000000001250        0x8 build/sky/obj/button-sensor.o
 .bss           0x0000000000001258       0x10 build/sky/obj/cc2420.o
 .bss           0x0000000000001268        0xa build/sky/obj/clock.o
 .bss           0x0000000000001272       0xbc build/sky/obj/csma-output.o
 .bss           0x000000000000132e        0x4 build/sky/obj/ctimer.o
 .bss           0x0000000000001332        0x6 build/sky/obj/etimer.o
 .bss           0x0000000000001338      0x13e build/sky/obj/ids-monitor.o
 .bss           0x0000000000001476       0xa0 build/sky/obj/link-stats.o
 .bss           0x0000000000001516       0x1a build/sky/obj/log.o
                0x0000000000001516                curr_log_level_sys
                0x0000000000001518                curr_log_level_lwm2m
                0x000000000000151a                curr_log_level_snmp
                0x000000000000151c                curr_log_level_dtls
                0x000000000000151e                curr_log_level_coap
                0x0000000000001520                curr_log_level_6top
                0x0000000000001522                curr_log_level_framer
                0x0000000000001524                curr_log_level_mac
                0x0000000000001526                curr_log_level_nullnet
                0x0000000000001528                curr_log_level_6lowpan
                0x000000000000152a                curr_log_level_ipv6
                0x000000000000152c                curr_log_level_tcpip
                0x000000000000152e                curr_log_level_rpl
 .bss           0x0000000000001530       0xe2 build/sky/obj/mac-sequence.o
 .bss           0x0000000000001612       0xe4 build/sky/obj/nbr-table.o
 .bss           0x00000000000016f6        0x2 build/sky/obj/netstack.o
 .bss           0x00000000000016f8        0x2 build/sky/obj/node-id.o
                0x00000000000016f8                node_id
 .bss           0x00000000000016fa       0x86 build/sky/obj/packetbuf.o
 .bss           0x0000000000001780        0x8 build/sky/obj/platform.o
 .bss           0x0000000000001788       0xc4 build/sky/obj/process.o