Archive member included because of file (symbol)

/home/chandra/msp430/lib/gcc/msp430/4.7.0/mmpy-16/libgcc.a(_mulsi3.o)
                              build/sky/obj/cfs-coffee.o (__mulsi3)
/home/chandra/msp430/lib/gcc/msp430/4.7.0/mmpy-16/libgcc.a(_udivmod16.o)
                              build/sky/obj/cfs-coffee.o (__udivhi3)
/home/chandra/msp430/lib/gcc/msp430/4.7.0/mmpy-16/libgcc.a(_divmod16.o)
                              build/sky/obj/link-stats.o (__divhi3)
/home/chandra/msp430/lib/gcc/msp430/4.7.0/mmpy-16/libgcc.a(_udivmod32.o)
                              build/sky/obj/ifft.o (__udivsi3)
/home/chandra/msp430/lib/gcc/msp430/4.7.0/mmpy-16/libgcc.a(_divmod32.o)
                              build/sky/obj/cfs-coffee.o (__divsi3)
/home/chandra/msp430/lib/gcc/msp430/4.7.0/../../../../msp430/lib/mmpy-16/libc.a(printf.o)
                              build/sky/obj/assert.o (printf)
/home/chandra/msp430/lib/gcc/msp430/4.7.0/../../../../msp430/lib/mmpy-16/libc.a(sprintf.o)
                              build/sky/obj/log.o (snprintf)
/home/chandra/msp430/lib/gcc/msp430/4.7.0/../../../../msp430/lib/mmpy-16/libc.a(vuprintf.o)
                              /home/chandra/msp430/lib/gcc/msp430/4.7.0/../../../../msp430/lib/mmpy-16/libc.a(printf.o) (vuprintf)
/home/chandra/msp430/lib/gcc/msp430/4.7.0/../../../../msp430/lib/mmpy-16/libc.a(puts.o)
                              build/sky/obj/assert.o (puts)
/home/chandra/msp430/lib/gcc/msp430/4.7.0/../../../../msp430/lib/mmpy-16/libc.a(rand.o)
                              build/sky/obj/random.o (rand)
/home/chandra/msp430/lib/gcc/msp430/4.7.0/../../../../msp430/lib/mmpy-16/libc.a(strcmp.o)
                              build/sky/obj/cfs-coffee.o (strcmp)
/home/chandra/msp430/lib/gcc/msp430/4.7.0/../../../../msp430/lib/mmpy-16/libc.a(strncmp.o)
                              build/sky/obj/sensors.o (strncmp)
/home/chandra/msp430/lib/gcc/msp430/4.7.0/../../../../msp430/lib/mmpy-16/libc.a(memcmp.o)
                              build/sky/obj/ip64-addr.o (memcmp)
/home/chandra/msp430/lib/gcc/msp430/4.7.0/../../../../msp430/lib/mmpy-16/libc.a(strncpy.o)
                              build/sky/obj/cfs-coffee.o (strncpy)
/home/chandra/msp430/lib/gcc/msp430/4.7.0/../../../../msp430/lib/mmpy-16/libc.a(memcpy.o)
                              build/sky/obj/aes-128.o (memcpy)
/home/chandra/msp430/lib/gcc/msp430/4.7.0/../../../../msp430/lib/mmpy-16/libc.a(memmove.o)
                              build/sky/obj/rpl-ext-header.o (memmove)
/home/chandra/msp430/lib/gcc/msp430/4.7.0/../../../../msp430/lib/mmpy-16/libc.a(memset.o)
                              build/sky/obj/cfs-coffee.o (memset)
/home/chandra/msp430/lib/gcc/msp430/4.7.0/mmpy-16/libgcc.a(_udivmod64.o)
                              /home/chandra/msp430/lib/gcc/msp430/4.7.0/../../../../msp430/lib/mmpy-16/libc.a(vuprintf.o) (__udivdi3)
/home/chandra/msp430/lib/gcc/msp430/4.7.0/mmpy-16/libcrt0.a(_reset_vector__.o)
                              (_reset_vector__)
/home/chandra/msp430/lib/gcc/msp430/4.7.0/mmpy-16/libcrt0.a(__watchdog_support.o)
                              /home/chandra/msp430/lib/gcc/msp430/4.7.0/mmpy-16/libcrt0.a(_reset_vector__.o) (__watchdog_support)
/home/chandra/msp430/lib/gcc/msp430/4.7.0/mmpy-16/libcrt0.a(__init_stack.o)
                              /home/chandra/msp430/lib/gcc/msp430/4.7.0/mmpy-16/libcrt0.a(_reset_vector__.o) (__init_stack)
/home/chandra/msp430/lib/gcc/msp430/4.7.0/mmpy-16/libcrt0.a(__low_level_init.o)
                              /home/chandra/msp430/lib/gcc/msp430/4.7.0/mmpy-16/libcrt0.a(_reset_vector__.o) (__low_level_init)
/home/chandra/msp430/lib/gcc/msp430/4.7.0/mmpy-16/libcrt0.a(_copy_data.o)
                              /home/chandra/msp430/lib/gcc/msp430/4.7.0/mmpy-16/libcrt0.a(_reset_vector__.o) (__do_copy_data)
/home/chandra/msp430/lib/gcc/msp430/4.7.0/mmpy-16/libcrt0.a(_clear_bss.o)
                              /home/chandra/msp430/lib/gcc/msp430/4.7.0/mmpy-16/libcrt0.a(_reset_vector__.o) (__do_clear_bss)
/home/chandra/msp430/lib/gcc/msp430/4.7.0/mmpy-16/libcrt0.a(__stop_progExec__.o)
                              /home/chandra/msp430/lib/gcc/msp430/4.7.0/mmpy-16/libcrt0.a(_reset_vector__.o) (__stop_progExec__)
/home/chandra/msp430/lib/gcc/msp430/4.7.0/mmpy-16/libcrt0.a(_endless_loop__.o)
                              /home/chandra/msp430/lib/gcc/msp430/4.7.0/mmpy-16/libcrt0.a(_reset_vector__.o) (_endless_loop__)
/home/chandra/msp430/lib/gcc/msp430/4.7.0/mmpy-16/libcrt0.a(_unexpected_.o)
                              /home/chandra/msp430/lib/gcc/msp430/4.7.0/mmpy-16/crt0ivtbl16.o (_unexpected_)

Allocating common symbols
Common symbol       size              file

compower_idle_activity
                    0x10              build/sky/obj/compower.o
uip_ds6_timer_ra    0x8               build/sky/obj/uip-ds6.o
cc2420_last_rssi    0x1               build/sky/obj/cc2420.o
uip_ds6_if          0x108             build/sky/obj/uip-ds6.o
uip_ds6_netif_addr_list_offset
[...]
Memory Configuration

Name             Origin             Length             Attributes
sfr              0x0000000000000000 0x0000000000000010
peripheral_8bit  0x0000000000000010 0x00000000000000f0
peripheral_16bit 0x0000000000000100 0x0000000000000100
ram_mirror       0x0000000000000200 0x0000000000000800 xw
infomem          0x0000000000001000 0x0000000000000100
infob            0x0000000000001000 0x0000000000000080
infoa            0x0000000000001080 0x0000000000000080
ram              0x0000000000001100 0x0000000000002800 xw
rom              0x0000000000004000 0x000000000000bfe0 xr
vectors          0x000000000000ffe0 0x0000000000000020
bsl              0x0000000000000000 0x0000000000000000
infoc            0x0000000000000000 0x0000000000000000
infod            0x0000000000000000 0x0000000000000000
ram2             0x0000000000000000 0x0000000000000000 xw
signature        0x0000000000000000 0x0000000000000000
usbram           0x0000000000000000 0x0000000000000000 xw
far_rom          0x0000000000000000 0x0000000000000000
*default*        0x0000000000000000 0xffffffffffffffff

Linker script and memory map

LOAD /home/chandra/msp430/lib/gcc/msp430/4.7.0/mmpy-16/crt0ivtbl16.o
                0x0000000000002d98                _stack = _end
LOAD build/sky/obj/aes-128.o
LOAD build/sky/obj/anti-replay.o
LOAD build/sky/obj/assert.o
LOAD build/sky/obj/atomic.o
LOAD build/sky/obj/autostart.o
LOAD build/sky/obj/battery-sensor.o
LOAD build/sky/obj/button-hal.o
LOAD build/sky/obj/button-sensor.o
LOAD build/sky/obj/cc2420-arch-sfd.o
LOAD build/sky/obj/cc2420-arch.o
LOAD build/sky/obj/cc2420-tsch-15ms.o
LOAD build/sky/obj/cc2420.o
LOAD build/sky/obj/ccm-star-packetbuf.o
LOAD build/sky/obj/ccm-star.o
LOAD build/sky/obj/cfs-coffee.o
LOAD build/sky/obj/circular-list.o
LOAD build/sky/obj/clock.o
LOAD build/sky/obj/compower.o
LOAD build/sky/obj/contiki-main.o
LOAD build/sky/obj/crc16.o
LOAD build/sky/obj/csma-output.o
LOAD build/sky/obj/csma-security.o
LOAD build/sky/obj/csma.o
LOAD build/sky/obj/csprng.o
LOAD build/sky/obj/ctimer.o
LOAD build/sky/obj/dbl-circ-list.o
LOAD build/sky/obj/dbl-list.o
LOAD build/sky/obj/ds2411.o
LOAD build/sky/obj/energest.o
LOAD build/sky/obj/etimer.o
LOAD build/sky/obj/flash.o
LOAD build/sky/obj/frame802154.o
LOAD build/sky/obj/frame802154e-ie.o
LOAD build/sky/obj/framer-802154.o
LOAD build/sky/obj/gpio-hal.o
LOAD build/sky/obj/heapmem.o
LOAD build/sky/obj/hexconv.o
LOAD build/sky/obj/ifft.o
LOAD build/sky/obj/int-master.o
LOAD build/sky/obj/ip64-addr.o
LOAD build/sky/obj/iq-seeder.o
LOAD build/sky/obj/leds-arch.o
LOAD build/sky/obj/leds.o
LOAD build/sky/obj/light-sensor.o
LOAD build/sky/obj/link-stats.o
LOAD build/sky/obj/linkaddr.o
LOAD build/sky/obj/list.o
LOAD build/sky/obj/log.o
LOAD build/sky/obj/lpm.o
LOAD build/sky/obj/mac-sequence.o
LOAD build/sky/obj/memb.o
LOAD build/sky/obj/msp430.o
LOAD build/sky/obj/mutex.o
LOAD build/sky/obj/nbr-table.o
LOAD build/sky/obj/net-debug.o
LOAD build/sky/obj/netstack.o
LOAD build/sky/obj/node-id.o
LOAD build/sky/obj/nullframer.o
LOAD build/sky/obj/nullradio.o
LOAD build/sky/obj/packetbuf.o
LOAD build/sky/obj/platform.o
LOAD build/sky/obj/process.o
LOAD build/sky/obj/psock.o
LOAD build/sky/obj/queuebuf.o
LOAD build/sky/obj/random.o
LOAD build/sky/obj/ringbuf.o
LOAD build/sky/obj/ringbufindex.o
LOAD build/sky/obj/rpl-dag-root.o
LOAD build/sky/obj/rpl-dag.o
LOAD build/sky/obj/rpl-ext-header.o
LOAD build/sky/obj/rpl-icmp6.o
LOAD build/sky/obj/rpl-mrhof.o
LOAD build/sky/obj/rpl-nbr-policy.o
LOAD build/sky/obj/rpl-neighbor.o
LOAD build/sky/obj/rpl-of0.o
LOAD build/sky/obj/rpl-timers.o
LOAD build/sky/obj/rpl.o
LOAD build/sky/obj/rtimer-arch.o
LOAD build/sky/obj/rtimer.o
LOAD build/sky/obj/sensors.o
LOAD build/sky/obj/serial-line.o
LOAD build/sky/obj/sha-256.o
LOAD build/sky/obj/sht11-sensor.o
LOAD build/sky/obj/sht11.o
LOAD build/sky/obj/sicslowpan.o
LOAD build/sky/obj/simple-udp.o
LOAD build/sky/obj/sky-sensors.o
LOAD build/sky/obj/slip.o
LOAD build/sky/obj/slip_uart1.o
LOAD build/sky/obj/spi-legacy.o
LOAD build/sky/obj/spi.o
LOAD build/sky/obj/stack-check.o
LOAD build/sky/obj/stimer.o
LOAD build/sky/obj/sybil-attack.o
LOAD build/sky/obj/tcp-socket.o
LOAD build/sky/obj/tcpip.o
LOAD build/sky/obj/timer.o
LOAD build/sky/obj/trickle-timer.o
LOAD build/sky/obj/uart-putchar.o
LOAD build/sky/obj/uart1.o
LOAD build/sky/obj/udp-socket.o
LOAD build/sky/obj/uip-ds6-nbr.o
LOAD build/sky/obj/uip-ds6-route.o
LOAD build/sky/obj/uip-ds6.o
LOAD build/sky/obj/uip-icmp6.o
LOAD build/sky/obj/uip-ipchksum.o
LOAD build/sky/obj/uip-nameserver.o
LOAD build/sky/obj/uip-nd6.o
LOAD build/sky/obj/uip-packetqueue.o
LOAD build/sky/obj/uip-sr.o
LOAD build/sky/obj/uip-udp-packet.o
LOAD build/sky/obj/uip6.o
LOAD build/sky/obj/uipbuf.o
LOAD build/sky/obj/uiplib.o
LOAD build/sky/obj/watchdog.o
LOAD build/sky/obj/xmem.o
LOAD /home/chandra/msp430/lib/gcc/msp430/4.7.0/mmpy-16/libgcc.a
LOAD /home/chandra/msp430/lib/gcc/msp430/4.7.0/../../../../msp430/lib/mmpy-16/libc.a
LOAD /home/chandra/msp430/lib/gcc/msp430/4.7.0/mmpy-16/libgcc.a
LOAD /home/chandra/msp430/lib/gcc/msp430/4.7.0/mmpy-16/libcrt0.a
                0x0000000000000080                PROVIDE (__info_segment_size, 0x80)
                0x0000000000001000                PROVIDE (__infob, 0x1000)
                0x0000000000001080                PROVIDE (__infoa, 0x1080)
                0x0000000000000000                __IE1 = 0x0
                0x0000000000000002                __IFG1 = 0x2
                0x0000000000000004                __ME1 = 0x4
                0x0000000000000001                __IE2 = 0x1
                0x0000000000000003                __IFG2 = 0x3
                0x0000000000000005                __ME2 = 0x5
                0x0000000000000120                __WDTCTL = 0x120
                0x0000000000000130                __MPY = 0x130
                0x0000000000000132                __MPYS = 0x132
                0x0000000000000134                __MAC = 0x134
                0x0000000000000136                __MACS = 0x136
                0x0000000000000138                __OP2 = 0x138
                0x000000000000013a                __RESLO = 0x13a
                0x000000000000013c                __RESHI = 0x13c
                0x000000000000013e                __SUMEXT = 0x13e
                0x0000000000000020                __P1IN = 0x20
                0x0000000000000021                __P1OUT = 0x21
                0x0000000000000022                __P1DIR = 0x22
                0x0000000000000023                __P1IFG = 0x23
                0x0000000000000024                __P1IES = 0x24
                0x0000000000000025                __P1IE = 0x25
                0x0000000000000026                __P1SEL = 0x26
                0x0000000000000028                __P2IN = 0x28
                0x0000000000000029                __P2OUT = 0x29
                0x000000000000002a                __P2DIR = 0x2a
                0x000000000000002b                __P2IFG = 0x2b
                0x000000000000002c                __P2IES = 0x2c
                0x000000000000002d                __P2IE = 0x2d
                0x000000000000002e                __P2SEL = 0x2e
                0x0000000000000018                __P3IN = 0x18
                0x0000000000000019                __P3OUT = 0x19
                0x000000000000001a                __P3DIR = 0x1a
                0x000000000000001b                __P3SEL = 0x1b
                0x000000000000001c                __P4IN = 0x1c
                0x000000000000001d                __P4OUT = 0x1d
                0x000000000000001e                __P4DIR = 0x1e
                0x000000000000001f                __P4SEL = 0x1f
                0x0000000000000030                __P5IN = 0x30
                0x0000000000000031                __P5OUT = 0x31
                0x0000000000000032                __P5DIR = 0x32
                0x0000000000000033                __P5SEL = 0x33
                0x0000000000000034                __P6IN = 0x34
                0x0000000000000035                __P6OUT = 0x35
                0x0000000000000036                __P6DIR = 0x36
                0x0000000000000037                __P6SEL = 0x37
                0x0000000000000070                __U0CTL = 0x70
                0x0000000000000071                __U0TCTL = 0x71
                0x0000000000000072                __U0RCTL = 0x72
                0x0000000000000073                __U0MCTL = 0x73
                0x0000000000000074                __U0BR0 = 0x74
                0x0000000000000075                __U0BR1 = 0x75
                0x0000000000000076                __U0RXBUF = 0x76
                0x0000000000000077                __U0TXBUF = 0x77
                0x0000000000000078                __U1CTL = 0x78
                0x0000000000000079                __U1TCTL = 0x79
                0x000000000000007a                __U1RCTL = 0x7a
                0x000000000000007b                __U1MCTL = 0x7b
                0x000000000000007c                __U1BR0 = 0x7c
                0x000000000000007d                __U1BR1 = 0x7d
                0x000000000000007e                __U1RXBUF = 0x7e
                0x000000000000007f                __U1TXBUF = 0x7f
                0x0000000000000050                __I2CIE = 0x50
                0x0000000000000051                __I2CIFG = 0x51
                0x0000000000000052                __I2CNDAT = 0x52
                0x0000000000000071                __I2CTCTL = 0x71
                0x0000000000000072                __I2CDCTL = 0x72
                0x0000000000000073                __I2CPSC = 0x73
                0x0000000000000074                __I2CSCLH = 0x74
                0x0000000000000075                __I2CSCLL = 0x75
                0x0000000000000076                __I2CDRB = 0x76
                0x0000000000000076                __I2CDRW = 0x76
                0x0000000000000118                __I2COA = 0x118
                0x000000000000011a                __I2CSA = 0x11a
                0x000000000000011c                __I2CIV = 0x11c
                0x000000000000012e                __TAIV = 0x12e
                0x0000000000000160                __TACTL = 0x160
                0x0000000000000162                __TACCTL0 = 0x162
                0x0000000000000164                __TACCTL1 = 0x164
                0x0000000000000166                __TACCTL2 = 0x166
                0x0000000000000170                __TAR = 0x170
                0x0000000000000172                __TACCR0 = 0x172
                0x0000000000000174                __TACCR1 = 0x174
                0x0000000000000176                __TACCR2 = 0x176
                0x000000000000011e                __TBIV = 0x11e
                0x0000000000000180                __TBCTL = 0x180
                0x0000000000000182                __TBCCTL0 = 0x182
                0x0000000000000184                __TBCCTL1 = 0x184
                0x0000000000000186                __TBCCTL2 = 0x186
                0x0000000000000188                __TBCCTL3 = 0x188
                0x000000000000018a                __TBCCTL4 = 0x18a
                0x000000000000018c                __TBCCTL5 = 0x18c
                0x000000000000018e                __TBCCTL6 = 0x18e
                0x0000000000000190                __TBR = 0x190
                0x0000000000000192                __TBCCR0 = 0x192
                0x0000000000000194                __TBCCR1 = 0x194
                0x0000000000000196                __TBCCR2 = 0x196
                0x0000000000000198                __TBCCR3 = 0x198
                0x000000000000019a                __TBCCR4 = 0x19a
                0x000000000000019c                __TBCCR5 = 0x19c
                0x000000000000019e                __TBCCR6 = 0x19e
                0x0000000000000056                __DCOCTL = 0x56
                0x0000000000000057                __BCSCTL1 = 0x57
                0x0000000000000058                __BCSCTL2 = 0x58
                0x0000000000000055                __SVSCTL = 0x55
                0x0000000000000128                __FCTL1 = 0x128
                0x000000000000012a                __FCTL2 = 0x12a
                0x000000000000012c                __FCTL3 = 0x12c
                0x0000000000000059                __CACTL1 = 0x59
                0x000000000000005a                __CACTL2 = 0x5a
                0x000000000000005b                __CAPD = 0x5b
                0x00000000000001a0                __ADC12CTL0 = 0x1a0
                0x00000000000001a2                __ADC12CTL1 = 0x1a2
                0x00000000000001a4                __ADC12IFG = 0x1a4
                0x00000000000001a6                __ADC12IE = 0x1a6
                0x00000000000001a8                __ADC12IV = 0x1a8
                0x0000000000000140                __ADC12MEM0 = 0x140
                0x0000000000000142                __ADC12MEM1 = 0x142
                0x0000000000000144                __ADC12MEM2 = 0x144
                0x0000000000000146                __ADC12MEM3 = 0x146
                0x0000000000000148                __ADC12MEM4 = 0x148
                0x000000000000014a                __ADC12MEM5 = 0x14a
                0x000000000000014c                __ADC12MEM6 = 0x14c
                0x000000000000014e                __ADC12MEM7 = 0x14e
                0x0000000000000150                __ADC12MEM8 = 0x150
                0x0000000000000152                __ADC12MEM9 = 0x152
                0x0000000000000154                __ADC12MEM10 = 0x154
                0x0000000000000156                __ADC12MEM11 = 0x156
                0x0000000000000158                __ADC12MEM12 = 0x158
                0x000000000000015a                __ADC12MEM13 = 0x15a
                0x000000000000015c                __ADC12MEM14 = 0x15c
                0x000000000000015e                __ADC12MEM15 = 0x15e
                0x0000000000000080                __ADC12MCTL0 = 0x80
                0x0000000000000081                __ADC12MCTL1 = 0x81
                0x0000000000000082                __ADC12MCTL2 = 0x82
                0x0000000000000083                __ADC12MCTL3 = 0x83
                0x0000000000000084                __ADC12MCTL4 = 0x84
                0x0000000000000085                __ADC12MCTL5 = 0x85
                0x0000000000000086                __ADC12MCTL6 = 0x86
                0x0000000000000087                __ADC12MCTL7 = 0x87
                0x0000000000000088                __ADC12MCTL8 = 0x88
                0x0000000000000089                __ADC12MCTL9 = 0x89
                0x000000000000008a                __ADC12MCTL10 = 0x8a
                0x000000000000008b                __ADC12MCTL11 = 0x8b
                0x000000000000008c                __ADC12MCTL12 = 0x8c
                0x000000000000008d                __ADC12MCTL13 = 0x8d
                0x000000000000008e                __ADC12MCTL14 = 0x8e
                0x000000000000008f                __ADC12MCTL15 = 0x8f
                0x00000000000001c0                __DAC12_0CTL = 0x1c0
                0x00000000000001c2                __DAC12_1CTL = 0x1c2
                0x00000000000001c8                __DAC12_0DAT = 0x1c8
                0x00000000000001ca                __DAC12_1DAT = 0x1ca
                0x0000000000000122                __DMACTL0 = 0x122
                0x0000000000000124                __DMACTL1 = 0x124
                0x00000000000001e0                __DMA0CTL = 0x1e0
                0x00000000000001e8                __DMA1CTL = 0x1e8
                0x00000000000001f0                __DMA2CTL = 0x1f0
                0x00000000000001e2                __DMA0SA = 0x1e2
                0x00000000000001e4                __DMA0DA = 0x1e4
                0x00000000000001e6                __DMA0SZ = 0x1e6
                0x00000000000001ea                __DMA1SA = 0x1ea
                0x00000000000001ec                __DMA1DA = 0x1ec
                0x00000000000001ee                __DMA1SZ = 0x1ee
                0x00000000000001f2                __DMA2SA = 0x1f2
                0x00000000000001f4                __DMA2DA = 0x1f4
                0x00000000000001f6                __DMA2SZ = 0x1f6

.hash
 *(SORT(.hash))

.dynsym
 *(SORT(.dynsym))

.dynstr
 *(SORT(.dynstr))

.gnu.version
 *(SORT(.gnu.version))

.gnu.version_d
 *(SORT(.gnu.version_d))

.gnu.version_r
 *(SORT(.gnu.version_r))

.rel.init
 *(SORT(.rel.init))

.rela.init
 *(SORT(.rela.init))

.rel.fini
 *(SORT(.rel.fini))

.rela.fini
 *(SORT(.rela.fini))

.rel.text
 *(SORT(.rel.text) SORT(.rel.text.*) SORT(.rel.gnu.linkonce.t.*))

.rela.text
 *(SORT(.rela.text) SORT(.rela.text.*) SORT(.rela.gnu.linkonce.t.*))

.rel.rodata
 *(SORT(.rel.rodata) SORT(.rel.rodata.*) SORT(.rel.gnu.linkonce.r.*))

.rela.rodata
 *(SORT(.rela.rodata) SORT(.rela.rodata.*) SORT(.rela.gnu.linkonce.r.*))

.rel.data
 *(SORT(.rel.data) SORT(.rel.data.*) SORT(.rel.gnu.linkonce.d.*))

.rela.data
 *(SORT(.rela.data) SORT(.rela.data.*) SORT(.rela.gnu.linkonce.d.*))

.rel.bss
 *(SORT(.rel.bss) SORT(.rel.bss.*) SORT(.rel.gnu.linkonce.b.*))

.rela.bss
 *(SORT(.rela.bss) SORT(.rela.bss.*) SORT(.rela.gnu.linkonce.b.*))

.rel.ctors
 *(SORT(.rel.ctors))

.rela.ctors
 *(SORT(.rela.ctors))

.rel.dtors
 *(SORT(.rel.dtors))

.rela.dtors
 *(SORT(.rela.dtors))

.rel.got
 *(SORT(.rel.got))

.rela.got
 *(SORT(.rela.got))

.rel.plt
 *(SORT(.rel.plt))

.rela.plt
 *(SORT(.rela.plt))

.text           0x0000000000004000     0xa542
                0x0000000000004000                . = ALIGN (0x2)
 *(SORT(.init) SORT(.init.*))
 *(SORT(.init0))
 .init0         0x0000000000004000        0x0 /home/chandra/msp430/lib/gcc/msp430/4.7.0/mmpy-16/libcrt0.a(_reset_vector__.o)
                0x0000000000004000                _reset_vector__
 *(SORT(.init1))
 .init1         0x0000000000004000        0xc /home/chandra/msp430/lib/gcc/msp430/4.7.0/mmpy-16/libcrt0.a(__watchdog_support.o)
                0x0000000000004000                __watchdog_support
 *(SORT(.init2))
 .init2         0x000000000000400c        0x4 /home/chandra/msp430/lib/gcc/msp430/4.7.0/mmpy-16/libcrt0.a(__init_stack.o)
                0x000000000000400c                __init_stack
 *(SORT(.init3))
 .init3         0x0000000000004010        0x0 /home/chandra/msp430/lib/gcc/msp430/4.7.0/mmpy-16/libcrt0.a(__low_level_init.o)
                0x0000000000004010                __low_level_init
 *(SORT(.init4))
 .init4         0x0000000000004010       0x18 /home/chandra/msp430/lib/gcc/msp430/4.7.0/mmpy-16/libcrt0.a(_copy_data.o)
                0x0000000000004010                __do_copy_data
 .init4         0x0000000000004028       0x16 /home/chandra/msp430/lib/gcc/msp430/4.7.0/mmpy-16/libcrt0.a(_clear_bss.o)
                0x0000000000004028                __do_clear_bss
 *(SORT(.init5))
 *(SORT(.init6))
 *(SORT(.init7))
 *(SORT(.init8))
 *(SORT(.init9))
 .init9         0x000000000000403e      0x238 build/sky/obj/contiki-main.o
                0x000000000000403e                main
 *(SORT(.fini9))
 .fini9         0x0000000000004276        0x0 /home/chandra/msp430/lib/gcc/msp430/4.7.0/mmpy-16/libcrt0.a(__stop_progExec__.o)
                0x0000000000004276                __stop_progExec__
 *(SORT(.fini8))
 *(SORT(.fini7))
 *(SORT(.fini6))
 *(SORT(.fini5))
 *(SORT(.fini4))
 *(SORT(.fini3))
 *(SORT(.fini2))
 *(SORT(.fini1))
 *(SORT(.fini0))
 .fini0         0x0000000000004276        0x6 /home/chandra/msp430/lib/gcc/msp430/4.7.0/mmpy-16/libcrt0.a(_endless_loop__.o)
                0x0000000000004276                _endless_loop__
 *(SORT(.fini) SORT(.fini.*))
                0x000000000000427c                . = ALIGN (0x2)
                0x000000000000427c                __ctors_start = .
 *(SORT(.ctors))
                0x000000000000427c                __ctors_end = .
                0x000000000000427c                __dtors_start = .
 *(SORT(.dtors))
                0x000000000000427c                __dtors_end = .
                0x000000000000427c                . = ALIGN (0x2)
 *(SORT(.text) SORT(.text.*) SORT(.gnu.linkonce.t.*))
 .text          0x000000000000427c        0x4 /home/chandra/msp430/lib/gcc/msp430/4.7.0/mmpy-16/crt0ivtbl16.o
                0x000000000000427c                __isr_14
                0x000000000000427c                __isr_11
                0x000000000000427c                __isr_2
                0x000000000000427c                __isr_7
                0x000000000000427c                __isr_0
                0x000000000000427c                __isr_8
                0x000000000000427c                __isr_3
                0x000000000000427c                __isr_13
                0x000000000000427c                __isr_9
 .text.autostart_start
                0x0000000000004280       0x16 build/sky/obj/autostart.o
                0x0000000000004280                autostart_start
 .text.status   0x0000000000004296       0x18 build/sky/obj/button-sensor.o
 .text.value    0x00000000000042ae       0x1a build/sky/obj/button-sensor.o
 .text.configure
                0x00000000000042c8       0x4c build/sky/obj/button-sensor.o
 .text.irq_p2   0x0000000000004314       0x46 build/sky/obj/button-sensor.o
                0x0000000000004314                irq_p2
                0x0000000000004314                __isr_1
 .text.cc2420_timerb1_interrupt
                0x000000000000435a       0x26 build/sky/obj/cc2420-arch-sfd.o
                0x000000000000435a                cc2420_timerb1_interrupt
                0x000000000000435a                __isr_12
 .text.cc2420_port1_interrupt
                0x0000000000004380       0x20 build/sky/obj/cc2420-arch.o
                0x0000000000004380                __isr_4
                0x0000000000004380                cc2420_port1_interrupt
 .text.cc2420_arch_init
                0x00000000000043a0       0x1a build/sky/obj/cc2420-arch.o
                0x00000000000043a0                cc2420_arch_init
 .text.get_object
                0x00000000000043ba        0x4 build/sky/obj/cc2420.o
 .text.set_object
                0x00000000000043be        0x4 build/sky/obj/cc2420.o
 .text.strobe   0x00000000000043c2       0x1c build/sky/obj/cc2420.o
 .text.getreg   0x00000000000043de       0x4c build/sky/obj/cc2420.o
 .text.setreg   0x000000000000442a       0x4c build/sky/obj/cc2420.o
 .text.write_ram
                0x0000000000004476       0x7c build/sky/obj/cc2420.o
 .text.write_fifo_buf
                0x00000000000044f2       0x3c build/sky/obj/cc2420.o
 .text.get_status
                0x000000000000452e       0x20 build/sky/obj/cc2420.o
 .text.on       0x000000000000454e       0x1a build/sky/obj/cc2420.o
 .text.cc2420_receiving_packet
                0x0000000000004568        0xc build/sky/obj/cc2420.o
 .text.pending_packet
                0x0000000000004574        0x8 build/sky/obj/cc2420.o
 .text.wait_for_transmission
                0x000000000000457c       0x22 build/sky/obj/cc2420.o
 .text.wait_for_status
                0x000000000000459e       0x28 build/sky/obj/cc2420.o
 .text.getrxdata
                0x00000000000045c6       0x50 build/sky/obj/cc2420.o
 .text.flushrx  0x0000000000004616       0x1a build/sky/obj/cc2420.o
 .text.off      0x0000000000004630       0x28 build/sky/obj/cc2420.o
 .text.RELEASE_LOCK
                0x0000000000004658       0x28 build/sky/obj/cc2420.o
 .text.set_key  0x0000000000004680       0x18 build/sky/obj/cc2420.o
 .text.set_frame_filtering
                0x0000000000004698       0x30 build/sky/obj/cc2420.o
 .text.set_auto_ack
                0x00000000000046c8       0x30 build/sky/obj/cc2420.o
 .text.set_poll_mode
                0x00000000000046f8       0x2c build/sky/obj/cc2420.o
 .text.cc2420_prepare
                0x0000000000004724       0x46 build/sky/obj/cc2420.o
 .text.cc2420_on
                0x000000000000476a       0x22 build/sky/obj/cc2420.o
                0x000000000000476a                cc2420_on
 .text.cc2420_transmit
                0x000000000000478c       0x66 build/sky/obj/cc2420.o
 .text.cc2420_send
                0x00000000000047f2       0x12 build/sky/obj/cc2420.o
 .text.cc2420_off
                0x0000000000004804       0x30 build/sky/obj/cc2420.o
                0x0000000000004804                cc2420_off
 .text.cc2420_cca
                0x0000000000004834       0x68 build/sky/obj/cc2420.o
 .text.cc2420_read
                0x000000000000489c       0xbe build/sky/obj/cc2420.o
 .text.process_thread_cc2420_process
                0x000000000000495a       0x56 build/sky/obj/cc2420.o
 .text.encrypt  0x00000000000049b0       0x88 build/sky/obj/cc2420.o
 .text.cc2420_set_channel
                0x0000000000004a38       0x3c build/sky/obj/cc2420.o
                0x0000000000004a38                cc2420_set_channel
 .text.cc2420_set_pan_addr
                0x0000000000004a74       0x4c build/sky/obj/cc2420.o
                0x0000000000004a74                cc2420_set_pan_addr
 .text.cc2420_interrupt
                0x0000000000004ac0       0x16 build/sky/obj/cc2420.o
                0x0000000000004ac0                cc2420_interrupt
 .text.cc2420_set_txpower
                0x0000000000004ad6       0x2c build/sky/obj/cc2420.o
                0x0000000000004ad6                cc2420_set_txpower
 .text.cc2420_get_txpower
                0x0000000000004b02       0x1e build/sky/obj/cc2420.o
                0x0000000000004b02                cc2420_get_txpower
 .text.cc2420_rssi
                0x0000000000004b20       0x4c build/sky/obj/cc2420.o
                0x0000000000004b20                cc2420_rssi
 .text.get_value
                0x0000000000004b6c      0x11e build/sky/obj/cc2420.o
 .text.cc2420_set_cca_threshold
                0x0000000000004c8a       0x16 build/sky/obj/cc2420.o
                0x0000000000004c8a                cc2420_set_cca_threshold
 .text.set_value
                0x0000000000004ca0      0x150 build/sky/obj/cc2420.o
 .text.cc2420_init
                0x0000000000004df0       0xea build/sky/obj/cc2420.o
                0x0000000000004df0                cc2420_init
 .text.timera1  0x0000000000004eda       0xd8 build/sky/obj/clock.o
                0x0000000000004eda                __isr_5
                0x0000000000004eda                timera1
 .text.clock_time
                0x0000000000004fb2       0x1a build/sky/obj/clock.o
                0x0000000000004fb2                clock_time
 .text.clock_init
                0x0000000000004fcc       0x28 build/sky/obj/clock.o
                0x0000000000004fcc                clock_init
 .text.clock_delay
                0x0000000000004ff4        0xc build/sky/obj/clock.o
                0x0000000000004ff4                clock_delay
 .text.clock_seconds
                0x0000000000005000       0x1a build/sky/obj/clock.o
                0x0000000000005000                clock_seconds
 .text.schedule_transmission
                0x000000000000501a       0x74 build/sky/obj/csma-output.o
 .text.tx_done  0x000000000000508e       0x98 build/sky/obj/csma-output.o
 .text.transmit_from_queue
                0x0000000000005126      0x1bc build/sky/obj/csma-output.o
 .text.csma_output_packet
                0x00000000000052e2      0x146 build/sky/obj/csma-output.o
                0x00000000000052e2                csma_output_packet
 .text.csma_output_init
                0x0000000000005428       0x1a build/sky/obj/csma-output.o
                0x0000000000005428                csma_output_init
 .text.on       0x0000000000005442        0x6 build/sky/obj/csma.o
 .text.off      0x0000000000005448        0x6 build/sky/obj/csma.o
 .text.max_payload
                0x000000000000544e       0x38 build/sky/obj/csma.o
 .text.send_packet
                0x0000000000005486        0x6 build/sky/obj/csma.o
 .text.input_packet
                0x000000000000548c       0x58 build/sky/obj/csma.o
 .text.init     0x00000000000054e4       0x20 build/sky/obj/csma.o
 .text.process_thread_ctimer_process
                0x0000000000005504       0x9a build/sky/obj/ctimer.o
 .text.ctimer_init
                0x000000000000559e       0x10 build/sky/obj/ctimer.o
                0x000000000000559e                ctimer_init
 .text.ctimer_set_with_process
                0x00000000000055ae       0x4e build/sky/obj/ctimer.o
                0x00000000000055ae                ctimer_set_with_process
 .text.ctimer_reset
                0x00000000000055fc       0x30 build/sky/obj/ctimer.o
                0x00000000000055fc                ctimer_reset
 .text.ctimer_stop
                0x000000000000562c       0x28 build/sky/obj/ctimer.o
                0x000000000000562c                ctimer_stop
 .text.ctimer_expired
                0x0000000000005654       0x20 build/sky/obj/ctimer.o
                0x0000000000005654                ctimer_expired
 .text.owreadb  0x0000000000005674       0x50 build/sky/obj/ds2411.o
 .text.ds2411_init
                0x00000000000056c4      0x120 build/sky/obj/ds2411.o
                0x00000000000056c4                ds2411_init
 .text.update_time
                0x00000000000057e4       0x78 build/sky/obj/etimer.o
 .text.etimer_request_poll
                0x000000000000585c        0xa build/sky/obj/etimer.o
                0x000000000000585c                etimer_request_poll
 .text.process_thread_etimer_process
                0x0000000000005866       0xcc build/sky/obj/etimer.o
 .text.add_timer
                0x0000000000005932       0x40 build/sky/obj/etimer.o
 .text.etimer_set
                0x0000000000005972       0x12 build/sky/obj/etimer.o
                0x0000000000005972                etimer_set
 .text.etimer_reset
                0x0000000000005984       0x12 build/sky/obj/etimer.o
                0x0000000000005984                etimer_reset
 .text.etimer_pending
                0x0000000000005996        0xc build/sky/obj/etimer.o
                0x0000000000005996                etimer_pending
 .text.etimer_next_expiration_time
                0x00000000000059a2       0x16 build/sky/obj/etimer.o
                0x00000000000059a2                etimer_next_expiration_time
 .text.etimer_stop
                0x00000000000059b8       0x3e build/sky/obj/etimer.o
                0x00000000000059b8                etimer_stop
 .text.frame802154_get_pan_id
                0x00000000000059f6        0x6 build/sky/obj/frame802154.o
                0x00000000000059f6                frame802154_get_pan_id
 .text.frame802154_has_panid
                0x00000000000059fc       0xe0 build/sky/obj/frame802154.o
                0x00000000000059fc                frame802154_has_panid
 .text.field_len
                0x0000000000005adc       0xaa build/sky/obj/frame802154.o
 .text.frame802154_is_broadcast_addr
                0x0000000000005b86       0x28 build/sky/obj/frame802154.o
                0x0000000000005b86                frame802154_is_broadcast_addr
 .text.frame802154_hdrlen
                0x0000000000005bae       0x32 build/sky/obj/frame802154.o
                0x0000000000005bae                frame802154_hdrlen
 .text.frame802154_create_fcf
                0x0000000000005be0       0x96 build/sky/obj/frame802154.o
                0x0000000000005be0                frame802154_create_fcf
 .text.frame802154_create
                0x0000000000005c76       0xd2 build/sky/obj/frame802154.o
                0x0000000000005c76                frame802154_create
 .text.frame802154_parse_fcf
                0x0000000000005d48       0xbc build/sky/obj/frame802154.o
                0x0000000000005d48                frame802154_parse_fcf
 .text.frame802154_parse
                0x0000000000005e04      0x168 build/sky/obj/frame802154.o
                0x0000000000005e04                frame802154_parse
 .text.parse    0x0000000000005f6c       0xa2 build/sky/obj/framer-802154.o
 .text.framer_802154_setup_params
                0x000000000000600e       0xb6 build/sky/obj/framer-802154.o
                0x000000000000600e                framer_802154_setup_params
 .text.create_frame
                0x00000000000060c4       0xa2 build/sky/obj/framer-802154.o
 .text.create   0x0000000000006166        0x8 build/sky/obj/framer-802154.o
 .text.hdr_length
                0x000000000000616e        0x8 build/sky/obj/framer-802154.o
 .text.leds_arch_init
                0x0000000000006176        0xe build/sky/obj/leds-arch.o
                0x0000000000006176                leds_arch_init
 .text.leds_arch_get
                0x0000000000006184       0x34 build/sky/obj/leds-arch.o
                0x0000000000006184                leds_arch_get
 .text.leds_arch_set
                0x00000000000061b8       0x3e build/sky/obj/leds-arch.o
                0x00000000000061b8                leds_arch_set
 .text.leds_init
                0x00000000000061f6        0x6 build/sky/obj/leds.o
                0x00000000000061f6                leds_init
 .text.leds_on  0x00000000000061fc       0x12 build/sky/obj/leds.o
                0x00000000000061fc                leds_on
 .text.leds_off
                0x000000000000620e       0x12 build/sky/obj/leds.o
                0x000000000000620e                leds_off
 .text.periodic
                0x0000000000006220       0x28 build/sky/obj/link-stats.o
 .text.link_stats_from_lladdr
                0x0000000000006248        0xc build/sky/obj/link-stats.o
                0x0000000000006248                link_stats_from_lladdr
 .text.link_stats_is_fresh
                0x0000000000006254       0x30 build/sky/obj/link-stats.o
                0x0000000000006254                link_stats_is_fresh
 .text.link_stats_packet_sent
                0x0000000000006284       0xf4 build/sky/obj/link-stats.o
                0x0000000000006284                link_stats_packet_sent
 .text.link_stats_input_callback
                0x0000000000006378      0x106 build/sky/obj/link-stats.o
                0x0000000000006378                link_stats_input_callback
 .text.link_stats_reset
                0x000000000000647e       0x2a build/sky/obj/link-stats.o
                0x000000000000647e                link_stats_reset
 .text.link_stats_init
                0x00000000000064a8       0x26 build/sky/obj/link-stats.o
                0x00000000000064a8                link_stats_init
 .text.linkaddr_copy
                0x00000000000064ce        0x8 build/sky/obj/linkaddr.o
                0x00000000000064ce                linkaddr_copy
 .text.linkaddr_cmp
                0x00000000000064d6       0x12 build/sky/obj/linkaddr.o
                0x00000000000064d6                linkaddr_cmp
 .text.list_tail
                0x00000000000064e8       0x12 build/sky/obj/list.o
                0x00000000000064e8                list_tail
 .text.list_remove
                0x00000000000064fa       0x34 build/sky/obj/list.o
                0x00000000000064fa                list_remove
 .text.list_push
                0x000000000000652e       0x1a build/sky/obj/list.o
                0x000000000000652e                list_push
 .text.list_add
                0x0000000000006548       0x2a build/sky/obj/list.o
                0x0000000000006548                list_add
 .text.list_length
                0x0000000000006572       0x10 build/sky/obj/list.o
                0x0000000000006572                list_length
 .text.list_contains
                0x0000000000006582       0x12 build/sky/obj/list.o
                0x0000000000006582                list_contains
 .text.log_6addr
                0x0000000000006594       0x32 build/sky/obj/log.o
                0x0000000000006594                log_6addr
 .text.log_lladdr
                0x00000000000065c6       0x44 build/sky/obj/log.o
                0x00000000000065c6                log_lladdr
 .text.mac_sequence_init
                0x000000000000660a        0xa build/sky/obj/mac-sequence.o
                0x000000000000660a                mac_sequence_init
 .text.mac_sequence_set_dsn
                0x0000000000006614       0x18 build/sky/obj/mac-sequence.o
                0x0000000000006614                mac_sequence_set_dsn
 .text.mac_sequence_is_duplicate
                0x000000000000662c       0x84 build/sky/obj/mac-sequence.o
                0x000000000000662c                mac_sequence_is_duplicate
 .text.mac_sequence_register_seqno
                0x00000000000066b0       0x90 build/sky/obj/mac-sequence.o
                0x00000000000066b0                mac_sequence_register_seqno
 .text.memb_init
                0x0000000000006740       0x36 build/sky/obj/memb.o
                0x0000000000006740                memb_init
 .text.memb_alloc
                0x0000000000006776       0x3e build/sky/obj/memb.o
                0x0000000000006776                memb_alloc
 .text.memb_free
                0x00000000000067b4       0x32 build/sky/obj/memb.o
                0x00000000000067b4                memb_free
 .text.memb_inmemb
                0x00000000000067e6       0x2a build/sky/obj/memb.o
                0x00000000000067e6                memb_inmemb
 .text.memb_numfree
                0x0000000000006810       0x26 build/sky/obj/memb.o
                0x0000000000006810                memb_numfree
 .text.msp430_init_dco
                0x0000000000006836       0x82 build/sky/obj/msp430.o
                0x0000000000006836                msp430_init_dco
 .text.msp430_add_lpm_req
                0x00000000000068b8        0xc build/sky/obj/msp430.o
                0x00000000000068b8                msp430_add_lpm_req
 .text.msp430_cpu_init
                0x00000000000068c4       0x2a build/sky/obj/msp430.o
                0x00000000000068c4                msp430_cpu_init
 .text.splhigh_
                0x00000000000068ee        0xa build/sky/obj/msp430.o
                0x00000000000068ee                splhigh_
 .text.msp430_sync_dco
                0x00000000000068f8       0x6c build/sky/obj/msp430.o
                0x00000000000068f8                msp430_sync_dco
 .text.item_from_index
                0x0000000000006964       0x2a build/sky/obj/nbr-table.o
 .text.index_from_key
                0x000000000000698e       0x26 build/sky/obj/nbr-table.o
 .text.index_from_item
                0x00000000000069b4       0x1e build/sky/obj/nbr-table.o
 .text.nbr_set_bit
                0x00000000000069d2       0x54 build/sky/obj/nbr-table.o
 .text.index_from_lladdr
                0x0000000000006a26       0x38 build/sky/obj/nbr-table.o
 .text.nbr_get_bit.constprop.3
                0x0000000000006a5e       0x2a build/sky/obj/nbr-table.o
 .text.remove_key
                0x0000000000006a88       0x84 build/sky/obj/nbr-table.o
 .text.nbr_table_is_registered
                0x0000000000006b0c       0x22 build/sky/obj/nbr-table.o
                0x0000000000006b0c                nbr_table_is_registered
 .text.nbr_table_register
                0x0000000000006b2e       0x40 build/sky/obj/nbr-table.o
                0x0000000000006b2e                nbr_table_register
 .text.nbr_table_next
                0x0000000000006b6e       0x5a build/sky/obj/nbr-table.o
                0x0000000000006b6e                nbr_table_next
 .text.nbr_table_head
                0x0000000000006bc8       0x36 build/sky/obj/nbr-table.o
                0x0000000000006bc8                nbr_table_head
 .text.nbr_table_get_from_lladdr
                0x0000000000006bfe       0x2c build/sky/obj/nbr-table.o
                0x0000000000006bfe                nbr_table_get_from_lladdr
 .text.entry_is_allowed.isra.2
                0x0000000000006c2a       0x74 build/sky/obj/nbr-table.o
 .text.nbr_table_add_lladdr
                0x0000000000006c9e       0xc2 build/sky/obj/nbr-table.o
                0x0000000000006c9e                nbr_table_add_lladdr
 .text.nbr_table_remove
                0x0000000000006d60       0x32 build/sky/obj/nbr-table.o
                0x0000000000006d60                nbr_table_remove
 .text.nbr_table_lock
                0x0000000000006d92       0x10 build/sky/obj/nbr-table.o
                0x0000000000006d92                nbr_table_lock
 .text.nbr_table_unlock
                0x0000000000006da2       0x10 build/sky/obj/nbr-table.o
                0x0000000000006da2                nbr_table_unlock
 .text.nbr_table_get_lladdr
                0x0000000000006db2       0x22 build/sky/obj/nbr-table.o
                0x0000000000006db2                nbr_table_get_lladdr
 .text.netstack_process_ip_callback
                0x0000000000006dd4       0x48 build/sky/obj/netstack.o
                0x0000000000006dd4                netstack_process_ip_callback
 .text.packetbuf_hdrreduce
                0x0000000000006e1c       0x1a build/sky/obj/packetbuf.o
                0x0000000000006e1c                packetbuf_hdrreduce
 .text.packetbuf_set_datalen
                0x0000000000006e36        0x6 build/sky/obj/packetbuf.o
                0x0000000000006e36                packetbuf_set_datalen
 .text.packetbuf_hdrptr
                0x0000000000006e3c        0x6 build/sky/obj/packetbuf.o
                0x0000000000006e3c                packetbuf_hdrptr
 .text.packetbuf_datalen
                0x0000000000006e42        0x6 build/sky/obj/packetbuf.o
                0x0000000000006e42                packetbuf_datalen
 .text.packetbuf_hdrlen
                0x0000000000006e48        0xa build/sky/obj/packetbuf.o
                0x0000000000006e48                packetbuf_hdrlen
 .text.packetbuf_dataptr
                0x0000000000006e52        0xc build/sky/obj/packetbuf.o
                0x0000000000006e52                packetbuf_dataptr
 .text.packetbuf_copyto
                0x0000000000006e5e       0x46 build/sky/obj/packetbuf.o
                0x0000000000006e5e                packetbuf_copyto
 .text.packetbuf_totlen
                0x0000000000006ea4        0xc build/sky/obj/packetbuf.o
                0x0000000000006ea4                packetbuf_totlen
 .text.packetbuf_hdralloc
                0x0000000000006eb0       0x3c build/sky/obj/packetbuf.o
                0x0000000000006eb0                packetbuf_hdralloc
 .text.packetbuf_attr_clear
                0x0000000000006eec       0x28 build/sky/obj/packetbuf.o
                0x0000000000006eec                packetbuf_attr_clear
 .text.packetbuf_clear
                0x0000000000006f14       0x12 build/sky/obj/packetbuf.o
                0x0000000000006f14                packetbuf_clear
 .text.packetbuf_copyfrom
                0x0000000000006f26       0x2e build/sky/obj/packetbuf.o
                0x0000000000006f26                packetbuf_copyfrom
 .text.packetbuf_attr_copyto
                0x0000000000006f54       0x22 build/sky/obj/packetbuf.o
                0x0000000000006f54                packetbuf_attr_copyto
 .text.packetbuf_attr_copyfrom
                0x0000000000006f76       0x24 build/sky/obj/packetbuf.o
                0x0000000000006f76                packetbuf_attr_copyfrom
 .text.packetbuf_set_attr
                0x0000000000006f9a        0xa build/sky/obj/packetbuf.o
                0x0000000000006f9a                packetbuf_set_attr
 .text.packetbuf_attr
                0x0000000000006fa4        0xa build/sky/obj/packetbuf.o
                0x0000000000006fa4                packetbuf_attr
 .text.packetbuf_set_addr
                0x0000000000006fae       0x16 build/sky/obj/packetbuf.o
                0x0000000000006fae                packetbuf_set_addr
 .text.packetbuf_addr
                0x0000000000006fc4       0x12 build/sky/obj/packetbuf.o
                0x0000000000006fc4                packetbuf_addr
 .text.packetbuf_holds_broadcast
                0x0000000000006fd6        0xe build/sky/obj/packetbuf.o
                0x0000000000006fd6                packetbuf_holds_broadcast
 .text.platform_init_stage_one
                0x0000000000006fe4       0x12 build/sky/obj/platform.o
                0x0000000000006fe4                platform_init_stage_one
 .text.platform_init_stage_two
                0x0000000000006ff6       0x68 build/sky/obj/platform.o
                0x0000000000006ff6                platform_init_stage_two
 .text.platform_init_stage_three
                0x000000000000705e       0x80 build/sky/obj/platform.o
                0x000000000000705e                platform_init_stage_three
 .text.platform_idle
                0x00000000000070de       0x54 build/sky/obj/platform.o
                0x00000000000070de                platform_idle
 .text.call_process
                0x0000000000007132       0x46 build/sky/obj/process.o
 .text.exit_process
                0x0000000000007178       0x98 build/sky/obj/process.o
 .text.do_poll  0x0000000000007210       0x30 build/sky/obj/process.o
 .text.process_alloc_event
                0x0000000000007240       0x18 build/sky/obj/process.o
                0x0000000000007240                process_alloc_event
 .text.process_init
                0x0000000000007258        0x8 build/sky/obj/process.o
                0x0000000000007258                process_init
 .text.process_run
                0x0000000000007260       0x8c build/sky/obj/process.o
                0x0000000000007260                process_run
 .text.process_nevents
                0x00000000000072ec        0xa build/sky/obj/process.o
                0x00000000000072ec                process_nevents
 .text.process_post
                0x00000000000072f6       0x42 build/sky/obj/process.o
                0x00000000000072f6                process_post
 .text.process_post_synch
                0x0000000000007338       0x12 build/sky/obj/process.o
                0x0000000000007338                process_post_synch
 .text.process_start
                0x000000000000734a       0x36 build/sky/obj/process.o
                0x000000000000734a                process_start
 .text.process_poll
                0x0000000000007380       0x18 build/sky/obj/process.o
                0x0000000000007380                process_poll
 .text.queuebuf_init
                0x0000000000007398       0x12 build/sky/obj/queuebuf.o
                0x0000000000007398                queuebuf_init
 .text.queuebuf_numfree
                0x00000000000073aa        0xa build/sky/obj/queuebuf.o
                0x00000000000073aa                queuebuf_numfree
 .text.queuebuf_new_from_packetbuf
                0x00000000000073b4       0x52 build/sky/obj/queuebuf.o
                0x00000000000073b4                queuebuf_new_from_packetbuf
 .text.queuebuf_update_attr_from_packetbuf
                0x0000000000007406       0x12 build/sky/obj/queuebuf.o
                0x0000000000007406                queuebuf_update_attr_from_packetbuf
 .text.queuebuf_free
                0x0000000000007418       0x2a build/sky/obj/queuebuf.o
                0x0000000000007418                queuebuf_free
 .text.queuebuf_to_packetbuf
                0x0000000000007442       0x32 build/sky/obj/queuebuf.o
                0x0000000000007442                queuebuf_to_packetbuf
 .text.random_init
                0x0000000000007474        0x6 build/sky/obj/random.o
                0x0000000000007474                random_init
 .text.random_rand
                0x000000000000747a        0x6 build/sky/obj/random.o
                0x000000000000747a                random_rand
 .text.rpl_dag_root_set_prefix
                0x0000000000007480       0x62 build/sky/obj/rpl-dag-root.o
                0x0000000000007480                rpl_dag_root_set_prefix
 .text.rpl_dag_root_start
                0x00000000000074e2       0x8e build/sky/obj/rpl-dag-root.o
                0x00000000000074e2                rpl_dag_root_start
 .text.rpl_dag_root_is_root
                0x0000000000007570       0x14 build/sky/obj/rpl-dag-root.o
                0x0000000000007570                rpl_dag_root_is_root
 .text.init_dag
                0x0000000000007584       0x84 build/sky/obj/rpl-dag.o
 .text.process_dio_init_dag
                0x0000000000007608       0xb0 build/sky/obj/rpl-dag.o
 .text.rpl_dag_get_root_ipaddr
                0x00000000000076b8       0x1e build/sky/obj/rpl-dag.o
                0x00000000000076b8                rpl_dag_get_root_ipaddr
 .text.rpl_dag_leave
                0x00000000000076d6       0x4a build/sky/obj/rpl-dag.o
                0x00000000000076d6                rpl_dag_leave
 .text.rpl_dag_poison_and_leave
                0x0000000000007720        0xc build/sky/obj/rpl-dag.o
                0x0000000000007720                rpl_dag_poison_and_leave
 .text.rpl_dag_periodic
                0x000000000000772c       0x6a build/sky/obj/rpl-dag.o
                0x000000000000772c                rpl_dag_periodic
 .text.rpl_is_addr_in_our_dag
                0x0000000000007796       0x34 build/sky/obj/rpl-dag.o
                0x0000000000007796                rpl_is_addr_in_our_dag
 .text.rpl_local_repair
                0x00000000000077ca       0x2a build/sky/obj/rpl-dag.o
                0x00000000000077ca                rpl_local_repair
 .text.rpl_global_repair
                0x00000000000077f4       0x2e build/sky/obj/rpl-dag.o
                0x00000000000077f4                rpl_global_repair
 .text.rpl_dag_ready_to_advertise
                0x0000000000007822       0x22 build/sky/obj/rpl-dag.o
                0x0000000000007822                rpl_dag_ready_to_advertise
 .text.rpl_dag_update_state
                0x0000000000007844      0x144 build/sky/obj/rpl-dag.o
                0x0000000000007844                rpl_dag_update_state
 .text.rpl_process_dio
                0x0000000000007988      0x1b6 build/sky/obj/rpl-dag.o
                0x0000000000007988                rpl_process_dio
 .text.rpl_process_dis
                0x0000000000007b3e       0x2a build/sky/obj/rpl-dag.o
                0x0000000000007b3e                rpl_process_dis
 .text.rpl_process_dao
                0x0000000000007b68       0x6c build/sky/obj/rpl-dag.o
                0x0000000000007b68                rpl_process_dao
 .text.rpl_process_dao_ack
                0x0000000000007bd4       0x54 build/sky/obj/rpl-dag.o
                0x0000000000007bd4                rpl_process_dao_ack
 .text.rpl_process_hbh
                0x0000000000007c28       0x2e build/sky/obj/rpl-dag.o
                0x0000000000007c28                rpl_process_hbh
 .text.rpl_dag_init_root
                0x0000000000007c56       0xbc build/sky/obj/rpl-dag.o
                0x0000000000007c56                rpl_dag_init_root
 .text.rpl_dag_init
                0x0000000000007d12       0x10 build/sky/obj/rpl-dag.o
                0x0000000000007d12                rpl_dag_init
 .text.update_hbh_header
                0x0000000000007d22       0x4a build/sky/obj/rpl-ext-header.o
 .text.rpl_ext_header_srh_get_next_hop
                0x0000000000007d6c       0x84 build/sky/obj/rpl-ext-header.o
                0x0000000000007d6c                rpl_ext_header_srh_get_next_hop
 .text.rpl_ext_header_srh_update
                0x0000000000007df0      0x250 build/sky/obj/rpl-ext-header.o
                0x0000000000007df0                rpl_ext_header_srh_update
 .text.rpl_ext_header_hbh_update
                0x0000000000008040       0xa4 build/sky/obj/rpl-ext-header.o
                0x0000000000008040                rpl_ext_header_hbh_update
 .text.rpl_ext_header_remove
                0x00000000000080e4       0xcc build/sky/obj/rpl-ext-header.o
                0x00000000000080e4                rpl_ext_header_remove
 .text.rpl_ext_header_update
                0x00000000000081b0      0x2aa build/sky/obj/rpl-ext-header.o
                0x00000000000081b0                rpl_ext_header_update
 .text.get32    0x000000000000845a       0x46 build/sky/obj/rpl-icmp6.o
 .text.set32    0x00000000000084a0       0x2a build/sky/obj/rpl-icmp6.o
 .text.get16    0x00000000000084ca        0xe build/sky/obj/rpl-icmp6.o
 .text.set16    0x00000000000084d8       0x10 build/sky/obj/rpl-icmp6.o
 .text.dao_ack_input
                0x00000000000084e8       0x2a build/sky/obj/rpl-icmp6.o
 .text.dao_input
                0x0000000000008512      0x16e build/sky/obj/rpl-icmp6.o
 .text.dio_input
                0x0000000000008680      0x2ba build/sky/obj/rpl-icmp6.o
 .text.dis_input
                0x000000000000893a       0x1e build/sky/obj/rpl-icmp6.o
 .text.rpl_icmp6_update_nbr_table
                0x0000000000008958       0x36 build/sky/obj/rpl-icmp6.o
                0x0000000000008958                rpl_icmp6_update_nbr_table
 .text.rpl_icmp6_dis_output
                0x000000000000898e       0x34 build/sky/obj/rpl-icmp6.o
                0x000000000000898e                rpl_icmp6_dis_output
 .text.rpl_icmp6_dio_output
                0x00000000000089c2      0x230 build/sky/obj/rpl-icmp6.o
                0x00000000000089c2                rpl_icmp6_dio_output
 .text.rpl_icmp6_dao_output
                0x0000000000008bf2       0xe6 build/sky/obj/rpl-icmp6.o
                0x0000000000008bf2                rpl_icmp6_dao_output
 .text.rpl_icmp6_dao_ack_output
                0x0000000000008cd8       0x44 build/sky/obj/rpl-icmp6.o
                0x0000000000008cd8                rpl_icmp6_dao_ack_output
 .text.rpl_icmp6_init
                0x0000000000008d1c       0x22 build/sky/obj/rpl-icmp6.o
                0x0000000000008d1c                rpl_icmp6_init
 .text.reset    0x0000000000008d3e        0x2 build/sky/obj/rpl-mrhof.o
 .text.update_metric_container
                0x0000000000008d40        0x6 build/sky/obj/rpl-mrhof.o
 .text.nbr_link_metric
                0x0000000000008d46       0x12 build/sky/obj/rpl-mrhof.o
 .text.nbr_has_usable_link
                0x0000000000008d58       0x14 build/sky/obj/rpl-mrhof.o
 .text.nbr_path_cost
                0x0000000000008d6c       0x38 build/sky/obj/rpl-mrhof.o
 .text.within_hysteresis
                0x0000000000008da4       0x54 build/sky/obj/rpl-mrhof.o
 .text.nbr_is_acceptable_parent
                0x0000000000008df8       0x2c build/sky/obj/rpl-mrhof.o
 .text.rank_via_nbr
                0x0000000000008e24       0x48 build/sky/obj/rpl-mrhof.o
 .text.best_parent
                0x0000000000008e6c       0x7c build/sky/obj/rpl-mrhof.o
 .text.get_rank
                0x0000000000008ee8       0x16 build/sky/obj/rpl-nbr-policy.o
 .text.rpl_nbr_gc_get_worst
                0x0000000000008efe       0x28 build/sky/obj/rpl-nbr-policy.o
                0x0000000000008efe                rpl_nbr_gc_get_worst
 .text.remove_neighbor
                0x0000000000008f26       0x24 build/sky/obj/rpl-neighbor.o
 .text.rpl_neighbor_get_from_lladdr
                0x0000000000008f4a        0xc build/sky/obj/rpl-neighbor.o
                0x0000000000008f4a                rpl_neighbor_get_from_lladdr
 .text.rpl_neighbor_rank_via_nbr
                0x0000000000008f56       0x18 build/sky/obj/rpl-neighbor.o
                0x0000000000008f56                rpl_neighbor_rank_via_nbr
 .text.rpl_neighbor_get_lladdr
                0x0000000000008f6e        0xc build/sky/obj/rpl-neighbor.o
                0x0000000000008f6e                rpl_neighbor_get_lladdr
 .text.rpl_neighbor_get_ipaddr
                0x0000000000008f7a        0xa build/sky/obj/rpl-neighbor.o
                0x0000000000008f7a                rpl_neighbor_get_ipaddr
 .text.rpl_neighbor_get_link_stats
                0x0000000000008f84        0xa build/sky/obj/rpl-neighbor.o
                0x0000000000008f84                rpl_neighbor_get_link_stats
 .text.rpl_neighbor_is_fresh
                0x0000000000008f8e        0xa build/sky/obj/rpl-neighbor.o
                0x0000000000008f8e                rpl_neighbor_is_fresh
 .text.best_parent
                0x0000000000008f98       0xb2 build/sky/obj/rpl-neighbor.o
 .text.rpl_neighbor_set_preferred_parent
                0x000000000000904a       0x48 build/sky/obj/rpl-neighbor.o
                0x000000000000904a                rpl_neighbor_set_preferred_parent
 .text.rpl_neighbor_remove_all
                0x0000000000009092       0x30 build/sky/obj/rpl-neighbor.o
                0x0000000000009092                rpl_neighbor_remove_all
 .text.rpl_neighbor_get_from_ipaddr
                0x00000000000090c2       0x14 build/sky/obj/rpl-neighbor.o
                0x00000000000090c2                rpl_neighbor_get_from_ipaddr
 .text.rpl_neighbor_select_best
                0x00000000000090d6       0x54 build/sky/obj/rpl-neighbor.o
                0x00000000000090d6                rpl_neighbor_select_best
 .text.rpl_neighbor_init
                0x000000000000912a        0xe build/sky/obj/rpl-neighbor.o
                0x000000000000912a                rpl_neighbor_init
 .text.handle_state_update
                0x0000000000009138        0x6 build/sky/obj/rpl-timers.o
 .text.handle_leaving_timer
                0x000000000000913e        0xc build/sky/obj/rpl-timers.o
 .text.handle_unicast_dio_timer
                0x000000000000914a       0x12 build/sky/obj/rpl-timers.o
 .text.handle_dao_ack_timer
                0x000000000000915c       0x12 build/sky/obj/rpl-timers.o
 .text.ctimer_set.constprop.3
                0x000000000000916e        0xe build/sky/obj/rpl-timers.o
 .text.new_dio_interval
                0x000000000000917c       0x86 build/sky/obj/rpl-timers.o
 .text.handle_dio_timer
                0x0000000000009202       0x6a build/sky/obj/rpl-timers.o
 .text.schedule_dao_retransmission
                0x000000000000926c       0x30 build/sky/obj/rpl-timers.o
 .text.send_new_dao
                0x000000000000929c       0x28 build/sky/obj/rpl-timers.o
 .text.resend_dao
                0x00000000000092c4       0x24 build/sky/obj/rpl-timers.o
 .text.rpl_timers_schedule_periodic_dis
                0x00000000000092e8       0x3c build/sky/obj/rpl-timers.o
                0x00000000000092e8                rpl_timers_schedule_periodic_dis
 .text.handle_periodic_timer
                0x0000000000009324       0x3a build/sky/obj/rpl-timers.o
 .text.handle_dis_timer
                0x000000000000935e       0x26 build/sky/obj/rpl-timers.o
 .text.rpl_timers_dio_reset
                0x0000000000009384       0x2e build/sky/obj/rpl-timers.o
                0x0000000000009384                rpl_timers_dio_reset
 .text.rpl_timers_schedule_unicast_dio
                0x00000000000093b2       0x1c build/sky/obj/rpl-timers.o
                0x00000000000093b2                rpl_timers_schedule_unicast_dio
 .text.rpl_timers_schedule_dao
                0x00000000000093ce       0x38 build/sky/obj/rpl-timers.o
                0x00000000000093ce                rpl_timers_schedule_dao
 .text.rpl_timers_schedule_dao_ack
                0x0000000000009406       0x30 build/sky/obj/rpl-timers.o
                0x0000000000009406                rpl_timers_schedule_dao_ack
 .text.rpl_timers_notify_dao_ack
                0x0000000000009436       0x7e build/sky/obj/rpl-timers.o
                0x0000000000009436                rpl_timers_notify_dao_ack
 .text.get_probing_delay
                0x00000000000094b4       0x1c build/sky/obj/rpl-timers.o
                0x00000000000094b4                get_probing_delay
 .text.get_probing_target
                0x00000000000094d0       0xee build/sky/obj/rpl-timers.o
                0x00000000000094d0                get_probing_target
 .text.rpl_schedule_probing
                0x00000000000095be       0x1c build/sky/obj/rpl-timers.o
                0x00000000000095be                rpl_schedule_probing
 .text.handle_probing_timer
                0x00000000000095da       0x2a build/sky/obj/rpl-timers.o
 .text.rpl_schedule_probing_now
                0x0000000000009604       0x20 build/sky/obj/rpl-timers.o
                0x0000000000009604                rpl_schedule_probing_now
 .text.rpl_timers_unschedule_leaving
                0x0000000000009624       0x1c build/sky/obj/rpl-timers.o
                0x0000000000009624                rpl_timers_unschedule_leaving
 .text.rpl_timers_schedule_leaving
                0x0000000000009640       0x26 build/sky/obj/rpl-timers.o
                0x0000000000009640                rpl_timers_schedule_leaving
 .text.rpl_timers_init
                0x0000000000009666       0x18 build/sky/obj/rpl-timers.o
                0x0000000000009666                rpl_timers_init
 .text.rpl_timers_stop_dag_timers
                0x000000000000967e       0x4c build/sky/obj/rpl-timers.o
                0x000000000000967e                rpl_timers_stop_dag_timers
 .text.rpl_timers_schedule_state_update
                0x00000000000096ca       0x18 build/sky/obj/rpl-timers.o
                0x00000000000096ca                rpl_timers_schedule_state_update
 .text.rpl_has_joined
                0x00000000000096e2       0x12 build/sky/obj/rpl.o
                0x00000000000096e2                rpl_has_joined
 .text.rpl_is_reachable
                0x00000000000096f4       0x12 build/sky/obj/rpl.o
                0x00000000000096f4                rpl_is_reachable
 .text.neighbor_state_changed
                0x0000000000009706        0x2 build/sky/obj/rpl.o
 .text.drop_route
                0x0000000000009708        0x2 build/sky/obj/rpl.o
 .text.rpl_get_leaf_only
                0x000000000000970a        0x6 build/sky/obj/rpl.o
                0x000000000000970a                rpl_get_leaf_only
 .text.get_sr_node_ipaddr
                0x0000000000009710       0x34 build/sky/obj/rpl.o
 .text.init     0x0000000000009744       0x42 build/sky/obj/rpl.o
 .text.set_ip_from_prefix
                0x0000000000009786       0x38 build/sky/obj/rpl.o
 .text.rpl_link_callback
                0x00000000000097be       0x1e build/sky/obj/rpl.o
                0x00000000000097be                rpl_link_callback
 .text.rpl_lollipop_greater_than
                0x00000000000097dc       0x3c build/sky/obj/rpl.o
                0x00000000000097dc                rpl_lollipop_greater_than
 .text.rpl_get_global_address
                0x0000000000009818       0xbe build/sky/obj/rpl.o
                0x0000000000009818                rpl_get_global_address
 .text.rpl_reset_prefix
                0x00000000000098d6       0x24 build/sky/obj/rpl.o
                0x00000000000098d6                rpl_reset_prefix
 .text.rpl_set_prefix_from_addr
                0x00000000000098fa       0x92 build/sky/obj/rpl.o
                0x00000000000098fa                rpl_set_prefix_from_addr
 .text.timera0  0x000000000000998c       0x2c build/sky/obj/rtimer-arch.o
                0x000000000000998c                __isr_6
                0x000000000000998c                timera0
 .text.rtimer_arch_init
                0x00000000000099b8        0xe build/sky/obj/rtimer-arch.o
                0x00000000000099b8                rtimer_arch_init
 .text.rtimer_arch_now
                0x00000000000099c6        0xe build/sky/obj/rtimer-arch.o
                0x00000000000099c6                rtimer_arch_now
 .text.rtimer_run_next
                0x00000000000099d4       0x18 build/sky/obj/rtimer.o
                0x00000000000099d4                rtimer_run_next
 .text.process_thread_sensors_process
                0x00000000000099ec       0xc2 build/sky/obj/sensors.o
 .text.sensors_changed
                0x0000000000009aae       0x2a build/sky/obj/sensors.o
                0x0000000000009aae                sensors_changed
 .text.clear_fragments
                0x0000000000009ad8       0x40 build/sky/obj/sicslowpan.o
 .text.addr_context_lookup_by_number
                0x0000000000009b18       0x16 build/sky/obj/sicslowpan.o
 .text.sicslowpan_init
                0x0000000000009b2e       0x18 build/sky/obj/sicslowpan.o
                0x0000000000009b2e                sicslowpan_init
 .text.set_packet_attrs
                0x0000000000009b46       0x66 build/sky/obj/sicslowpan.o
 .text.compress_addr_64
                0x0000000000009bac       0xae build/sky/obj/sicslowpan.o
 .text.addr_context_lookup_by_prefix
                0x0000000000009c5a       0x20 build/sky/obj/sicslowpan.o
 .text.send_packet
                0x0000000000009c7a       0x10 build/sky/obj/sicslowpan.o
 .text.fragment_copy_payload_and_send
                0x0000000000009c8a       0x58 build/sky/obj/sicslowpan.o
 .text.packet_sent
                0x0000000000009ce2       0x56 build/sky/obj/sicslowpan.o
 .text.store_fragment
                0x0000000000009d38       0xb8 build/sky/obj/sicslowpan.o
 .text.add_fragment
                0x0000000000009df0      0x1fc build/sky/obj/sicslowpan.o
 .text.uncompress_addr
                0x0000000000009fec       0xce build/sky/obj/sicslowpan.o
 .text.output   0x000000000000a0ba      0x79e build/sky/obj/sicslowpan.o
 .text.input    0x000000000000a858      0xa1a build/sky/obj/sicslowpan.o
 .text.process_thread_simple_udp_process
                0x000000000000b272       0xb8 build/sky/obj/simple-udp.o
 .text.simple_udp_sendto
                0x000000000000b32a       0x2c build/sky/obj/simple-udp.o
                0x000000000000b32a                simple_udp_sendto
 .text.simple_udp_register
                0x000000000000b356       0x9a build/sky/obj/simple-udp.o
                0x000000000000b356                simple_udp_register
 .text.spi_init
                0x000000000000b3f0       0x30 build/sky/obj/spi-legacy.o
                0x000000000000b3f0                spi_init
 .text.stack_check_init
                0x000000000000b420       0x2e build/sky/obj/stack-check.o
                0x000000000000b420                stack_check_init
 .text.stack_check_get_usage
                0x000000000000b44e       0x46 build/sky/obj/stack-check.o
                0x000000000000b44e                stack_check_get_usage
 .text.process_thread_stack_check_process
                0x000000000000b494       0x90 build/sky/obj/stack-check.o
 .text.stimer_expired
                0x000000000000b524       0x30 build/sky/obj/stimer.o
                0x000000000000b524                stimer_expired
 .text.udp_rx_callback
                0x000000000000b554       0x10 build/sky/obj/sybil-attack.o
 .text.process_thread_sybil_attack_process
                0x000000000000b564      0x102 build/sky/obj/sybil-attack.o
 .text.tcpip_output
                0x000000000000b666       0x22 build/sky/obj/tcpip.o
                0x000000000000b666                tcpip_output
 .text.udp_new  0x000000000000b688       0x1a build/sky/obj/tcpip.o
                0x000000000000b688                udp_new
 .text.tcpip_input
                0x000000000000b6a2       0x1e build/sky/obj/tcpip.o
                0x000000000000b6a2                tcpip_input
 .text.tcpip_ipv6_output
                0x000000000000b6c0      0x114 build/sky/obj/tcpip.o
                0x000000000000b6c0                tcpip_ipv6_output
 .text.packet_input.part.3
                0x000000000000b7d4       0x12 build/sky/obj/tcpip.o
 .text.process_thread_tcpip_process
                0x000000000000b7e6       0xb6 build/sky/obj/tcpip.o
 .text.tcpip_uipcall
                0x000000000000b89c       0x2a build/sky/obj/tcpip.o
                0x000000000000b89c                tcpip_uipcall
 .text.timer_set
                0x000000000000b8c6       0x1c build/sky/obj/timer.o
                0x000000000000b8c6                timer_set
 .text.timer_expired
                0x000000000000b8e2       0x2a build/sky/obj/timer.o
                0x000000000000b8e2                timer_expired
 .text.timer_reset
                0x000000000000b90c       0x1c build/sky/obj/timer.o
                0x000000000000b90c                timer_reset
 .text.putchar  0x000000000000b928       0x10 build/sky/obj/uart-putchar.o
                0x000000000000b928                putchar
 .text.uart1_active
                0x000000000000b938       0x18 build/sky/obj/uart1.o
                0x000000000000b938                uart1_active
 .text.uart1_writeb
                0x000000000000b950       0x18 build/sky/obj/uart1.o
                0x000000000000b950                uart1_writeb
 .text.uart1_init
                0x000000000000b968       0xf4 build/sky/obj/uart1.o
                0x000000000000b968                uart1_init
 .text.uip_ds6_nbr_rm
                0x000000000000ba5c       0x1e build/sky/obj/uip-ds6-nbr.o
                0x000000000000ba5c                uip_ds6_nbr_rm
 .text.uip_ds6_neighbors_init
                0x000000000000ba7a       0x12 build/sky/obj/uip-ds6-nbr.o
                0x000000000000ba7a                uip_ds6_neighbors_init
 .text.uip_ds6_nbr_add
                0x000000000000ba8c       0x3e build/sky/obj/uip-ds6-nbr.o
                0x000000000000ba8c                uip_ds6_nbr_add
 .text.uip_ds6_nbr_get_ll
                0x000000000000baca        0xc build/sky/obj/uip-ds6-nbr.o
                0x000000000000baca                uip_ds6_nbr_get_ll
 .text.uip_ds6_nbr_head
                0x000000000000bad6        0xa build/sky/obj/uip-ds6-nbr.o
                0x000000000000bad6                uip_ds6_nbr_head
 .text.uip_ds6_nbr_next
                0x000000000000bae0        0xc build/sky/obj/uip-ds6-nbr.o
                0x000000000000bae0                uip_ds6_nbr_next
 .text.uip_ds6_nbr_lookup
                0x000000000000baec       0x3a build/sky/obj/uip-ds6-nbr.o
                0x000000000000baec                uip_ds6_nbr_lookup
 .text.uip_ds6_nbr_ll_lookup
                0x000000000000bb26        0xc build/sky/obj/uip-ds6-nbr.o
                0x000000000000bb26                uip_ds6_nbr_ll_lookup
 .text.uip_ds6_nbr_update_ll
                0x000000000000bb32       0x76 build/sky/obj/uip-ds6-nbr.o
                0x000000000000bb32                uip_ds6_nbr_update_ll
 .text.uip_ds6_nbr_ipaddr_from_lladdr
                0x000000000000bba8        0x6 build/sky/obj/uip-ds6-nbr.o
                0x000000000000bba8                uip_ds6_nbr_ipaddr_from_lladdr
 .text.uip_ds6_nbr_lladdr_from_ipaddr
                0x000000000000bbae       0x12 build/sky/obj/uip-ds6-nbr.o
                0x000000000000bbae                uip_ds6_nbr_lladdr_from_ipaddr
 .text.uip_ds6_link_callback
                0x000000000000bbc0        0x2 build/sky/obj/uip-ds6-nbr.o
                0x000000000000bbc0                uip_ds6_link_callback
 .text.uip_ds6_route_init
                0x000000000000bbc2        0xe build/sky/obj/uip-ds6-route.o
                0x000000000000bbc2                uip_ds6_route_init
 .text.uip_ds6_route_nexthop
                0x000000000000bbd0        0x4 build/sky/obj/uip-ds6-route.o
                0x000000000000bbd0                uip_ds6_route_nexthop
 .text.uip_ds6_route_lookup
                0x000000000000bbd4        0x4 build/sky/obj/uip-ds6-route.o
                0x000000000000bbd4                uip_ds6_route_lookup
 .text.uip_ds6_route_rm
                0x000000000000bbd8        0x2 build/sky/obj/uip-ds6-route.o
                0x000000000000bbd8                uip_ds6_route_rm
 .text.uip_ds6_defrt_rm
                0x000000000000bbda       0x2c build/sky/obj/uip-ds6-route.o
                0x000000000000bbda                uip_ds6_defrt_rm
 .text.uip_ds6_defrt_lookup
                0x000000000000bc06       0x34 build/sky/obj/uip-ds6-route.o
                0x000000000000bc06                uip_ds6_defrt_lookup
 .text.uip_ds6_defrt_add
                0x000000000000bc3a       0x78 build/sky/obj/uip-ds6-route.o
                0x000000000000bc3a                uip_ds6_defrt_add
 .text.uip_ds6_defrt_choose
                0x000000000000bcb2       0x2e build/sky/obj/uip-ds6-route.o
                0x000000000000bcb2                uip_ds6_defrt_choose
 .text.uip_ds6_defrt_periodic
                0x000000000000bce0       0x2e build/sky/obj/uip-ds6-route.o
                0x000000000000bce0                uip_ds6_defrt_periodic
 .text.uip_ds6_default_prefix
                0x000000000000bd0e        0x6 build/sky/obj/uip-ds6.o
                0x000000000000bd0e                uip_ds6_default_prefix
 .text.uip_ds6_list_loop
                0x000000000000bd14       0x90 build/sky/obj/uip-ds6.o
                0x000000000000bd14                uip_ds6_list_loop
 .text.uip_ds6_prefix_add
                0x000000000000bda4       0x76 build/sky/obj/uip-ds6.o
                0x000000000000bda4                uip_ds6_prefix_add
 .text.uip_ds6_is_addr_onlink
                0x000000000000be1a       0x52 build/sky/obj/uip-ds6.o
                0x000000000000be1a                uip_ds6_is_addr_onlink
 .text.uip_ds6_addr_lookup
                0x000000000000be6c       0x2a build/sky/obj/uip-ds6.o
                0x000000000000be6c                uip_ds6_addr_lookup
 .text.uip_ds6_get_link_local
                0x000000000000be96       0x3e build/sky/obj/uip-ds6.o
                0x000000000000be96                uip_ds6_get_link_local
 .text.uip_ds6_maddr_add
                0x000000000000bed4       0x42 build/sky/obj/uip-ds6.o
                0x000000000000bed4                uip_ds6_maddr_add
 .text.uip_ds6_addr_add
                0x000000000000bf16       0xc6 build/sky/obj/uip-ds6.o
                0x000000000000bf16                uip_ds6_addr_add
 .text.uip_ds6_maddr_rm
                0x000000000000bfdc        0xa build/sky/obj/uip-ds6.o
                0x000000000000bfdc                uip_ds6_maddr_rm
 .text.uip_ds6_maddr_lookup
                0x000000000000bfe6       0x2a build/sky/obj/uip-ds6.o
                0x000000000000bfe6                uip_ds6_maddr_lookup
 .text.uip_ds6_addr_rm
                0x000000000000c010       0x54 build/sky/obj/uip-ds6.o
                0x000000000000c010                uip_ds6_addr_rm
 .text.uip_ds6_periodic
                0x000000000000c064       0x46 build/sky/obj/uip-ds6.o
                0x000000000000c064                uip_ds6_periodic
 .text.uip_ds6_set_addr_iid
                0x000000000000c0aa       0x14 build/sky/obj/uip-ds6.o
                0x000000000000c0aa                uip_ds6_set_addr_iid
 .text.uip_ds6_set_lladdr_from_iid
                0x000000000000c0be       0x14 build/sky/obj/uip-ds6.o
                0x000000000000c0be                uip_ds6_set_lladdr_from_iid
 .text.get_match_length
                0x000000000000c0d2       0x44 build/sky/obj/uip-ds6.o
                0x000000000000c0d2                get_match_length
 .text.uip_ds6_select_src
                0x000000000000c116       0xa6 build/sky/obj/uip-ds6.o
                0x000000000000c116                uip_ds6_select_src
 .text.uip_ds6_compute_reachable_time
                0x000000000000c1bc       0x3e build/sky/obj/uip-ds6.o
                0x000000000000c1bc                uip_ds6_compute_reachable_time
 .text.uip_ds6_init
                0x000000000000c1fa      0x164 build/sky/obj/uip-ds6.o
                0x000000000000c1fa                uip_ds6_init
 .text.echo_reply_input
                0x000000000000c35e       0x5e build/sky/obj/uip-icmp6.o
 .text.echo_request_input
                0x000000000000c3bc       0x86 build/sky/obj/uip-icmp6.o
 .text.uip_icmp6_input
                0x000000000000c442       0x34 build/sky/obj/uip-icmp6.o
                0x000000000000c442                uip_icmp6_input
 .text.uip_icmp6_register_input_handler
                0x000000000000c476        0xc build/sky/obj/uip-icmp6.o
                0x000000000000c476                uip_icmp6_register_input_handler
 .text.uip_icmp6_error_output
                0x000000000000c482      0x146 build/sky/obj/uip-icmp6.o
                0x000000000000c482                uip_icmp6_error_output
 .text.uip_icmp6_send
                0x000000000000c5c8       0x8e build/sky/obj/uip-icmp6.o
                0x000000000000c5c8                uip_icmp6_send
 .text.uip_icmp6_init
                0x000000000000c656       0x12 build/sky/obj/uip-icmp6.o
                0x000000000000c656                uip_icmp6_init
 .text.ns_input
                0x000000000000c668      0x2aa build/sky/obj/uip-nd6.o
 .text.uip_nd6_init
                0x000000000000c912        0xa build/sky/obj/uip-nd6.o
                0x000000000000c912                uip_nd6_init
 .text.node_matches_address.part.0
                0x000000000000c91c       0x2e build/sky/obj/uip-sr.o
 .text.uip_sr_get_node
                0x000000000000c94a       0x3a build/sky/obj/uip-sr.o
                0x000000000000c94a                uip_sr_get_node
 .text.uip_sr_is_addr_reachable
                0x000000000000c984       0x4e build/sky/obj/uip-sr.o
                0x000000000000c984                uip_sr_is_addr_reachable
 .text.uip_sr_expire_parent
                0x000000000000c9d2       0x50 build/sky/obj/uip-sr.o
                0x000000000000c9d2                uip_sr_expire_parent
 .text.uip_sr_update_node
                0x000000000000ca22       0xbc build/sky/obj/uip-sr.o
                0x000000000000ca22                uip_sr_update_node
 .text.uip_sr_init
                0x000000000000cade       0x12 build/sky/obj/uip-sr.o
                0x000000000000cade                uip_sr_init
 .text.uip_sr_periodic
                0x000000000000caf0       0x8c build/sky/obj/uip-sr.o
                0x000000000000caf0                uip_sr_periodic
 .text.uip_sr_free_all
                0x000000000000cb7c       0x30 build/sky/obj/uip-sr.o
                0x000000000000cb7c                uip_sr_free_all
 .text.uip_udp_packet_send
                0x000000000000cbac       0x2a build/sky/obj/uip-udp-packet.o
                0x000000000000cbac                uip_udp_packet_send
 .text.uip_udp_packet_sendto
                0x000000000000cbd6       0x66 build/sky/obj/uip-udp-packet.o
                0x000000000000cbd6                uip_udp_packet_sendto
 .text.chksum   0x000000000000cc3c       0x32 build/sky/obj/uip6.o
 .text.upper_layer_chksum
                0x000000000000cc6e       0x58 build/sky/obj/uip6.o
 .text.ext_hdr_options_process
                0x000000000000ccc6       0xa4 build/sky/obj/uip6.o
 .text.uip_check_mtu
                0x000000000000cd6a       0x1e build/sky/obj/uip6.o
 .text.uip_update_ttl
                0x000000000000cd88       0x24 build/sky/obj/uip6.o
 .text.uip_icmp6chksum
                0x000000000000cdac        0xa build/sky/obj/uip6.o
                0x000000000000cdac                uip_icmp6chksum
 .text.uip_udpchksum
                0x000000000000cdb6        0xa build/sky/obj/uip6.o
                0x000000000000cdb6                uip_udpchksum
 .text.uip_init
                0x000000000000cdc0       0x3c build/sky/obj/uip6.o
                0x000000000000cdc0                uip_init
 .text.uip_remove_ext_hdr
                0x000000000000cdfc       0x5e build/sky/obj/uip6.o
                0x000000000000cdfc                uip_remove_ext_hdr
 .text.uip_udp_new
                0x000000000000ce5a       0xac build/sky/obj/uip6.o
                0x000000000000ce5a                uip_udp_new
 .text.uip_process
                0x000000000000cf06      0x568 build/sky/obj/uip6.o
                0x000000000000cf06                uip_process
 .text.uip_htonl
                0x000000000000d46e       0x2e build/sky/obj/uip6.o
                0x000000000000d46e                uip_htonl
 .text.uipbuf_add_ext_hdr
                0x000000000000d49c       0x1c build/sky/obj/uipbuf.o
                0x000000000000d49c                uipbuf_add_ext_hdr
 .text.uipbuf_set_len
                0x000000000000d4b8       0x12 build/sky/obj/uipbuf.o
                0x000000000000d4b8                uipbuf_set_len
 .text.uipbuf_set_len_field
                0x000000000000d4ca        0xe build/sky/obj/uipbuf.o
                0x000000000000d4ca                uipbuf_set_len_field
 .text.uipbuf_get_len_field
                0x000000000000d4d8        0xe build/sky/obj/uipbuf.o
                0x000000000000d4d8                uipbuf_get_len_field
 .text.uipbuf_get_next_header
                0x000000000000d4e6       0x6a build/sky/obj/uipbuf.o
                0x000000000000d4e6                uipbuf_get_next_header
 .text.uipbuf_get_last_header
                0x000000000000d550       0x3e build/sky/obj/uipbuf.o
                0x000000000000d550                uipbuf_get_last_header
 .text.uipbuf_search_header
                0x000000000000d58e       0x4e build/sky/obj/uipbuf.o
                0x000000000000d58e                uipbuf_search_header
 .text.uipbuf_get_attr
                0x000000000000d5dc       0x12 build/sky/obj/uipbuf.o
                0x000000000000d5dc                uipbuf_get_attr
 .text.uipbuf_set_attr
                0x000000000000d5ee       0x14 build/sky/obj/uipbuf.o
                0x000000000000d5ee                uipbuf_set_attr
 .text.uipbuf_clear_attr
                0x000000000000d602       0x12 build/sky/obj/uipbuf.o
                0x000000000000d602                uipbuf_clear_attr
 .text.uipbuf_clear
                0x000000000000d614       0x12 build/sky/obj/uipbuf.o
                0x000000000000d614                uipbuf_clear
 .text.uipbuf_init
                0x000000000000d626       0x1a build/sky/obj/uipbuf.o
                0x000000000000d626                uipbuf_init
 .text.uiplib_ipaddr_snprint
                0x000000000000d640      0x12c build/sky/obj/uiplib.o
                0x000000000000d640                uiplib_ipaddr_snprint
 .text.watchdog_interrupt
                0x000000000000d76c        0x6 build/sky/obj/watchdog.o
                0x000000000000d76c                __isr_10
                0x000000000000d76c                watchdog_interrupt
 .text.watchdog_start
                0x000000000000d772       0x14 build/sky/obj/watchdog.o
                0x000000000000d772                watchdog_start
 .text.watchdog_periodic
                0x000000000000d786       0x12 build/sky/obj/watchdog.o
                0x000000000000d786                watchdog_periodic
 .text.watchdog_stop
                0x000000000000d798       0x16 build/sky/obj/watchdog.o
                0x000000000000d798                watchdog_stop
 .text.watchdog_init
                0x000000000000d7ae       0x12 build/sky/obj/watchdog.o
                0x000000000000d7ae                watchdog_init
 .text.xmem_init
                0x000000000000d7c0       0x3c build/sky/obj/xmem.o
                0x000000000000d7c0                xmem_init
 .text.printf   0x000000000000d7fc       0x10 /home/chandra/msp430/lib/gcc/msp430/4.7.0/../../../../msp430/lib/mmpy-16/libc.a(printf.o)
                0x000000000000d7fc                printf
 .text.append   0x000000000000d80c       0x22 /home/chandra/msp430/lib/gcc/msp430/4.7.0/../../../../msp430/lib/mmpy-16/libc.a(sprintf.o)
 .text.call_vuprintf
                0x000000000000d82e       0x3a /home/chandra/msp430/lib/gcc/msp430/4.7.0/../../../../msp430/lib/mmpy-16/libc.a(sprintf.o)
 .text.snprintf
                0x000000000000d868       0x1a /home/chandra/msp430/lib/gcc/msp430/4.7.0/../../../../msp430/lib/mmpy-16/libc.a(sprintf.o)
                0x000000000000d868                snprintf
 .text.print_field
                0x000000000000d882      0x194 /home/chandra/msp430/lib/gcc/msp430/4.7.0/../../../../msp430/lib/mmpy-16/libc.a(vuprintf.o)
 .text.vuprintf
                0x000000000000da16      0x63c /home/chandra/msp430/lib/gcc/msp430/4.7.0/../../../../msp430/lib/mmpy-16/libc.a(vuprintf.o)
                0x000000000000da16                vuprintf
 .text.puts     0x000000000000e052       0x2c /home/chandra/msp430/lib/gcc/msp430/4.7.0/../../../../msp430/lib/mmpy-16/libc.a(puts.o)
                0x000000000000e052                puts
 .text.rand     0x000000000000e07e       0x26 /home/chandra/msp430/lib/gcc/msp430/4.7.0/../../../../msp430/lib/mmpy-16/libc.a(rand.o)
                0x000000000000e07e                rand
 .text.srand    0x000000000000e0a4        0xa /home/chandra/msp430/lib/gcc/msp430/4.7.0/../../../../msp430/lib/mmpy-16/libc.a(rand.o)
                0x000000000000e0a4                srand
 .text.memcmp   0x000000000000e0ae       0x30 /home/chandra/msp430/lib/gcc/msp430/4.7.0/../../../../msp430/lib/mmpy-16/libc.a(memcmp.o)
                0x000000000000e0ae                memcmp
 .text.memcpy   0x000000000000e0de       0xfa /home/chandra/msp430/lib/gcc/msp430/4.7.0/../../../../msp430/lib/mmpy-16/libc.a(memcpy.o)
                0x000000000000e0de                memcpy
 .text.memmove  0x000000000000e1d8       0xfa /home/chandra/msp430/lib/gcc/msp430/4.7.0/../../../../msp430/lib/mmpy-16/libc.a(memmove.o)
                0x000000000000e1d8                memmove
 .text.memset   0x000000000000e2d2       0x6a /home/chandra/msp430/lib/gcc/msp430/4.7.0/../../../../msp430/lib/mmpy-16/libc.a(memset.o)
                0x000000000000e2d2                memset
 .text.crt0     0x000000000000e33c        0x2 /home/chandra/msp430/lib/gcc/msp430/4.7.0/mmpy-16/libcrt0.a(_unexpected_.o)
                0x000000000000e33c                _unexpected_
 .text.libgcc   0x000000000000e33e       0x2c /home/chandra/msp430/lib/gcc/msp430/4.7.0/mmpy-16/libgcc.a(_mulsi3.o)
                0x000000000000e33e                __mulsi3
 .text.libgcc   0x000000000000e36a       0x22 /home/chandra/msp430/lib/gcc/msp430/4.7.0/mmpy-16/libgcc.a(_udivmod16.o)
                0x000000000000e36a                __udivhi3
                0x000000000000e36a                __ext_udivmod16
                0x000000000000e384                __umodhi3
 .text.libgcc   0x000000000000e38c       0x3a /home/chandra/msp430/lib/gcc/msp430/4.7.0/mmpy-16/libgcc.a(_divmod16.o)
                0x000000000000e38c                __ext_divmod16
                0x000000000000e38c                __divhi3
                0x000000000000e3be                __modhi3
 .text.libgcc   0x000000000000e3c6       0x40 /home/chandra/msp430/lib/gcc/msp430/4.7.0/mmpy-16/libgcc.a(_udivmod32.o)
                0x000000000000e3c6                __udivsi3
                0x000000000000e3c6                __ext_udivmod32
                0x000000000000e3fc                __umodsi3
 .text.libgcc   0x000000000000e406       0x4c /home/chandra/msp430/lib/gcc/msp430/4.7.0/mmpy-16/libgcc.a(_divmod32.o)
                0x000000000000e406                __ext_divmod32
                0x000000000000e406                __divsi3
                0x000000000000e448                __modsi3
 .text.libgcc   0x000000000000e452       0xf0 /home/chandra/msp430/lib/gcc/msp430/4.7.0/mmpy-16/libgcc.a(_udivmod64.o)
                0x000000000000e452                __xabi_udivmod64
                0x000000000000e4b0                __udivdi3
                0x000000000000e4d6                __umoddi3
                0x000000000000e504                __udivmoddi4
 *(SORT(.near.text) SORT(.near.text.*))

.rodata         0x000000000000e544      0x4ff
                0x000000000000e544                . = ALIGN (0x2)
 *(SORT(.rodata) SORT(.rodata.*) SORT(.gnu.linkonce.r.*))
 .rodata.get_value
                0x000000000000e544       0x34 build/sky/obj/cc2420.o
 .rodata.set_value
                0x000000000000e578       0x10 build/sky/obj/cc2420.o
 .rodata        0x000000000000e588       0x10 build/sky/obj/button-sensor.o
                0x000000000000e590                button_sensor
 .rodata        0x000000000000e598       0x3e build/sky/obj/cc2420.o
                0x000000000000e598                cc2420_aes_128_driver
                0x000000000000e59c                cc2420_driver
 .rodata        0x000000000000e5d6       0x14 build/sky/obj/csma.o
                0x000000000000e5dc                csma_driver
 .rodata        0x000000000000e5ea        0x6 build/sky/obj/framer-802154.o
                0x000000000000e5ea                framer_802154
 .rodata        0x000000000000e5f0        0x8 build/sky/obj/linkaddr.o
                0x000000000000e5f0                linkaddr_null
 .rodata        0x000000000000e5f8       0xca build/sky/obj/log.o
 .rodata        0x000000000000e6c2       0xe0 build/sky/obj/rpl-dag.o
 .rodata        0x000000000000e7a2       0x34 build/sky/obj/rpl.o
                0x000000000000e7ac                rpl_lite_driver
 .rodata        0x000000000000e7d6       0x26 build/sky/obj/sicslowpan.o
                0x000000000000e7e2                sicslowpan_driver
                0x000000000000e7ea                llprefix
                0x000000000000e7ec                unc_mxconf
                0x000000000000e7f0                unc_ctxconf
                0x000000000000e7f4                unc_llconf
 .rodata        0x000000000000e7fc       0x66 build/sky/obj/sybil-attack.o
                0x000000000000e84c                autostart_processes
 .rodata        0x000000000000e862       0xed build/sky/obj/contiki-main.o
 .rodata        0x000000000000e94f        0xf build/sky/obj/ctimer.o
 .rodata        0x000000000000e95e        0xc build/sky/obj/etimer.o
 .rodata        0x000000000000e96a        0x2 build/sky/obj/frame802154.o
 .rodata        0x000000000000e96c       0x31 build/sky/obj/platform.o
 .rodata        0x000000000000e99d        0xc build/sky/obj/rpl-timers.o
 .rodata        0x000000000000e9a9        0x8 build/sky/obj/sensors.o
 .rodata        0x000000000000e9b1       0x13 build/sky/obj/simple-udp.o
 .rodata        0x000000000000e9c4       0x3e build/sky/obj/stack-check.o
 .rodata        0x000000000000ea02        0xd build/sky/obj/tcpip.o
 .rodata        0x000000000000ea0f       0x2d build/sky/obj/uiplib.o
 .rodata.vuprintf
                0x000000000000ea3c        0x7 /home/chandra/msp430/lib/gcc/msp430/4.7.0/../../../../msp430/lib/mmpy-16/libc.a(vuprintf.o)
 *(SORT(.near.rodata) SORT(.near.rodata.*))
                0x000000000000ea44                . = ALIGN (0x2)
                0x000000000000ea44                _etext = .

.data           0x0000000000001100      0x152 load address 0x000000000000ea44
                0x0000000000001100                . = ALIGN (0x2)
                0x0000000000001100                __data_start = .
 *(SORT(.data) SORT(.data.*) SORT(.gnu.linkonce.d.*))
 .data          0x0000000000001100        0xc build/sky/obj/cc2420.o
                0x0000000000001100                cc2420_process
 .data          0x000000000000110c       0x18 build/sky/obj/csma-output.o
 .data          0x0000000000001124        0xa build/sky/obj/ctimer.o
                0x0000000000001124                ctimer_process
 .data          0x000000000000112e        0xa build/sky/obj/etimer.o
                0x000000000000112e                etimer_process
 .data          0x0000000000001138        0x2 build/sky/obj/frame802154.o
 .data          0x000000000000113a        0x8 build/sky/obj/link-stats.o
 .data          0x0000000000001142       0x5c build/sky/obj/log.o
                0x0000000000001142                all_modules
                0x000000000000119c                curr_log_level_main
 .data          0x000000000000119e        0x2 build/sky/obj/msp430.o
 .data          0x00000000000011a0        0x8 build/sky/obj/nbr-table.o
 .data          0x00000000000011a8        0x4 build/sky/obj/platform.o
                0x00000000000011a8                sensors
 .data          0x00000000000011ac       0x10 build/sky/obj/queuebuf.o
 .data          0x00000000000011bc       0x18 build/sky/obj/rpl-icmp6.o
 .data          0x00000000000011d4       0x12 build/sky/obj/rpl-mrhof.o
                0x00000000000011d4                rpl_mrhof
 .data          0x00000000000011e6        0xa build/sky/obj/rpl-neighbor.o
                0x00000000000011e6                rpl_neighbors
 .data          0x00000000000011f0        0xa build/sky/obj/sensors.o
                0x00000000000011f0                sensors_process
 .data          0x00000000000011fa        0xa build/sky/obj/simple-udp.o
                0x00000000000011fa                simple_udp_process
 .data          0x0000000000001204        0xa build/sky/obj/stack-check.o
                0x0000000000001204                stack_check_process
 .data          0x000000000000120e        0xc build/sky/obj/sybil-attack.o
                0x000000000000120e                sybil_attack_process
 .data          0x000000000000121a        0xa build/sky/obj/tcpip.o
                0x000000000000121a                tcpip_process
 .data          0x0000000000001224        0x8 build/sky/obj/uip-ds6-nbr.o
 .data          0x000000000000122c        0x8 build/sky/obj/uip-ds6-route.o
 .data          0x0000000000001234        0xc build/sky/obj/uip-icmp6.o
 .data          0x0000000000001240        0x6 build/sky/obj/uip-nd6.o
 .data          0x0000000000001246        0x8 build/sky/obj/uip-sr.o
 .data.next     0x000000000000124e        0x4 /home/chandra/msp430/lib/gcc/msp430/4.7.0/../../../../msp430/lib/mmpy-16/libc.a(rand.o)
 *(SORT(.near.data) SORT(.near.data.*))
                0x0000000000001252                . = ALIGN (0x2)
                0x0000000000001252                _edata = .
                0x000000000000ea44                __data_load_start = LOADADDR (.data)
                0x0000000000000152                __data_size = SIZEOF (.data)

.bss            0x0000000000001252     0x1b44 load address 0x000000000000eb96
                0x0000000000001252                __bss_start = .
 *(SORT(.bss) SORT(.bss.*))
 .bss           0x0000000000001252        0x8 build/sky/obj/button-sensor.o
 .bss           0x000000000000125a       0x10 build/sky/obj/cc2420.o
 .bss           0x000000000000126a        0xa build/sky/obj/clock.o
 .bss           0x0000000000001274       0xbc build/sky/obj/csma-output.o
 .bss           0x0000000000001330        0x4 build/sky/obj/ctimer.o
 .bss           0x0000000000001334        0x6 build/sky/obj/etimer.o
 .bss           0x000000000000133a       0xa0 build/sky/obj/link-stats.o
 .bss           0x00000000000013da       0x1a build/sky/obj/log.o
                0x00000000000013da                curr_log_level_sys
                0x00000000000013dc                curr_log_level_lwm2m
                0x00000000000013de                curr_log_level_snmp
                0x00000000000013e0                curr_log_level_dtls
                0x00000000000013e2                curr_log_level_coap
                0x00000000000013e4                curr_log_level_6top
                0x00000000000013e6                curr_log_level_framer
                0x00000000000013e8                curr_log_level_mac
                0x00000000000013ea                curr_log_level_nullnet
                0x00000000000013ec                curr_log_level_6lowpan
                0x00000000000013ee                curr_log_level_ipv6
                0x00000000000013f0                curr_log_level_tcpip
                0x00000000000013f2                curr_log_level_rpl
 .bss           0x00000000000013f4       0xe2 build/sky/obj/mac-sequence.o
 .bss           0x00000000000014d6       0xe4 build/sky/obj/nbr-table.o